Component: ARM Compiler 6.16 Tool: armlink [5dfeaa00]

==============================================================================

Section Cross References

    main.o(.text.list_init) refers to main.o(.data.offset) for offset
    main.o(.text.list_init) refers to main.o(.bss.list) for list
    main.o(.ARM.exidx.text.list_init) refers to main.o(.text.list_init) for [Anonymous Symbol]
    main.o(.text.list_find) refers to main.o(.bss.list) for list
    main.o(.ARM.exidx.text.list_find) refers to main.o(.text.list_find) for [Anonymous Symbol]
    main.o(.text.main) refers to main.o(.data.offset) for offset
    main.o(.text.main) refers to main.o(.bss.list) for list
    main.o(.ARM.exidx.text.main) refers to main.o(.text.main) for [Anonymous Symbol]
    startup_stm32l552xx.o(STACK) refers (Special) to heapauxi.o(.text) for __use_two_region_memory
    startup_stm32l552xx.o(HEAP) refers (Special) to heapauxi.o(.text) for __use_two_region_memory
    startup_stm32l552xx.o(RESET) refers (Special) to heapauxi.o(.text) for __use_two_region_memory
    startup_stm32l552xx.o(RESET) refers to startup_stm32l552xx.o(STACK) for __initial_sp
    startup_stm32l552xx.o(RESET) refers to startup_stm32l552xx.o(.text) for Reset_Handler
    startup_stm32l552xx.o(.text) refers (Special) to heapauxi.o(.text) for __use_two_region_memory
    startup_stm32l552xx.o(.text) refers to system_stm32l5xx.o(.text.SystemInit) for SystemInit
    startup_stm32l552xx.o(.text) refers to __main.o(!!!main) for __main
    startup_stm32l552xx.o(.text) refers to startup_stm32l552xx.o(HEAP) for Heap_Mem
    startup_stm32l552xx.o(.text) refers to startup_stm32l552xx.o(STACK) for Stack_Mem
    system_stm32l5xx.o(.ARM.exidx.text.SystemInit) refers to system_stm32l5xx.o(.text.SystemInit) for [Anonymous Symbol]
    system_stm32l5xx.o(.text.SystemCoreClockUpdate) refers to system_stm32l5xx.o(.rodata.MSIRangeTable) for MSIRangeTable
    system_stm32l5xx.o(.text.SystemCoreClockUpdate) refers to system_stm32l5xx.o(.data.SystemCoreClock) for SystemCoreClock
    system_stm32l5xx.o(.text.SystemCoreClockUpdate) refers to system_stm32l5xx.o(.rodata.AHBPrescTable) for AHBPrescTable
    system_stm32l5xx.o(.ARM.exidx.text.SystemCoreClockUpdate) refers to system_stm32l5xx.o(.text.SystemCoreClockUpdate) for [Anonymous Symbol]
    stm32l5xx_hal.o(.text.HAL_Init) refers to stm32l5xx_hal_cortex.o(.text.HAL_NVIC_SetPriorityGrouping) for HAL_NVIC_SetPriorityGrouping
    stm32l5xx_hal.o(.text.HAL_Init) refers to system_stm32l5xx.o(.text.SystemCoreClockUpdate) for SystemCoreClockUpdate
    stm32l5xx_hal.o(.text.HAL_Init) refers to stm32l5xx_hal.o(.text.HAL_InitTick) for HAL_InitTick
    stm32l5xx_hal.o(.text.HAL_Init) refers to stm32l5xx_hal.o(.text.HAL_MspInit) for HAL_MspInit
    stm32l5xx_hal.o(.ARM.exidx.text.HAL_Init) refers to stm32l5xx_hal.o(.text.HAL_Init) for [Anonymous Symbol]
    stm32l5xx_hal.o(.text.HAL_InitTick) refers to stm32l5xx_hal.o(.data..L_MergedGlobals) for .L_MergedGlobals
    stm32l5xx_hal.o(.text.HAL_InitTick) refers to system_stm32l5xx.o(.data.SystemCoreClock) for SystemCoreClock
    stm32l5xx_hal.o(.text.HAL_InitTick) refers to stm32l5xx_hal_cortex.o(.text.HAL_SYSTICK_Config) for HAL_SYSTICK_Config
    stm32l5xx_hal.o(.text.HAL_InitTick) refers to stm32l5xx_hal_cortex.o(.text.HAL_NVIC_SetPriority) for HAL_NVIC_SetPriority
    stm32l5xx_hal.o(.ARM.exidx.text.HAL_InitTick) refers to stm32l5xx_hal.o(.text.HAL_InitTick) for [Anonymous Symbol]
    stm32l5xx_hal.o(.ARM.exidx.text.HAL_MspInit) refers to stm32l5xx_hal.o(.text.HAL_MspInit) for [Anonymous Symbol]
    stm32l5xx_hal.o(.text.HAL_DeInit) refers to stm32l5xx_hal.o(.text.HAL_MspDeInit) for HAL_MspDeInit
    stm32l5xx_hal.o(.ARM.exidx.text.HAL_DeInit) refers to stm32l5xx_hal.o(.text.HAL_DeInit) for [Anonymous Symbol]
    stm32l5xx_hal.o(.ARM.exidx.text.HAL_MspDeInit) refers to stm32l5xx_hal.o(.text.HAL_MspDeInit) for [Anonymous Symbol]
    stm32l5xx_hal.o(.text.HAL_IncTick) refers to stm32l5xx_hal.o(.data..L_MergedGlobals) for .L_MergedGlobals
    stm32l5xx_hal.o(.text.HAL_IncTick) refers to stm32l5xx_hal.o(.bss.uwTick) for uwTick
    stm32l5xx_hal.o(.ARM.exidx.text.HAL_IncTick) refers to stm32l5xx_hal.o(.text.HAL_IncTick) for [Anonymous Symbol]
    stm32l5xx_hal.o(.text.HAL_GetTick) refers to stm32l5xx_hal.o(.bss.uwTick) for uwTick
    stm32l5xx_hal.o(.ARM.exidx.text.HAL_GetTick) refers to stm32l5xx_hal.o(.text.HAL_GetTick) for [Anonymous Symbol]
    stm32l5xx_hal.o(.text.HAL_GetTickPrio) refers to stm32l5xx_hal.o(.data..L_MergedGlobals) for .L_MergedGlobals
    stm32l5xx_hal.o(.ARM.exidx.text.HAL_GetTickPrio) refers to stm32l5xx_hal.o(.text.HAL_GetTickPrio) for [Anonymous Symbol]
    stm32l5xx_hal.o(.text.HAL_SetTickFreq) refers to stm32l5xx_hal.o(.data..L_MergedGlobals) for .L_MergedGlobals
    stm32l5xx_hal.o(.text.HAL_SetTickFreq) refers to stm32l5xx_hal.o(.text.HAL_InitTick) for HAL_InitTick
[...]
    Removing stm32l5xx_hal_tim.o(.text.HAL_TIM_PWM_Stop_IT), (278 bytes).
    Removing stm32l5xx_hal_tim.o(.ARM.exidx.text.HAL_TIM_PWM_Stop_IT), (8 bytes).
    Removing stm32l5xx_hal_tim.o(.text.HAL_TIM_PWM_Start_DMA), (864 bytes).
    Removing stm32l5xx_hal_tim.o(.ARM.exidx.text.HAL_TIM_PWM_Start_DMA), (8 bytes).
    Removing stm32l5xx_hal_tim.o(.text.HAL_TIM_PWM_Stop_DMA), (298 bytes).
    Removing stm32l5xx_hal_tim.o(.ARM.exidx.text.HAL_TIM_PWM_Stop_DMA), (8 bytes).
    Removing stm32l5xx_hal_tim.o(.text.HAL_TIM_IC_Init), (98 bytes).
    Removing stm32l5xx_hal_tim.o(.ARM.exidx.text.HAL_TIM_IC_Init), (8 bytes).
    Removing stm32l5xx_hal_tim.o(.text.HAL_TIM_IC_MspInit), (2 bytes).
    Removing stm32l5xx_hal_tim.o(.ARM.exidx.text.HAL_TIM_IC_MspInit), (8 bytes).
    Removing stm32l5xx_hal_tim.o(.text.HAL_TIM_IC_DeInit), (104 bytes).
    Removing stm32l5xx_hal_tim.o(.ARM.exidx.text.HAL_TIM_IC_DeInit), (8 bytes).
    Removing stm32l5xx_hal_tim.o(.text.HAL_TIM_IC_MspDeInit), (2 bytes).
    Removing stm32l5xx_hal_tim.o(.ARM.exidx.text.HAL_TIM_IC_MspDeInit), (8 bytes).
    Removing stm32l5xx_hal_tim.o(.text.HAL_TIM_IC_Start), (454 bytes).
    Removing stm32l5xx_hal_tim.o(.ARM.exidx.text.HAL_TIM_IC_Start), (8 bytes).
    Removing stm32l5xx_hal_tim.o(.text.HAL_TIM_IC_Stop), (184 bytes).
    Removing stm32l5xx_hal_tim.o(.ARM.exidx.text.HAL_TIM_IC_Stop), (8 bytes).
    Removing stm32l5xx_hal_tim.o(.text.HAL_TIM_IC_Start_IT), (538 bytes).
    Removing stm32l5xx_hal_tim.o(.ARM.exidx.text.HAL_TIM_IC_Start_IT), (8 bytes).
    Removing stm32l5xx_hal_tim.o(.text.HAL_TIM_IC_Stop_IT), (252 bytes).
    Removing stm32l5xx_hal_tim.o(.ARM.exidx.text.HAL_TIM_IC_Stop_IT), (8 bytes).
    Removing stm32l5xx_hal_tim.o(.text.HAL_TIM_IC_Start_DMA), (674 bytes).
    Removing stm32l5xx_hal_tim.o(.ARM.exidx.text.HAL_TIM_IC_Start_DMA), (8 bytes).
    Removing stm32l5xx_hal_tim.o(.text.TIM_DMACaptureCplt), (118 bytes).
    Removing stm32l5xx_hal_tim.o(.ARM.exidx.text.TIM_DMACaptureCplt), (8 bytes).
    Removing stm32l5xx_hal_tim.o(.text.TIM_DMACaptureHalfCplt), (56 bytes).
    Removing stm32l5xx_hal_tim.o(.ARM.exidx.text.TIM_DMACaptureHalfCplt), (8 bytes).
    Removing stm32l5xx_hal_tim.o(.text.HAL_TIM_IC_Stop_DMA), (280 bytes).
    Removing stm32l5xx_hal_tim.o(.ARM.exidx.text.HAL_TIM_IC_Stop_DMA), (8 bytes).
    Removing stm32l5xx_hal_tim.o(.text.HAL_TIM_OnePulse_Init), (92 bytes).
    Removing stm32l5xx_hal_tim.o(.ARM.exidx.text.HAL_TIM_OnePulse_Init), (8 bytes).
    Removing stm32l5xx_hal_tim.o(.text.HAL_TIM_OnePulse_MspInit), (2 bytes).
    Removing stm32l5xx_hal_tim.o(.ARM.exidx.text.HAL_TIM_OnePulse_MspInit), (8 bytes).
    Removing stm32l5xx_hal_tim.o(.text.HAL_TIM_OnePulse_DeInit), (80 bytes).
    Removing stm32l5xx_hal_tim.o(.ARM.exidx.text.HAL_TIM_OnePulse_DeInit), (8 bytes).
    Removing stm32l5xx_hal_tim.o(.text.HAL_TIM_OnePulse_MspDeInit), (2 bytes).
    Removing stm32l5xx_hal_tim.o(.ARM.exidx.text.HAL_TIM_OnePulse_MspDeInit), (8 bytes).
    Removing stm32l5xx_hal_tim.o(.text.HAL_TIM_OnePulse_Start), (150 bytes).
    Removing stm32l5xx_hal_tim.o(.ARM.exidx.text.HAL_TIM_OnePulse_Start), (8 bytes).
    Removing stm32l5xx_hal_tim.o(.text.HAL_TIM_OnePulse_Stop), (150 bytes).
    Removing stm32l5xx_hal_tim.o(.ARM.exidx.text.HAL_TIM_OnePulse_Stop), (8 bytes).
    Removing stm32l5xx_hal_tim.o(.text.HAL_TIM_OnePulse_Start_IT), (166 bytes).
    Removing stm32l5xx_hal_tim.o(.ARM.exidx.text.HAL_TIM_OnePulse_Start_IT), (8 bytes).
    Removing stm32l5xx_hal_tim.o(.text.HAL_TIM_OnePulse_Stop_IT), (166 bytes).
    Removing stm32l5xx_hal_tim.o(.ARM.exidx.text.HAL_TIM_OnePulse_Stop_IT), (8 bytes).
    Removing stm32l5xx_hal_tim.o(.text.HAL_TIM_Encoder_Init), (180 bytes).
    Removing stm32l5xx_hal_tim.o(.ARM.exidx.text.HAL_TIM_Encoder_Init), (8 bytes).
    Removing stm32l5xx_hal_tim.o(.text.HAL_TIM_Encoder_MspInit), (2 bytes).
    Removing stm32l5xx_hal_tim.o(.ARM.exidx.text.HAL_TIM_Encoder_MspInit), (8 bytes).
    Removing stm32l5xx_hal_tim.o(.text.HAL_TIM_Encoder_DeInit), (80 bytes).
    Removing stm32l5xx_hal_tim.o(.ARM.exidx.text.HAL_TIM_Encoder_DeInit), (8 bytes).
    Removing stm32l5xx_hal_tim.o(.text.HAL_TIM_Encoder_MspDeInit), (2 bytes).
    Removing stm32l5xx_hal_tim.o(.ARM.exidx.text.HAL_TIM_Encoder_MspDeInit), (8 bytes).
    Removing stm32l5xx_hal_tim.o(.text.HAL_TIM_Encoder_Start), (188 bytes).
    Removing stm32l5xx_hal_tim.o(.ARM.exidx.text.HAL_TIM_Encoder_Start), (8 bytes).
    Removing stm32l5xx_hal_tim.o(.text.HAL_TIM_Encoder_Stop), (174 bytes).
    Removing stm32l5xx_hal_tim.o(.ARM.exidx.text.HAL_TIM_Encoder_Stop), (8 bytes).
    Removing stm32l5xx_hal_tim.o(.text.HAL_TIM_Encoder_Start_IT), (230 bytes).
    Removing stm32l5xx_hal_tim.o(.ARM.exidx.text.HAL_TIM_Encoder_Start_IT), (8 bytes).
    Removing stm32l5xx_hal_tim.o(.text.HAL_TIM_Encoder_Stop_IT), (210 bytes).
    Removing stm32l5xx_hal_tim.o(.ARM.exidx.text.HAL_TIM_Encoder_Stop_IT), (8 bytes).
    Removing stm32l5xx_hal_tim.o(.text.HAL_TIM_Encoder_Start_DMA), (572 bytes).
    Removing stm32l5xx_hal_tim.o(.ARM.exidx.text.HAL_TIM_Encoder_Start_DMA), (8 bytes).
    Removing stm32l5xx_hal_tim.o(.text.HAL_TIM_Encoder_Stop_DMA), (232 bytes).
    Removing stm32l5xx_hal_tim.o(.ARM.exidx.text.HAL_TIM_Encoder_Stop_DMA), (8 bytes).
    Removing stm32l5xx_hal_tim.o(.text.HAL_TIM_IRQHandler), (396 bytes).
    Removing stm32l5xx_hal_tim.o(.ARM.exidx.text.HAL_TIM_IRQHandler), (8 bytes).
    Removing stm32l5xx_hal_tim.o(.text.HAL_TIM_IC_CaptureCallback), (2 bytes).
    Removing stm32l5xx_hal_tim.o(.ARM.exidx.text.HAL_TIM_IC_CaptureCallback), (8 bytes).
    Removing stm32l5xx_hal_tim.o(.text.HAL_TIM_OC_DelayElapsedCallback), (2 bytes).
    Removing stm32l5xx_hal_tim.o(.ARM.exidx.text.HAL_TIM_OC_DelayElapsedCallback), (8 bytes).
    Removing stm32l5xx_hal_tim.o(.text.HAL_TIM_PWM_PulseFinishedCallback), (2 bytes).
    Removing stm32l5xx_hal_tim.o(.ARM.exidx.text.HAL_TIM_PWM_PulseFinishedCallback), (8 bytes).
    Removing stm32l5xx_hal_tim.o(.text.HAL_TIM_PeriodElapsedCallback), (2 bytes).
    Removing stm32l5xx_hal_tim.o(.ARM.exidx.text.HAL_TIM_PeriodElapsedCallback), (8 bytes).
    Removing stm32l5xx_hal_tim.o(.text.HAL_TIM_TriggerCallback), (2 bytes).
    Removing stm32l5xx_hal_tim.o(.ARM.exidx.text.HAL_TIM_TriggerCallback), (8 bytes).
    Removing stm32l5xx_hal_tim.o(.text.HAL_TIM_OC_ConfigChannel), (772 bytes).
    Removing stm32l5xx_hal_tim.o(.ARM.exidx.text.HAL_TIM_OC_ConfigChannel), (8 bytes).
    Removing stm32l5xx_hal_tim.o(.text.TIM_OC2_SetConfig), (144 bytes).
    Removing stm32l5xx_hal_tim.o(.ARM.exidx.text.TIM_OC2_SetConfig), (8 bytes).
    Removing stm32l5xx_hal_tim.o(.text.HAL_TIM_IC_ConfigChannel), (410 bytes).
    Removing stm32l5xx_hal_tim.o(.ARM.exidx.text.HAL_TIM_IC_ConfigChannel), (8 bytes).
    Removing stm32l5xx_hal_tim.o(.text.TIM_TI1_SetConfig), (154 bytes).
    Removing stm32l5xx_hal_tim.o(.ARM.exidx.text.TIM_TI1_SetConfig), (8 bytes).
    Removing stm32l5xx_hal_tim.o(.text.HAL_TIM_PWM_ConfigChannel), (904 bytes).
    Removing stm32l5xx_hal_tim.o(.ARM.exidx.text.HAL_TIM_PWM_ConfigChannel), (8 bytes).
    Removing stm32l5xx_hal_tim.o(.text.HAL_TIM_OnePulse_ConfigChannel), (606 bytes).
    Removing stm32l5xx_hal_tim.o(.ARM.exidx.text.HAL_TIM_OnePulse_ConfigChannel), (8 bytes).
    Removing stm32l5xx_hal_tim.o(.text.HAL_TIM_DMABurst_WriteStart), (28 bytes).
    Removing stm32l5xx_hal_tim.o(.ARM.exidx.text.HAL_TIM_DMABurst_WriteStart), (8 bytes).
    Removing stm32l5xx_hal_tim.o(.text.HAL_TIM_DMABurst_MultiWriteStart), (550 bytes).
    Removing stm32l5xx_hal_tim.o(.ARM.exidx.text.HAL_TIM_DMABurst_MultiWriteStart), (8 bytes).
    Removing stm32l5xx_hal_tim.o(.text.TIM_DMATriggerCplt), (20 bytes).
    Removing stm32l5xx_hal_tim.o(.ARM.exidx.text.TIM_DMATriggerCplt), (8 bytes).
    Removing stm32l5xx_hal_tim.o(.text.TIM_DMATriggerHalfCplt), (6 bytes).
    Removing stm32l5xx_hal_tim.o(.ARM.exidx.text.TIM_DMATriggerHalfCplt), (8 bytes).
    Removing stm32l5xx_hal_tim.o(.text.HAL_TIM_DMABurst_WriteStop), (128 bytes).
    Removing stm32l5xx_hal_tim.o(.ARM.exidx.text.HAL_TIM_DMABurst_WriteStop), (8 bytes).
    Removing stm32l5xx_hal_tim.o(.text.HAL_TIM_DMABurst_ReadStart), (28 bytes).
    Removing stm32l5xx_hal_tim.o(.ARM.exidx.text.HAL_TIM_DMABurst_ReadStart), (8 bytes).
    Removing stm32l5xx_hal_tim.o(.text.HAL_TIM_DMABurst_MultiReadStart), (540 bytes).
    Removing stm32l5xx_hal_tim.o(.ARM.exidx.text.HAL_TIM_DMABurst_MultiReadStart), (8 bytes).
    Removing stm32l5xx_hal_tim.o(.text.HAL_TIM_DMABurst_ReadStop), (128 bytes).
    Removing stm32l5xx_hal_tim.o(.ARM.exidx.text.HAL_TIM_DMABurst_ReadStop), (8 bytes).
    Removing stm32l5xx_hal_tim.o(.text.HAL_TIM_GenerateEvent), (36 bytes).
    Removing stm32l5xx_hal_tim.o(.ARM.exidx.text.HAL_TIM_GenerateEvent), (8 bytes).
    Removing stm32l5xx_hal_tim.o(.text.HAL_TIM_ConfigOCrefClear), (262 bytes).
    Removing stm32l5xx_hal_tim.o(.ARM.exidx.text.HAL_TIM_ConfigOCrefClear), (8 bytes).
    Removing stm32l5xx_hal_tim.o(.text.TIM_ETR_SetConfig), (20 bytes).
    Removing stm32l5xx_hal_tim.o(.ARM.exidx.text.TIM_ETR_SetConfig), (8 bytes).
    Removing stm32l5xx_hal_tim.o(.text.HAL_TIM_ConfigClockSource), (422 bytes).
    Removing stm32l5xx_hal_tim.o(.ARM.exidx.text.HAL_TIM_ConfigClockSource), (8 bytes).
    Removing stm32l5xx_hal_tim.o(.text.HAL_TIM_ConfigTI1Input), (16 bytes).
    Removing stm32l5xx_hal_tim.o(.ARM.exidx.text.HAL_TIM_ConfigTI1Input), (8 bytes).
    Removing stm32l5xx_hal_tim.o(.text.HAL_TIM_SlaveConfigSynchro), (88 bytes).
    Removing stm32l5xx_hal_tim.o(.ARM.exidx.text.HAL_TIM_SlaveConfigSynchro), (8 bytes).
    Removing stm32l5xx_hal_tim.o(.text.TIM_SlaveTimer_SetConfig), (218 bytes).
    Removing stm32l5xx_hal_tim.o(.ARM.exidx.text.TIM_SlaveTimer_SetConfig), (8 bytes).
    Removing stm32l5xx_hal_tim.o(.text.HAL_TIM_SlaveConfigSynchro_IT), (88 bytes).
    Removing stm32l5xx_hal_tim.o(.ARM.exidx.text.HAL_TIM_SlaveConfigSynchro_IT), (8 bytes).
    Removing stm32l5xx_hal_tim.o(.text.HAL_TIM_ReadCapturedValue), (52 bytes).
    Removing stm32l5xx_hal_tim.o(.ARM.exidx.text.HAL_TIM_ReadCapturedValue), (8 bytes).
    Removing stm32l5xx_hal_tim.o(.text.HAL_TIM_PeriodElapsedHalfCpltCallback), (2 bytes).
    Removing stm32l5xx_hal_tim.o(.ARM.exidx.text.HAL_TIM_PeriodElapsedHalfCpltCallback), (8 bytes).
    Removing stm32l5xx_hal_tim.o(.text.HAL_TIM_IC_CaptureHalfCpltCallback), (2 bytes).
    Removing stm32l5xx_hal_tim.o(.ARM.exidx.text.HAL_TIM_IC_CaptureHalfCpltCallback), (8 bytes).
    Removing stm32l5xx_hal_tim.o(.text.HAL_TIM_PWM_PulseFinishedHalfCpltCallback), (2 bytes).
    Removing stm32l5xx_hal_tim.o(.ARM.exidx.text.HAL_TIM_PWM_PulseFinishedHalfCpltCallback), (8 bytes).
    Removing stm32l5xx_hal_tim.o(.text.HAL_TIM_TriggerHalfCpltCallback), (2 bytes).
    Removing stm32l5xx_hal_tim.o(.ARM.exidx.text.HAL_TIM_TriggerHalfCpltCallback), (8 bytes).
    Removing stm32l5xx_hal_tim.o(.text.HAL_TIM_ErrorCallback), (2 bytes).
    Removing stm32l5xx_hal_tim.o(.ARM.exidx.text.HAL_TIM_ErrorCallback), (8 bytes).
    Removing stm32l5xx_hal_tim.o(.text.HAL_TIM_Base_GetState), (6 bytes).
    Removing stm32l5xx_hal_tim.o(.ARM.exidx.text.HAL_TIM_Base_GetState), (8 bytes).
    Removing stm32l5xx_hal_tim.o(.text.HAL_TIM_OC_GetState), (6 bytes).
    Removing stm32l5xx_hal_tim.o(.ARM.exidx.text.HAL_TIM_OC_GetState), (8 bytes).
    Removing stm32l5xx_hal_tim.o(.text.HAL_TIM_PWM_GetState), (6 bytes).
    Removing stm32l5xx_hal_tim.o(.ARM.exidx.text.HAL_TIM_PWM_GetState), (8 bytes).
    Removing stm32l5xx_hal_tim.o(.text.HAL_TIM_IC_GetState), (6 bytes).
    Removing stm32l5xx_hal_tim.o(.ARM.exidx.text.HAL_TIM_IC_GetState), (8 bytes).
    Removing stm32l5xx_hal_tim.o(.text.HAL_TIM_OnePulse_GetState), (6 bytes).
    Removing stm32l5xx_hal_tim.o(.ARM.exidx.text.HAL_TIM_OnePulse_GetState), (8 bytes).
    Removing stm32l5xx_hal_tim.o(.text.HAL_TIM_Encoder_GetState), (6 bytes).
    Removing stm32l5xx_hal_tim.o(.ARM.exidx.text.HAL_TIM_Encoder_GetState), (8 bytes).
    Removing stm32l5xx_hal_tim.o(.text.HAL_TIM_GetActiveChannel), (4 bytes).
    Removing stm32l5xx_hal_tim.o(.ARM.exidx.text.HAL_TIM_GetActiveChannel), (8 bytes).
    Removing stm32l5xx_hal_tim.o(.text.HAL_TIM_GetChannelState), (66 bytes).
    Removing stm32l5xx_hal_tim.o(.ARM.exidx.text.HAL_TIM_GetChannelState), (8 bytes).
    Removing stm32l5xx_hal_tim.o(.text.HAL_TIM_DMABurstState), (6 bytes).
    Removing stm32l5xx_hal_tim.o(.ARM.exidx.text.HAL_TIM_DMABurstState), (8 bytes).
    Removing stm32l5xx_hal_tim_ex.o(.text), (0 bytes).
    Removing stm32l5xx_hal_tim_ex.o(.text.HAL_TIMEx_HallSensor_Init), (212 bytes).
    Removing stm32l5xx_hal_tim_ex.o(.ARM.exidx.text.HAL_TIMEx_HallSensor_Init), (8 bytes).
    Removing stm32l5xx_hal_tim_ex.o(.text.HAL_TIMEx_HallSensor_MspInit), (2 bytes).
    Removing stm32l5xx_hal_tim_ex.o(.ARM.exidx.text.HAL_TIMEx_HallSensor_MspInit), (8 bytes).
    Removing stm32l5xx_hal_tim_ex.o(.text.HAL_TIMEx_HallSensor_DeInit), (80 bytes).
    Removing stm32l5xx_hal_tim_ex.o(.ARM.exidx.text.HAL_TIMEx_HallSensor_DeInit), (8 bytes).
    Removing stm32l5xx_hal_tim_ex.o(.text.HAL_TIMEx_HallSensor_MspDeInit), (2 bytes).
    Removing stm32l5xx_hal_tim_ex.o(.ARM.exidx.text.HAL_TIMEx_HallSensor_MspDeInit), (8 bytes).
    Removing stm32l5xx_hal_tim_ex.o(.text.HAL_TIMEx_HallSensor_Start), (204 bytes).
    Removing stm32l5xx_hal_tim_ex.o(.ARM.exidx.text.HAL_TIMEx_HallSensor_Start), (8 bytes).
    Removing stm32l5xx_hal_tim_ex.o(.text.HAL_TIMEx_HallSensor_Stop), (66 bytes).
    Removing stm32l5xx_hal_tim_ex.o(.ARM.exidx.text.HAL_TIMEx_HallSensor_Stop), (8 bytes).
    Removing stm32l5xx_hal_tim_ex.o(.text.HAL_TIMEx_HallSensor_Start_IT), (212 bytes).
    Removing stm32l5xx_hal_tim_ex.o(.ARM.exidx.text.HAL_TIMEx_HallSensor_Start_IT), (8 bytes).
    Removing stm32l5xx_hal_tim_ex.o(.text.HAL_TIMEx_HallSensor_Stop_IT), (74 bytes).
    Removing stm32l5xx_hal_tim_ex.o(.ARM.exidx.text.HAL_TIMEx_HallSensor_Stop_IT), (8 bytes).
    Removing stm32l5xx_hal_tim_ex.o(.text.HAL_TIMEx_HallSensor_Start_DMA), (286 bytes).
    Removing stm32l5xx_hal_tim_ex.o(.ARM.exidx.text.HAL_TIMEx_HallSensor_Start_DMA), (8 bytes).
    Removing stm32l5xx_hal_tim_ex.o(.text.HAL_TIMEx_HallSensor_Stop_DMA), (74 bytes).
    Removing stm32l5xx_hal_tim_ex.o(.ARM.exidx.text.HAL_TIMEx_HallSensor_Stop_DMA), (8 bytes).
    Removing stm32l5xx_hal_tim_ex.o(.text.HAL_TIMEx_OCN_Start), (260 bytes).
    Removing stm32l5xx_hal_tim_ex.o(.ARM.exidx.text.HAL_TIMEx_OCN_Start), (8 bytes).
    Removing stm32l5xx_hal_tim_ex.o(.text.HAL_TIMEx_OCN_Stop), (146 bytes).
    Removing stm32l5xx_hal_tim_ex.o(.ARM.exidx.text.HAL_TIMEx_OCN_Stop), (8 bytes).
    Removing stm32l5xx_hal_tim_ex.o(.text.HAL_TIMEx_OCN_Start_IT), (300 bytes).
    Removing stm32l5xx_hal_tim_ex.o(.ARM.exidx.text.HAL_TIMEx_OCN_Start_IT), (8 bytes).
    Removing stm32l5xx_hal_tim_ex.o(.text.HAL_TIMEx_OCN_Stop_IT), (222 bytes).
    Removing stm32l5xx_hal_tim_ex.o(.ARM.exidx.text.HAL_TIMEx_OCN_Stop_IT), (8 bytes).
    Removing stm32l5xx_hal_tim_ex.o(.text.HAL_TIMEx_OCN_Start_DMA), (528 bytes).
    Removing stm32l5xx_hal_tim_ex.o(.ARM.exidx.text.HAL_TIMEx_OCN_Start_DMA), (8 bytes).
    Removing stm32l5xx_hal_tim_ex.o(.text.TIM_DMADelayPulseNCplt), (106 bytes).
    Removing stm32l5xx_hal_tim_ex.o(.ARM.exidx.text.TIM_DMADelayPulseNCplt), (8 bytes).
    Removing stm32l5xx_hal_tim_ex.o(.text.TIM_DMAErrorCCxN), (70 bytes).
    Removing stm32l5xx_hal_tim_ex.o(.ARM.exidx.text.TIM_DMAErrorCCxN), (8 bytes).
    Removing stm32l5xx_hal_tim_ex.o(.text.HAL_TIMEx_OCN_Stop_DMA), (196 bytes).
    Removing stm32l5xx_hal_tim_ex.o(.ARM.exidx.text.HAL_TIMEx_OCN_Stop_DMA), (8 bytes).
    Removing stm32l5xx_hal_tim_ex.o(.text.HAL_TIMEx_PWMN_Start), (260 bytes).
    Removing stm32l5xx_hal_tim_ex.o(.ARM.exidx.text.HAL_TIMEx_PWMN_Start), (8 bytes).
    Removing stm32l5xx_hal_tim_ex.o(.text.HAL_TIMEx_PWMN_Stop), (146 bytes).
    Removing stm32l5xx_hal_tim_ex.o(.ARM.exidx.text.HAL_TIMEx_PWMN_Stop), (8 bytes).
    Removing stm32l5xx_hal_tim_ex.o(.text.HAL_TIMEx_PWMN_Start_IT), (300 bytes).
    Removing stm32l5xx_hal_tim_ex.o(.ARM.exidx.text.HAL_TIMEx_PWMN_Start_IT), (8 bytes).
    Removing stm32l5xx_hal_tim_ex.o(.text.HAL_TIMEx_PWMN_Stop_IT), (222 bytes).
    Removing stm32l5xx_hal_tim_ex.o(.ARM.exidx.text.HAL_TIMEx_PWMN_Stop_IT), (8 bytes).
    Removing stm32l5xx_hal_tim_ex.o(.text.HAL_TIMEx_PWMN_Start_DMA), (528 bytes).
    Removing stm32l5xx_hal_tim_ex.o(.ARM.exidx.text.HAL_TIMEx_PWMN_Start_DMA), (8 bytes).
    Removing stm32l5xx_hal_tim_ex.o(.text.HAL_TIMEx_PWMN_Stop_DMA), (196 bytes).
    Removing stm32l5xx_hal_tim_ex.o(.ARM.exidx.text.HAL_TIMEx_PWMN_Stop_DMA), (8 bytes).
    Removing stm32l5xx_hal_tim_ex.o(.text.HAL_TIMEx_OnePulseN_Start), (172 bytes).
    Removing stm32l5xx_hal_tim_ex.o(.ARM.exidx.text.HAL_TIMEx_OnePulseN_Start), (8 bytes).
    Removing stm32l5xx_hal_tim_ex.o(.text.HAL_TIMEx_OnePulseN_Stop), (162 bytes).
    Removing stm32l5xx_hal_tim_ex.o(.ARM.exidx.text.HAL_TIMEx_OnePulseN_Stop), (8 bytes).
    Removing stm32l5xx_hal_tim_ex.o(.text.HAL_TIMEx_OnePulseN_Start_IT), (188 bytes).
    Removing stm32l5xx_hal_tim_ex.o(.ARM.exidx.text.HAL_TIMEx_OnePulseN_Start_IT), (8 bytes).
    Removing stm32l5xx_hal_tim_ex.o(.text.HAL_TIMEx_OnePulseN_Stop_IT), (178 bytes).
    Removing stm32l5xx_hal_tim_ex.o(.ARM.exidx.text.HAL_TIMEx_OnePulseN_Stop_IT), (8 bytes).
    Removing stm32l5xx_hal_tim_ex.o(.text.HAL_TIMEx_ConfigCommutEvent), (126 bytes).
    Removing stm32l5xx_hal_tim_ex.o(.ARM.exidx.text.HAL_TIMEx_ConfigCommutEvent), (8 bytes).
    Removing stm32l5xx_hal_tim_ex.o(.text.HAL_TIMEx_ConfigCommutEvent_IT), (126 bytes).
    Removing stm32l5xx_hal_tim_ex.o(.ARM.exidx.text.HAL_TIMEx_ConfigCommutEvent_IT), (8 bytes).
    Removing stm32l5xx_hal_tim_ex.o(.text.HAL_TIMEx_ConfigCommutEvent_DMA), (162 bytes).
    Removing stm32l5xx_hal_tim_ex.o(.ARM.exidx.text.HAL_TIMEx_ConfigCommutEvent_DMA), (8 bytes).
    Removing stm32l5xx_hal_tim_ex.o(.text.TIMEx_DMACommutationCplt), (12 bytes).
    Removing stm32l5xx_hal_tim_ex.o(.ARM.exidx.text.TIMEx_DMACommutationCplt), (8 bytes).
    Removing stm32l5xx_hal_tim_ex.o(.text.TIMEx_DMACommutationHalfCplt), (12 bytes).
    Removing stm32l5xx_hal_tim_ex.o(.ARM.exidx.text.TIMEx_DMACommutationHalfCplt), (8 bytes).
    Removing stm32l5xx_hal_tim_ex.o(.text.HAL_TIMEx_MasterConfigSynchronization), (190 bytes).
    Removing stm32l5xx_hal_tim_ex.o(.ARM.exidx.text.HAL_TIMEx_MasterConfigSynchronization), (8 bytes).
    Removing stm32l5xx_hal_tim_ex.o(.text.HAL_TIMEx_ConfigBreakDeadTime), (188 bytes).
    Removing stm32l5xx_hal_tim_ex.o(.ARM.exidx.text.HAL_TIMEx_ConfigBreakDeadTime), (8 bytes).
    Removing stm32l5xx_hal_tim_ex.o(.text.HAL_TIMEx_ConfigBreakInput), (308 bytes).
    Removing stm32l5xx_hal_tim_ex.o(.ARM.exidx.text.HAL_TIMEx_ConfigBreakInput), (8 bytes).
    Removing stm32l5xx_hal_tim_ex.o(.text.HAL_TIMEx_RemapConfig), (104 bytes).
    Removing stm32l5xx_hal_tim_ex.o(.ARM.exidx.text.HAL_TIMEx_RemapConfig), (8 bytes).
    Removing stm32l5xx_hal_tim_ex.o(.text.HAL_TIMEx_GroupChannel5), (48 bytes).
    Removing stm32l5xx_hal_tim_ex.o(.ARM.exidx.text.HAL_TIMEx_GroupChannel5), (8 bytes).
    Removing stm32l5xx_hal_tim_ex.o(.text.HAL_TIMEx_DisarmBreakInput), (76 bytes).
    Removing stm32l5xx_hal_tim_ex.o(.ARM.exidx.text.HAL_TIMEx_DisarmBreakInput), (8 bytes).
    Removing stm32l5xx_hal_tim_ex.o(.text.HAL_TIMEx_ReArmBreakInput), (96 bytes).
    Removing stm32l5xx_hal_tim_ex.o(.ARM.exidx.text.HAL_TIMEx_ReArmBreakInput), (8 bytes).
    Removing stm32l5xx_hal_tim_ex.o(.text.HAL_TIMEx_CommutCallback), (2 bytes).
    Removing stm32l5xx_hal_tim_ex.o(.ARM.exidx.text.HAL_TIMEx_CommutCallback), (8 bytes).
    Removing stm32l5xx_hal_tim_ex.o(.text.HAL_TIMEx_CommutHalfCpltCallback), (2 bytes).
    Removing stm32l5xx_hal_tim_ex.o(.ARM.exidx.text.HAL_TIMEx_CommutHalfCpltCallback), (8 bytes).
    Removing stm32l5xx_hal_tim_ex.o(.text.HAL_TIMEx_BreakCallback), (2 bytes).
    Removing stm32l5xx_hal_tim_ex.o(.ARM.exidx.text.HAL_TIMEx_BreakCallback), (8 bytes).
    Removing stm32l5xx_hal_tim_ex.o(.text.HAL_TIMEx_Break2Callback), (2 bytes).
    Removing stm32l5xx_hal_tim_ex.o(.ARM.exidx.text.HAL_TIMEx_Break2Callback), (8 bytes).
    Removing stm32l5xx_hal_tim_ex.o(.text.HAL_TIMEx_HallSensor_GetState), (6 bytes).
    Removing stm32l5xx_hal_tim_ex.o(.ARM.exidx.text.HAL_TIMEx_HallSensor_GetState), (8 bytes).
    Removing stm32l5xx_hal_tim_ex.o(.text.HAL_TIMEx_GetChannelNState), (34 bytes).
    Removing stm32l5xx_hal_tim_ex.o(.ARM.exidx.text.HAL_TIMEx_GetChannelNState), (8 bytes).
    Removing stm32l5xx_hal_uart.o(.text), (0 bytes).
    Removing stm32l5xx_hal_uart.o(.text.HAL_UART_Init), (104 bytes).
    Removing stm32l5xx_hal_uart.o(.ARM.exidx.text.HAL_UART_Init), (8 bytes).
    Removing stm32l5xx_hal_uart.o(.text.HAL_UART_MspInit), (2 bytes).
    Removing stm32l5xx_hal_uart.o(.ARM.exidx.text.HAL_UART_MspInit), (8 bytes).
    Removing stm32l5xx_hal_uart.o(.text.UART_SetConfig), (712 bytes).
    Removing stm32l5xx_hal_uart.o(.ARM.exidx.text.UART_SetConfig), (8 bytes).
    Removing stm32l5xx_hal_uart.o(.text.UART_AdvFeatureConfig), (232 bytes).
    Removing stm32l5xx_hal_uart.o(.ARM.exidx.text.UART_AdvFeatureConfig), (8 bytes).
    Removing stm32l5xx_hal_uart.o(.text.UART_CheckIdleState), (202 bytes).
    Removing stm32l5xx_hal_uart.o(.ARM.exidx.text.UART_CheckIdleState), (8 bytes).
    Removing stm32l5xx_hal_uart.o(.text.HAL_HalfDuplex_Init), (112 bytes).
    Removing stm32l5xx_hal_uart.o(.ARM.exidx.text.HAL_HalfDuplex_Init), (8 bytes).
    Removing stm32l5xx_hal_uart.o(.text.HAL_LIN_Init), (134 bytes).
    Removing stm32l5xx_hal_uart.o(.ARM.exidx.text.HAL_LIN_Init), (8 bytes).
    Removing stm32l5xx_hal_uart.o(.text.HAL_MultiProcessor_Init), (136 bytes).
    Removing stm32l5xx_hal_uart.o(.ARM.exidx.text.HAL_MultiProcessor_Init), (8 bytes).
    Removing stm32l5xx_hal_uart.o(.text.HAL_UART_DeInit), (64 bytes).
    Removing stm32l5xx_hal_uart.o(.ARM.exidx.text.HAL_UART_DeInit), (8 bytes).
    Removing stm32l5xx_hal_uart.o(.text.HAL_UART_MspDeInit), (2 bytes).
    Removing stm32l5xx_hal_uart.o(.ARM.exidx.text.HAL_UART_MspDeInit), (8 bytes).
    Removing stm32l5xx_hal_uart.o(.text.HAL_UART_Transmit), (226 bytes).
    Removing stm32l5xx_hal_uart.o(.ARM.exidx.text.HAL_UART_Transmit), (8 bytes).
    Removing stm32l5xx_hal_uart.o(.text.UART_WaitOnFlagUntilTimeout), (268 bytes).
    Removing stm32l5xx_hal_uart.o(.ARM.exidx.text.UART_WaitOnFlagUntilTimeout), (8 bytes).
    Removing stm32l5xx_hal_uart.o(.text.HAL_UART_Receive), (264 bytes).
    Removing stm32l5xx_hal_uart.o(.ARM.exidx.text.HAL_UART_Receive), (8 bytes).
    Removing stm32l5xx_hal_uart.o(.text.HAL_UART_Transmit_IT), (170 bytes).
    Removing stm32l5xx_hal_uart.o(.ARM.exidx.text.HAL_UART_Transmit_IT), (8 bytes).
    Removing stm32l5xx_hal_uart.o(.text.UART_TxISR_16BIT_FIFOEN), (102 bytes).
    Removing stm32l5xx_hal_uart.o(.ARM.exidx.text.UART_TxISR_16BIT_FIFOEN), (8 bytes).
    Removing stm32l5xx_hal_uart.o(.text.UART_TxISR_8BIT_FIFOEN), (98 bytes).
    Removing stm32l5xx_hal_uart.o(.ARM.exidx.text.UART_TxISR_8BIT_FIFOEN), (8 bytes).
    Removing stm32l5xx_hal_uart.o(.text.UART_TxISR_16BIT), (64 bytes).
    Removing stm32l5xx_hal_uart.o(.ARM.exidx.text.UART_TxISR_16BIT), (8 bytes).
    Removing stm32l5xx_hal_uart.o(.text.UART_TxISR_8BIT), (60 bytes).
    Removing stm32l5xx_hal_uart.o(.ARM.exidx.text.UART_TxISR_8BIT), (8 bytes).
    Removing stm32l5xx_hal_uart.o(.text.HAL_UART_Receive_IT), (58 bytes).
    Removing stm32l5xx_hal_uart.o(.ARM.exidx.text.HAL_UART_Receive_IT), (8 bytes).
    Removing stm32l5xx_hal_uart.o(.text.UART_Start_Receive_IT), (222 bytes).
    Removing stm32l5xx_hal_uart.o(.ARM.exidx.text.UART_Start_Receive_IT), (8 bytes).
    Removing stm32l5xx_hal_uart.o(.text.HAL_UART_Transmit_DMA), (162 bytes).
    Removing stm32l5xx_hal_uart.o(.ARM.exidx.text.HAL_UART_Transmit_DMA), (8 bytes).
    Removing stm32l5xx_hal_uart.o(.text.UART_DMATransmitCplt), (40 bytes).
    Removing stm32l5xx_hal_uart.o(.ARM.exidx.text.UART_DMATransmitCplt), (8 bytes).
    Removing stm32l5xx_hal_uart.o(.text.UART_DMATxHalfCplt), (6 bytes).
    Removing stm32l5xx_hal_uart.o(.ARM.exidx.text.UART_DMATxHalfCplt), (8 bytes).
    Removing stm32l5xx_hal_uart.o(.text.UART_DMAError), (140 bytes).
    Removing stm32l5xx_hal_uart.o(.ARM.exidx.text.UART_DMAError), (8 bytes).
    Removing stm32l5xx_hal_uart.o(.text.HAL_UART_Receive_DMA), (174 bytes).
    Removing stm32l5xx_hal_uart.o(.ARM.exidx.text.HAL_UART_Receive_DMA), (8 bytes).
    Removing stm32l5xx_hal_uart.o(.text.UART_Start_Receive_DMA), (130 bytes).
    Removing stm32l5xx_hal_uart.o(.ARM.exidx.text.UART_Start_Receive_DMA), (8 bytes).
    Removing stm32l5xx_hal_uart.o(.text.HAL_UART_DMAPause), (90 bytes).
    Removing stm32l5xx_hal_uart.o(.ARM.exidx.text.HAL_UART_DMAPause), (8 bytes).
    Removing stm32l5xx_hal_uart.o(.text.HAL_UART_DMAResume), (98 bytes).
    Removing stm32l5xx_hal_uart.o(.ARM.exidx.text.HAL_UART_DMAResume), (8 bytes).
    Removing stm32l5xx_hal_uart.o(.text.HAL_UART_DMAStop), (188 bytes).
    Removing stm32l5xx_hal_uart.o(.ARM.exidx.text.HAL_UART_DMAStop), (8 bytes).
    Removing stm32l5xx_hal_uart.o(.text.HAL_UART_Abort), (192 bytes).
    Removing stm32l5xx_hal_uart.o(.ARM.exidx.text.HAL_UART_Abort), (8 bytes).
    Removing stm32l5xx_hal_uart.o(.text.HAL_UART_AbortTransmit), (106 bytes).
    Removing stm32l5xx_hal_uart.o(.ARM.exidx.text.HAL_UART_AbortTransmit), (8 bytes).
    Removing stm32l5xx_hal_uart.o(.text.HAL_UART_AbortReceive), (122 bytes).
    Removing stm32l5xx_hal_uart.o(.ARM.exidx.text.HAL_UART_AbortReceive), (8 bytes).
    Removing stm32l5xx_hal_uart.o(.text.HAL_UART_Abort_IT), (226 bytes).
    Removing stm32l5xx_hal_uart.o(.ARM.exidx.text.HAL_UART_Abort_IT), (8 bytes).
    Removing stm32l5xx_hal_uart.o(.text.UART_DMATxAbortCallback), (72 bytes).
    Removing stm32l5xx_hal_uart.o(.ARM.exidx.text.UART_DMATxAbortCallback), (8 bytes).
    Removing stm32l5xx_hal_uart.o(.text.UART_DMARxAbortCallback), (62 bytes).
    Removing stm32l5xx_hal_uart.o(.ARM.exidx.text.UART_DMARxAbortCallback), (8 bytes).
    Removing stm32l5xx_hal_uart.o(.text.HAL_UART_AbortCpltCallback), (2 bytes).
    Removing stm32l5xx_hal_uart.o(.ARM.exidx.text.HAL_UART_AbortCpltCallback), (8 bytes).
    Removing stm32l5xx_hal_uart.o(.text.HAL_UART_AbortTransmit_IT), (132 bytes).
    Removing stm32l5xx_hal_uart.o(.ARM.exidx.text.HAL_UART_AbortTransmit_IT), (8 bytes).
    Removing stm32l5xx_hal_uart.o(.text.UART_DMATxOnlyAbortCallback), (36 bytes).
    Removing stm32l5xx_hal_uart.o(.ARM.exidx.text.UART_DMATxOnlyAbortCallback), (8 bytes).
    Removing stm32l5xx_hal_uart.o(.text.HAL_UART_AbortTransmitCpltCallback), (2 bytes).
    Removing stm32l5xx_hal_uart.o(.ARM.exidx.text.HAL_UART_AbortTransmitCpltCallback), (8 bytes).
    Removing stm32l5xx_hal_uart.o(.text.HAL_UART_AbortReceive_IT), (166 bytes).
    Removing stm32l5xx_hal_uart.o(.ARM.exidx.text.HAL_UART_AbortReceive_IT), (8 bytes).
    Removing stm32l5xx_hal_uart.o(.text.UART_DMARxOnlyAbortCallback), (34 bytes).
    Removing stm32l5xx_hal_uart.o(.ARM.exidx.text.UART_DMARxOnlyAbortCallback), (8 bytes).
    Removing stm32l5xx_hal_uart.o(.text.HAL_UART_AbortReceiveCpltCallback), (2 bytes).
    Removing stm32l5xx_hal_uart.o(.ARM.exidx.text.HAL_UART_AbortReceiveCpltCallback), (8 bytes).
    Removing stm32l5xx_hal_uart.o(.text.HAL_UART_IRQHandler), (768 bytes).
    Removing stm32l5xx_hal_uart.o(.ARM.exidx.text.HAL_UART_IRQHandler), (8 bytes).
    Removing stm32l5xx_hal_uart.o(.text.UART_DMAAbortOnError), (16 bytes).
    Removing stm32l5xx_hal_uart.o(.ARM.exidx.text.UART_DMAAbortOnError), (8 bytes).
    Removing stm32l5xx_hal_uart.o(.text.HAL_UART_ErrorCallback), (2 bytes).
    Removing stm32l5xx_hal_uart.o(.ARM.exidx.text.HAL_UART_ErrorCallback), (8 bytes).
    Removing stm32l5xx_hal_uart.o(.text.HAL_UARTEx_RxEventCallback), (2 bytes).
    Removing stm32l5xx_hal_uart.o(.ARM.exidx.text.HAL_UARTEx_RxEventCallback), (8 bytes).
    Removing stm32l5xx_hal_uart.o(.text.HAL_UART_TxCpltCallback), (2 bytes).
    Removing stm32l5xx_hal_uart.o(.ARM.exidx.text.HAL_UART_TxCpltCallback), (8 bytes).
    Removing stm32l5xx_hal_uart.o(.text.HAL_UART_TxHalfCpltCallback), (2 bytes).
    Removing stm32l5xx_hal_uart.o(.ARM.exidx.text.HAL_UART_TxHalfCpltCallback), (8 bytes).
    Removing stm32l5xx_hal_uart.o(.text.HAL_UART_RxCpltCallback), (2 bytes).
    Removing stm32l5xx_hal_uart.o(.ARM.exidx.text.HAL_UART_RxCpltCallback), (8 bytes).
    Removing stm32l5xx_hal_uart.o(.text.HAL_UART_RxHalfCpltCallback), (2 bytes).
    Removing stm32l5xx_hal_uart.o(.ARM.exidx.text.HAL_UART_RxHalfCpltCallback), (8 bytes).
    Removing stm32l5xx_hal_uart.o(.text.HAL_UART_ReceiverTimeout_Config), (28 bytes).
    Removing stm32l5xx_hal_uart.o(.ARM.exidx.text.HAL_UART_ReceiverTimeout_Config), (8 bytes).
    Removing stm32l5xx_hal_uart.o(.text.HAL_UART_EnableReceiverTimeout), (70 bytes).
    Removing stm32l5xx_hal_uart.o(.ARM.exidx.text.HAL_UART_EnableReceiverTimeout), (8 bytes).
    Removing stm32l5xx_hal_uart.o(.text.HAL_UART_DisableReceiverTimeout), (70 bytes).
    Removing stm32l5xx_hal_uart.o(.ARM.exidx.text.HAL_UART_DisableReceiverTimeout), (8 bytes).
    Removing stm32l5xx_hal_uart.o(.text.HAL_MultiProcessor_EnableMuteMode), (44 bytes).
    Removing stm32l5xx_hal_uart.o(.ARM.exidx.text.HAL_MultiProcessor_EnableMuteMode), (8 bytes).
    Removing stm32l5xx_hal_uart.o(.text.HAL_MultiProcessor_DisableMuteMode), (44 bytes).
    Removing stm32l5xx_hal_uart.o(.ARM.exidx.text.HAL_MultiProcessor_DisableMuteMode), (8 bytes).
    Removing stm32l5xx_hal_uart.o(.text.HAL_MultiProcessor_EnterMuteMode), (12 bytes).
    Removing stm32l5xx_hal_uart.o(.ARM.exidx.text.HAL_MultiProcessor_EnterMuteMode), (8 bytes).
    Removing stm32l5xx_hal_uart.o(.text.HAL_HalfDuplex_EnableTransmitter), (52 bytes).
    Removing stm32l5xx_hal_uart.o(.ARM.exidx.text.HAL_HalfDuplex_EnableTransmitter), (8 bytes).
    Removing stm32l5xx_hal_uart.o(.text.HAL_HalfDuplex_EnableReceiver), (52 bytes).
    Removing stm32l5xx_hal_uart.o(.ARM.exidx.text.HAL_HalfDuplex_EnableReceiver), (8 bytes).
    Removing stm32l5xx_hal_uart.o(.text.HAL_LIN_SendBreak), (44 bytes).
    Removing stm32l5xx_hal_uart.o(.ARM.exidx.text.HAL_LIN_SendBreak), (8 bytes).
    Removing stm32l5xx_hal_uart.o(.text.HAL_UART_GetState), (12 bytes).
    Removing stm32l5xx_hal_uart.o(.ARM.exidx.text.HAL_UART_GetState), (8 bytes).
    Removing stm32l5xx_hal_uart.o(.text.HAL_UART_GetError), (6 bytes).
    Removing stm32l5xx_hal_uart.o(.ARM.exidx.text.HAL_UART_GetError), (8 bytes).
    Removing stm32l5xx_hal_uart.o(.text.UART_RxISR_16BIT_FIFOEN), (568 bytes).
    Removing stm32l5xx_hal_uart.o(.ARM.exidx.text.UART_RxISR_16BIT_FIFOEN), (8 bytes).
    Removing stm32l5xx_hal_uart.o(.text.UART_RxISR_8BIT_FIFOEN), (576 bytes).
    Removing stm32l5xx_hal_uart.o(.ARM.exidx.text.UART_RxISR_8BIT_FIFOEN), (8 bytes).
    Removing stm32l5xx_hal_uart.o(.text.UART_RxISR_16BIT), (132 bytes).
    Removing stm32l5xx_hal_uart.o(.ARM.exidx.text.UART_RxISR_16BIT), (8 bytes).
    Removing stm32l5xx_hal_uart.o(.text.UART_RxISR_8BIT), (136 bytes).
    Removing stm32l5xx_hal_uart.o(.ARM.exidx.text.UART_RxISR_8BIT), (8 bytes).
    Removing stm32l5xx_hal_uart.o(.text.UART_DMAReceiveCplt), (80 bytes).
    Removing stm32l5xx_hal_uart.o(.ARM.exidx.text.UART_DMAReceiveCplt), (8 bytes).
    Removing stm32l5xx_hal_uart.o(.text.UART_DMARxHalfCplt), (22 bytes).
    Removing stm32l5xx_hal_uart.o(.ARM.exidx.text.UART_DMARxHalfCplt), (8 bytes).
    Removing stm32l5xx_hal_uart.o(.rodata.UARTPrescTable), (24 bytes).
    Removing stm32l5xx_hal_uart.o(.rodata.cst16), (16 bytes).
    Removing stm32l5xx_hal_uart_ex.o(.text), (0 bytes).
    Removing stm32l5xx_hal_uart_ex.o(.text.HAL_RS485Ex_Init), (132 bytes).
    Removing stm32l5xx_hal_uart_ex.o(.ARM.exidx.text.HAL_RS485Ex_Init), (8 bytes).
    Removing stm32l5xx_hal_uart_ex.o(.text.HAL_UARTEx_WakeupCallback), (2 bytes).
    Removing stm32l5xx_hal_uart_ex.o(.ARM.exidx.text.HAL_UARTEx_WakeupCallback), (8 bytes).
    Removing stm32l5xx_hal_uart_ex.o(.text.HAL_UARTEx_RxFifoFullCallback), (2 bytes).
    Removing stm32l5xx_hal_uart_ex.o(.ARM.exidx.text.HAL_UARTEx_RxFifoFullCallback), (8 bytes).
    Removing stm32l5xx_hal_uart_ex.o(.text.HAL_UARTEx_TxFifoEmptyCallback), (2 bytes).
    Removing stm32l5xx_hal_uart_ex.o(.ARM.exidx.text.HAL_UARTEx_TxFifoEmptyCallback), (8 bytes).
    Removing stm32l5xx_hal_uart_ex.o(.text.HAL_MultiProcessorEx_AddressLength_Set), (46 bytes).
    Removing stm32l5xx_hal_uart_ex.o(.ARM.exidx.text.HAL_MultiProcessorEx_AddressLength_Set), (8 bytes).
    Removing stm32l5xx_hal_uart_ex.o(.text.HAL_UARTEx_StopModeWakeUpSourceConfig), (144 bytes).
    Removing stm32l5xx_hal_uart_ex.o(.ARM.exidx.text.HAL_UARTEx_StopModeWakeUpSourceConfig), (8 bytes).
    Removing stm32l5xx_hal_uart_ex.o(.text.HAL_UARTEx_EnableStopMode), (32 bytes).
    Removing stm32l5xx_hal_uart_ex.o(.ARM.exidx.text.HAL_UARTEx_EnableStopMode), (8 bytes).
    Removing stm32l5xx_hal_uart_ex.o(.text.HAL_UARTEx_DisableStopMode), (32 bytes).
    Removing stm32l5xx_hal_uart_ex.o(.ARM.exidx.text.HAL_UARTEx_DisableStopMode), (8 bytes).
    Removing stm32l5xx_hal_uart_ex.o(.text.HAL_UARTEx_EnableFifoMode), (122 bytes).
    Removing stm32l5xx_hal_uart_ex.o(.ARM.exidx.text.HAL_UARTEx_EnableFifoMode), (8 bytes).
    Removing stm32l5xx_hal_uart_ex.o(.text.HAL_UARTEx_DisableFifoMode), (54 bytes).
    Removing stm32l5xx_hal_uart_ex.o(.ARM.exidx.text.HAL_UARTEx_DisableFifoMode), (8 bytes).
    Removing stm32l5xx_hal_uart_ex.o(.text.HAL_UARTEx_SetTxFifoThreshold), (140 bytes).
    Removing stm32l5xx_hal_uart_ex.o(.ARM.exidx.text.HAL_UARTEx_SetTxFifoThreshold), (8 bytes).
    Removing stm32l5xx_hal_uart_ex.o(.text.HAL_UARTEx_SetRxFifoThreshold), (140 bytes).
    Removing stm32l5xx_hal_uart_ex.o(.ARM.exidx.text.HAL_UARTEx_SetRxFifoThreshold), (8 bytes).
    Removing stm32l5xx_hal_uart_ex.o(.text.HAL_UARTEx_ReceiveToIdle), (460 bytes).
    Removing stm32l5xx_hal_uart_ex.o(.ARM.exidx.text.HAL_UARTEx_ReceiveToIdle), (8 bytes).
    Removing stm32l5xx_hal_uart_ex.o(.text.HAL_UARTEx_ReceiveToIdle_IT), (88 bytes).
    Removing stm32l5xx_hal_uart_ex.o(.ARM.exidx.text.HAL_UARTEx_ReceiveToIdle_IT), (8 bytes).
    Removing stm32l5xx_hal_uart_ex.o(.text.HAL_UARTEx_ReceiveToIdle_DMA), (88 bytes).
    Removing stm32l5xx_hal_uart_ex.o(.ARM.exidx.text.HAL_UARTEx_ReceiveToIdle_DMA), (8 bytes).
    Removing stm32l5xx_hal_uart_ex.o(.rodata.cst8), (16 bytes).
    Removing stm32l5xx_hal_usart.o(.text), (0 bytes).
    Removing stm32l5xx_hal_usart.o(.text.HAL_USART_Init), (632 bytes).
    Removing stm32l5xx_hal_usart.o(.ARM.exidx.text.HAL_USART_Init), (8 bytes).
    Removing stm32l5xx_hal_usart.o(.text.HAL_USART_MspInit), (2 bytes).
    Removing stm32l5xx_hal_usart.o(.ARM.exidx.text.HAL_USART_MspInit), (8 bytes).
    Removing stm32l5xx_hal_usart.o(.text.HAL_USART_DeInit), (48 bytes).
    Removing stm32l5xx_hal_usart.o(.ARM.exidx.text.HAL_USART_DeInit), (8 bytes).
    Removing stm32l5xx_hal_usart.o(.text.HAL_USART_MspDeInit), (2 bytes).
    Removing stm32l5xx_hal_usart.o(.ARM.exidx.text.HAL_USART_MspDeInit), (8 bytes).
    Removing stm32l5xx_hal_usart.o(.text.HAL_USART_Transmit), (406 bytes).
    Removing stm32l5xx_hal_usart.o(.ARM.exidx.text.HAL_USART_Transmit), (8 bytes).
    Removing stm32l5xx_hal_usart.o(.text.HAL_USART_Receive), (478 bytes).
    Removing stm32l5xx_hal_usart.o(.ARM.exidx.text.HAL_USART_Receive), (8 bytes).
    Removing stm32l5xx_hal_usart.o(.text.HAL_USART_TransmitReceive), (658 bytes).
    Removing stm32l5xx_hal_usart.o(.ARM.exidx.text.HAL_USART_TransmitReceive), (8 bytes).
    Removing stm32l5xx_hal_usart.o(.text.HAL_USART_Transmit_IT), (166 bytes).
    Removing stm32l5xx_hal_usart.o(.ARM.exidx.text.HAL_USART_Transmit_IT), (8 bytes).
    Removing stm32l5xx_hal_usart.o(.text.USART_TxISR_16BIT_FIFOEN), (102 bytes).
    Removing stm32l5xx_hal_usart.o(.ARM.exidx.text.USART_TxISR_16BIT_FIFOEN), (8 bytes).
    Removing stm32l5xx_hal_usart.o(.text.USART_TxISR_8BIT_FIFOEN), (98 bytes).
    Removing stm32l5xx_hal_usart.o(.ARM.exidx.text.USART_TxISR_8BIT_FIFOEN), (8 bytes).
    Removing stm32l5xx_hal_usart.o(.text.USART_TxISR_16BIT), (64 bytes).
    Removing stm32l5xx_hal_usart.o(.ARM.exidx.text.USART_TxISR_16BIT), (8 bytes).
    Removing stm32l5xx_hal_usart.o(.text.USART_TxISR_8BIT), (60 bytes).
    Removing stm32l5xx_hal_usart.o(.ARM.exidx.text.USART_TxISR_8BIT), (8 bytes).
    Removing stm32l5xx_hal_usart.o(.text.HAL_USART_Receive_IT), (366 bytes).
    Removing stm32l5xx_hal_usart.o(.ARM.exidx.text.HAL_USART_Receive_IT), (8 bytes).
    Removing stm32l5xx_hal_usart.o(.text.USART_RxISR_16BIT_FIFOEN), (292 bytes).
    Removing stm32l5xx_hal_usart.o(.ARM.exidx.text.USART_RxISR_16BIT_FIFOEN), (8 bytes).
    Removing stm32l5xx_hal_usart.o(.text.USART_RxISR_8BIT_FIFOEN), (300 bytes).
    Removing stm32l5xx_hal_usart.o(.ARM.exidx.text.USART_RxISR_8BIT_FIFOEN), (8 bytes).
    Removing stm32l5xx_hal_usart.o(.text.USART_RxISR_16BIT), (186 bytes).
    Removing stm32l5xx_hal_usart.o(.ARM.exidx.text.USART_RxISR_16BIT), (8 bytes).
    Removing stm32l5xx_hal_usart.o(.text.USART_RxISR_8BIT), (174 bytes).
    Removing stm32l5xx_hal_usart.o(.ARM.exidx.text.USART_RxISR_8BIT), (8 bytes).
    Removing stm32l5xx_hal_usart.o(.text.HAL_USART_TransmitReceive_IT), (314 bytes).
    Removing stm32l5xx_hal_usart.o(.ARM.exidx.text.HAL_USART_TransmitReceive_IT), (8 bytes).
    Removing stm32l5xx_hal_usart.o(.text.HAL_USART_Transmit_DMA), (154 bytes).
    Removing stm32l5xx_hal_usart.o(.ARM.exidx.text.HAL_USART_Transmit_DMA), (8 bytes).
    Removing stm32l5xx_hal_usart.o(.text.USART_DMATransmitCplt), (58 bytes).
    Removing stm32l5xx_hal_usart.o(.ARM.exidx.text.USART_DMATransmitCplt), (8 bytes).
    Removing stm32l5xx_hal_usart.o(.text.USART_DMATxHalfCplt), (6 bytes).
    Removing stm32l5xx_hal_usart.o(.ARM.exidx.text.USART_DMATxHalfCplt), (8 bytes).
    Removing stm32l5xx_hal_usart.o(.text.USART_DMAError), (54 bytes).
    Removing stm32l5xx_hal_usart.o(.ARM.exidx.text.USART_DMAError), (8 bytes).
    Removing stm32l5xx_hal_usart.o(.text.HAL_USART_Receive_DMA), (228 bytes).
    Removing stm32l5xx_hal_usart.o(.ARM.exidx.text.HAL_USART_Receive_DMA), (8 bytes).
    Removing stm32l5xx_hal_usart.o(.text.USART_DMAReceiveCplt), (110 bytes).
    Removing stm32l5xx_hal_usart.o(.ARM.exidx.text.USART_DMAReceiveCplt), (8 bytes).
    Removing stm32l5xx_hal_usart.o(.text.USART_DMARxHalfCplt), (6 bytes).
    Removing stm32l5xx_hal_usart.o(.ARM.exidx.text.USART_DMARxHalfCplt), (8 bytes).
    Removing stm32l5xx_hal_usart.o(.text.HAL_USART_TransmitReceive_DMA), (254 bytes).
    Removing stm32l5xx_hal_usart.o(.ARM.exidx.text.HAL_USART_TransmitReceive_DMA), (8 bytes).
    Removing stm32l5xx_hal_usart.o(.text.HAL_USART_DMAPause), (102 bytes).
    Removing stm32l5xx_hal_usart.o(.ARM.exidx.text.HAL_USART_DMAPause), (8 bytes).
    Removing stm32l5xx_hal_usart.o(.text.HAL_USART_DMAResume), (86 bytes).
    Removing stm32l5xx_hal_usart.o(.ARM.exidx.text.HAL_USART_DMAResume), (8 bytes).
    Removing stm32l5xx_hal_usart.o(.text.HAL_USART_DMAStop), (110 bytes).
    Removing stm32l5xx_hal_usart.o(.ARM.exidx.text.HAL_USART_DMAStop), (8 bytes).
    Removing stm32l5xx_hal_usart.o(.text.HAL_USART_Abort), (166 bytes).
    Removing stm32l5xx_hal_usart.o(.ARM.exidx.text.HAL_USART_Abort), (8 bytes).
    Removing stm32l5xx_hal_usart.o(.text.HAL_USART_Abort_IT), (198 bytes).
    Removing stm32l5xx_hal_usart.o(.ARM.exidx.text.HAL_USART_Abort_IT), (8 bytes).
    Removing stm32l5xx_hal_usart.o(.text.USART_DMATxAbortCallback), (42 bytes).
    Removing stm32l5xx_hal_usart.o(.ARM.exidx.text.USART_DMATxAbortCallback), (8 bytes).
    Removing stm32l5xx_hal_usart.o(.text.USART_DMARxAbortCallback), (42 bytes).
    Removing stm32l5xx_hal_usart.o(.ARM.exidx.text.USART_DMARxAbortCallback), (8 bytes).
    Removing stm32l5xx_hal_usart.o(.text.HAL_USART_AbortCpltCallback), (2 bytes).
    Removing stm32l5xx_hal_usart.o(.ARM.exidx.text.HAL_USART_AbortCpltCallback), (8 bytes).
    Removing stm32l5xx_hal_usart.o(.text.HAL_USART_IRQHandler), (570 bytes).
    Removing stm32l5xx_hal_usart.o(.ARM.exidx.text.HAL_USART_IRQHandler), (8 bytes).
    Removing stm32l5xx_hal_usart.o(.text.USART_DMAAbortOnError), (12 bytes).
    Removing stm32l5xx_hal_usart.o(.ARM.exidx.text.USART_DMAAbortOnError), (8 bytes).
    Removing stm32l5xx_hal_usart.o(.text.HAL_USART_ErrorCallback), (2 bytes).
    Removing stm32l5xx_hal_usart.o(.ARM.exidx.text.HAL_USART_ErrorCallback), (8 bytes).
    Removing stm32l5xx_hal_usart.o(.text.HAL_USART_TxCpltCallback), (2 bytes).
    Removing stm32l5xx_hal_usart.o(.ARM.exidx.text.HAL_USART_TxCpltCallback), (8 bytes).
    Removing stm32l5xx_hal_usart.o(.text.HAL_USART_TxHalfCpltCallback), (2 bytes).
    Removing stm32l5xx_hal_usart.o(.ARM.exidx.text.HAL_USART_TxHalfCpltCallback), (8 bytes).
    Removing stm32l5xx_hal_usart.o(.text.HAL_USART_RxCpltCallback), (2 bytes).
    Removing stm32l5xx_hal_usart.o(.ARM.exidx.text.HAL_USART_RxCpltCallback), (8 bytes).
    Removing stm32l5xx_hal_usart.o(.text.HAL_USART_RxHalfCpltCallback), (2 bytes).
    Removing stm32l5xx_hal_usart.o(.ARM.exidx.text.HAL_USART_RxHalfCpltCallback), (8 bytes).
    Removing stm32l5xx_hal_usart.o(.text.HAL_USART_TxRxCpltCallback), (2 bytes).
    Removing stm32l5xx_hal_usart.o(.ARM.exidx.text.HAL_USART_TxRxCpltCallback), (8 bytes).
    Removing stm32l5xx_hal_usart.o(.text.HAL_USART_GetState), (6 bytes).
    Removing stm32l5xx_hal_usart.o(.ARM.exidx.text.HAL_USART_GetState), (8 bytes).
    Removing stm32l5xx_hal_usart.o(.text.HAL_USART_GetError), (4 bytes).
    Removing stm32l5xx_hal_usart.o(.ARM.exidx.text.HAL_USART_GetError), (8 bytes).
    Removing stm32l5xx_hal_usart.o(.rodata..Lswitch.table.HAL_USART_Init.3), (44 bytes).
    Removing stm32l5xx_hal_usart_ex.o(.text), (0 bytes).
    Removing stm32l5xx_hal_usart_ex.o(.text.HAL_USARTEx_RxFifoFullCallback), (2 bytes).
    Removing stm32l5xx_hal_usart_ex.o(.ARM.exidx.text.HAL_USARTEx_RxFifoFullCallback), (8 bytes).
    Removing stm32l5xx_hal_usart_ex.o(.text.HAL_USARTEx_TxFifoEmptyCallback), (2 bytes).
    Removing stm32l5xx_hal_usart_ex.o(.ARM.exidx.text.HAL_USARTEx_TxFifoEmptyCallback), (8 bytes).
    Removing stm32l5xx_hal_usart_ex.o(.text.HAL_USARTEx_EnableSlaveMode), (80 bytes).
    Removing stm32l5xx_hal_usart_ex.o(.ARM.exidx.text.HAL_USARTEx_EnableSlaveMode), (8 bytes).
    Removing stm32l5xx_hal_usart_ex.o(.text.HAL_USARTEx_DisableSlaveMode), (56 bytes).
    Removing stm32l5xx_hal_usart_ex.o(.ARM.exidx.text.HAL_USARTEx_DisableSlaveMode), (8 bytes).
    Removing stm32l5xx_hal_usart_ex.o(.text.HAL_USARTEx_ConfigNSS), (60 bytes).
    Removing stm32l5xx_hal_usart_ex.o(.ARM.exidx.text.HAL_USARTEx_ConfigNSS), (8 bytes).
    Removing stm32l5xx_hal_usart_ex.o(.text.HAL_USARTEx_EnableFifoMode), (116 bytes).
    Removing stm32l5xx_hal_usart_ex.o(.ARM.exidx.text.HAL_USARTEx_EnableFifoMode), (8 bytes).
    Removing stm32l5xx_hal_usart_ex.o(.text.HAL_USARTEx_DisableFifoMode), (52 bytes).
    Removing stm32l5xx_hal_usart_ex.o(.ARM.exidx.text.HAL_USARTEx_DisableFifoMode), (8 bytes).
    Removing stm32l5xx_hal_usart_ex.o(.text.HAL_USARTEx_SetTxFifoThreshold), (134 bytes).
    Removing stm32l5xx_hal_usart_ex.o(.ARM.exidx.text.HAL_USARTEx_SetTxFifoThreshold), (8 bytes).
    Removing stm32l5xx_hal_usart_ex.o(.text.HAL_USARTEx_SetRxFifoThreshold), (134 bytes).
    Removing stm32l5xx_hal_usart_ex.o(.ARM.exidx.text.HAL_USARTEx_SetRxFifoThreshold), (8 bytes).
    Removing stm32l5xx_hal_usart_ex.o(.rodata.cst8), (16 bytes).

1355 unused section(s) (total 97220 bytes) removed from the image.

==============================================================================

Image Symbol Table

    Local Symbols

    Symbol Name                              Value     Ov Type        Size  Object(Section)

    ../clib/angel/boardlib.s                 0x00000000   Number         0  boardinit1.o ABSOLUTE
    ../clib/angel/boardlib.s                 0x00000000   Number         0  boardinit2.o ABSOLUTE
    ../clib/angel/boardlib.s                 0x00000000   Number         0  boardinit3.o ABSOLUTE
    ../clib/angel/boardlib.s                 0x00000000   Number         0  boardshut.o ABSOLUTE
    ../clib/angel/handlers.s                 0x00000000   Number         0  __scatter_copy.o ABSOLUTE
    ../clib/angel/handlers.s                 0x00000000   Number         0  __scatter_zi.o ABSOLUTE
    ../clib/angel/kernel.s                   0x00000000   Number         0  __rtentry.o ABSOLUTE
    ../clib/angel/kernel.s                   0x00000000   Number         0  __rtentry2.o ABSOLUTE
    ../clib/angel/kernel.s                   0x00000000   Number         0  __rtentry4.o ABSOLUTE
    ../clib/angel/kernel.s                   0x00000000   Number         0  rtexit.o ABSOLUTE
    ../clib/angel/kernel.s                   0x00000000   Number         0  rtexit2.o ABSOLUTE
    ../clib/angel/rt.s                       0x00000000   Number         0  aeabi_ldiv0.o ABSOLUTE
    ../clib/angel/rt.s                       0x00000000   Number         0  aeabi_ldiv0_sigfpe.o ABSOLUTE
    ../clib/angel/rt.s                       0x00000000   Number         0  rt_div0.o ABSOLUTE
    ../clib/angel/rt.s                       0x00000000   Number         0  rt_raise.o ABSOLUTE
    ../clib/angel/scatter.s                  0x00000000   Number         0  __scatter.o ABSOLUTE
    ../clib/angel/startup.s                  0x00000000   Number         0  __main.o ABSOLUTE
    ../clib/angel/sys.s                      0x00000000   Number         0  sys_stackheap_outer.o ABSOLUTE
    ../clib/angel/sys.s                      0x00000000   Number         0  libspace.o ABSOLUTE
    ../clib/angel/sys.s                      0x00000000   Number         0  use_no_semi.o ABSOLUTE
    ../clib/angel/sys.s                      0x00000000   Number         0  indicate_semi.o ABSOLUTE
    ../clib/angel/sysapp.c                   0x00000000   Number         0  sys_exit.o ABSOLUTE
    ../clib/angel/sysapp.c                   0x00000000   Number         0  sys_exit_hlt.o ABSOLUTE
    ../clib/angel/sysapp.c                   0x00000000   Number         0  sys_wrch.o ABSOLUTE
    ../clib/angel/sysapp.c                   0x00000000   Number         0  sys_wrch_hlt.o ABSOLUTE
    ../clib/angel/sysapp.c                   0x00000000   Number         0  sys_command.o ABSOLUTE
    ../clib/angel/sysapp.c                   0x00000000   Number         0  sys_command_hlt.o ABSOLUTE
    ../clib/armsys.c                         0x00000000   Number         0  argv_veneer.o ABSOLUTE
    ../clib/armsys.c                         0x00000000   Number         0  argv_veneer.o ABSOLUTE
    ../clib/armsys.c                         0x00000000   Number         0  _get_argv_nomalloc.o ABSOLUTE
    ../clib/armsys.c                         0x00000000   Number         0  no_argv.o ABSOLUTE
    ../clib/heapalloc.c                      0x00000000   Number         0  hrguard.o ABSOLUTE
    ../clib/heapaux.c                        0x00000000   Number         0  heapauxi.o ABSOLUTE
    ../clib/libinit.s                        0x00000000   Number         0  libinit.o ABSOLUTE
    ../clib/libinit.s                        0x00000000   Number         0  libinit2.o ABSOLUTE
    ../clib/libinit.s                        0x00000000   Number         0  libshutdown.o ABSOLUTE
    ../clib/libinit.s                        0x00000000   Number         0  libshutdown2.o ABSOLUTE
    ../clib/longlong.s                       0x00000000   Number         0  lludivv7m.o ABSOLUTE
    ../clib/signal.c                         0x00000000   Number         0  defsig_fpe_outer.o ABSOLUTE
    ../clib/signal.c                         0x00000000   Number         0  defsig_fpe_formal.o ABSOLUTE
    ../clib/signal.c                         0x00000000   Number         0  defsig_exit.o ABSOLUTE
    ../clib/signal.c                         0x00000000   Number         0  defsig_fpe_inner.o ABSOLUTE
    ../clib/signal.c                         0x00000000   Number         0  __raise.o ABSOLUTE
    ../clib/signal.c                         0x00000000   Number         0  defsig_general.o ABSOLUTE
    ../clib/signal.c                         0x00000000   Number         0  defsig_abrt_inner.o ABSOLUTE
    ../clib/signal.c                         0x00000000   Number         0  defsig_rtred_inner.o ABSOLUTE
    ../clib/signal.c                         0x00000000   Number         0  defsig_rtmem_inner.o ABSOLUTE
    ../clib/signal.c                         0x00000000   Number         0  defsig_rtmem_outer.o ABSOLUTE
    ../clib/signal.c                         0x00000000   Number         0  defsig_rtmem_formal.o ABSOLUTE
    ../clib/signal.c                         0x00000000   Number         0  defsig_stak_inner.o ABSOLUTE
    ../clib/signal.c                         0x00000000   Number         0  defsig_pvfn_inner.o ABSOLUTE
    ../clib/signal.c                         0x00000000   Number         0  defsig_cppl_inner.o ABSOLUTE
    ../clib/signal.c                         0x00000000   Number         0  defsig_segv_inner.o ABSOLUTE
    ../clib/signal.c                         0x00000000   Number         0  defsig_other.o ABSOLUTE
    ../clib/signal.s                         0x00000000   Number         0  defsig.o ABSOLUTE
    ../clib/stdlib.c                         0x00000000   Number         0  exit.o ABSOLUTE
    ../fplib/fpinit.s                        0x00000000   Number         0  fpinit.o ABSOLUTE
    RTE/Device/STM32L552ZETxQ/startup_stm32l552xx.s 0x00000000   Number         0  startup_stm32l552xx.o ABSOLUTE
    dc.s                                     0x00000000   Number         0  dc.o ABSOLUTE
    main.c                                   0x00000000   Number         0  main.o ABSOLUTE
    stm32l5xx_hal.c                          0x00000000   Number         0  stm32l5xx_hal.o ABSOLUTE
    stm32l5xx_hal_adc.c                      0x00000000   Number         0  stm32l5xx_hal_adc.o ABSOLUTE
    stm32l5xx_hal_adc_ex.c                   0x00000000   Number         0  stm32l5xx_hal_adc_ex.o ABSOLUTE
    stm32l5xx_hal_comp.c                     0x00000000   Number         0  stm32l5xx_hal_comp.o ABSOLUTE
    stm32l5xx_hal_cortex.c                   0x00000000   Number         0  stm32l5xx_hal_cortex.o ABSOLUTE
    stm32l5xx_hal_dma.c                      0x00000000   Number         0  stm32l5xx_hal_dma.o ABSOLUTE
    stm32l5xx_hal_dma_ex.c                   0x00000000   Number         0  stm32l5xx_hal_dma_ex.o ABSOLUTE
    stm32l5xx_hal_flash.c                    0x00000000   Number         0  stm32l5xx_hal_flash.o ABSOLUTE
    stm32l5xx_hal_flash_ex.c                 0x00000000   Number         0  stm32l5xx_hal_flash_ex.o ABSOLUTE
    stm32l5xx_hal_flash_ramfunc.c            0x00000000   Number         0  stm32l5xx_hal_flash_ramfunc.o ABSOLUTE
    stm32l5xx_hal_gpio.c                     0x00000000   Number         0  stm32l5xx_hal_gpio.o ABSOLUTE
    stm32l5xx_hal_i2c.c                      0x00000000   Number         0  stm32l5xx_hal_i2c.o ABSOLUTE
    stm32l5xx_hal_i2c_ex.c                   0x00000000   Number         0  stm32l5xx_hal_i2c_ex.o ABSOLUTE
    stm32l5xx_hal_pwr.c                      0x00000000   Number         0  stm32l5xx_hal_pwr.o ABSOLUTE
    stm32l5xx_hal_pwr_ex.c                   0x00000000   Number         0  stm32l5xx_hal_pwr_ex.o ABSOLUTE
    stm32l5xx_hal_rcc.c                      0x00000000   Number         0  stm32l5xx_hal_rcc.o ABSOLUTE
    stm32l5xx_hal_rcc_ex.c                   0x00000000   Number         0  stm32l5xx_hal_rcc_ex.o ABSOLUTE
    stm32l5xx_hal_tim.c                      0x00000000   Number         0  stm32l5xx_hal_tim.o ABSOLUTE
    stm32l5xx_hal_tim_ex.c                   0x00000000   Number         0  stm32l5xx_hal_tim_ex.o ABSOLUTE
    stm32l5xx_hal_uart.c                     0x00000000   Number         0  stm32l5xx_hal_uart.o ABSOLUTE
    stm32l5xx_hal_uart_ex.c                  0x00000000   Number         0  stm32l5xx_hal_uart_ex.o ABSOLUTE
    stm32l5xx_hal_usart.c                    0x00000000   Number         0  stm32l5xx_hal_usart.o ABSOLUTE
    stm32l5xx_hal_usart_ex.c                 0x00000000   Number         0  stm32l5xx_hal_usart_ex.o ABSOLUTE
    system_stm32l5xx.c                       0x00000000   Number         0  system_stm32l5xx.o ABSOLUTE
    RESET                                    0x08000000   Section      500  startup_stm32l552xx.o(RESET)
    !!!main                                  0x080001f4   Section        8  __main.o(!!!main)
    !!!scatter                               0x080001fc   Section       52  __scatter.o(!!!scatter)
    !!handler_copy                           0x08000230   Section       26  __scatter_copy.o(!!handler_copy)
    !!handler_zi                             0x0800024c   Section       28  __scatter_zi.o(!!handler_zi)
    .ARM.Collect$$libinit$$00000000          0x08000268   Section        2  libinit.o(.ARM.Collect$$libinit$$00000000)
    .ARM.Collect$$libinit$$00000001          0x0800026a   Section        4  libinit2.o(.ARM.Collect$$libinit$$00000001)
    .ARM.Collect$$libinit$$00000004          0x0800026e   Section        0  libinit2.o(.ARM.Collect$$libinit$$00000004)
    .ARM.Collect$$libinit$$0000000A          0x0800026e   Section        0  libinit2.o(.ARM.Collect$$libinit$$0000000A)
    .ARM.Collect$$libinit$$0000000C          0x0800026e   Section        0  libinit2.o(.ARM.Collect$$libinit$$0000000C)
    .ARM.Collect$$libinit$$0000000E          0x0800026e   Section        0  libinit2.o(.ARM.Collect$$libinit$$0000000E)
    .ARM.Collect$$libinit$$00000011          0x0800026e   Section        0  libinit2.o(.ARM.Collect$$libinit$$00000011)
    .ARM.Collect$$libinit$$00000013          0x0800026e   Section        0  libinit2.o(.ARM.Collect$$libinit$$00000013)
    .ARM.Collect$$libinit$$00000015          0x0800026e   Section        0  libinit2.o(.ARM.Collect$$libinit$$00000015)
    .ARM.Collect$$libinit$$00000017          0x0800026e   Section        0  libinit2.o(.ARM.Collect$$libinit$$00000017)
    .ARM.Collect$$libinit$$00000019          0x0800026e   Section        0  libinit2.o(.ARM.Collect$$libinit$$00000019)
    .ARM.Collect$$libinit$$0000001B          0x0800026e   Section        0  libinit2.o(.ARM.Collect$$libinit$$0000001B)
    .ARM.Collect$$libinit$$0000001D          0x0800026e   Section        0  libinit2.o(.ARM.Collect$$libinit$$0000001D)
    .ARM.Collect$$libinit$$0000001F          0x0800026e   Section        0  libinit2.o(.ARM.Collect$$libinit$$0000001F)
    .ARM.Collect$$libinit$$00000021          0x0800026e   Section        0  libinit2.o(.ARM.Collect$$libinit$$00000021)
    .ARM.Collect$$libinit$$00000023          0x0800026e   Section        0  libinit2.o(.ARM.Collect$$libinit$$00000023)
    .ARM.Collect$$libinit$$00000025          0x0800026e   Section        0  libinit2.o(.ARM.Collect$$libinit$$00000025)
    .ARM.Collect$$libinit$$0000002C          0x0800026e   Section        0  libinit2.o(.ARM.Collect$$libinit$$0000002C)
    .ARM.Collect$$libinit$$0000002E          0x0800026e   Section        0  libinit2.o(.ARM.Collect$$libinit$$0000002E)
    .ARM.Collect$$libinit$$00000030          0x0800026e   Section        0  libinit2.o(.ARM.Collect$$libinit$$00000030)
    .ARM.Collect$$libinit$$00000032          0x0800026e   Section        0  libinit2.o(.ARM.Collect$$libinit$$00000032)
    .ARM.Collect$$libinit$$00000033          0x0800026e   Section        2  libinit2.o(.ARM.Collect$$libinit$$00000033)
    .ARM.Collect$$libshutdown$$00000000      0x08000270   Section        2  libshutdown.o(.ARM.Collect$$libshutdown$$00000000)
    .ARM.Collect$$libshutdown$$00000002      0x08000272   Section        0  libshutdown2.o(.ARM.Collect$$libshutdown$$00000002)
    .ARM.Collect$$libshutdown$$00000004      0x08000272   Section        0  libshutdown2.o(.ARM.Collect$$libshutdown$$00000004)
    .ARM.Collect$$libshutdown$$00000007      0x08000272   Section        0  libshutdown2.o(.ARM.Collect$$libshutdown$$00000007)
    .ARM.Collect$$libshutdown$$0000000A      0x08000272   Section        0  libshutdown2.o(.ARM.Collect$$libshutdown$$0000000A)
    .ARM.Collect$$libshutdown$$0000000C      0x08000272   Section        0  libshutdown2.o(.ARM.Collect$$libshutdown$$0000000C)
    .ARM.Collect$$libshutdown$$0000000F      0x08000272   Section        0  libshutdown2.o(.ARM.Collect$$libshutdown$$0000000F)
    .ARM.Collect$$libshutdown$$00000010      0x08000272   Section        2  libshutdown2.o(.ARM.Collect$$libshutdown$$00000010)
    .ARM.Collect$$rtentry$$00000000          0x08000274   Section        0  __rtentry.o(.ARM.Collect$$rtentry$$00000000)
    .ARM.Collect$$rtentry$$00000002          0x08000274   Section        0  __rtentry2.o(.ARM.Collect$$rtentry$$00000002)
    .ARM.Collect$$rtentry$$00000004          0x08000274   Section        6  __rtentry4.o(.ARM.Collect$$rtentry$$00000004)
    .ARM.Collect$$rtentry$$00000009          0x0800027a   Section        0  __rtentry2.o(.ARM.Collect$$rtentry$$00000009)
    .ARM.Collect$$rtentry$$0000000A          0x0800027a   Section        4  __rtentry2.o(.ARM.Collect$$rtentry$$0000000A)
    .ARM.Collect$$rtentry$$0000000C          0x0800027e   Section        0  __rtentry2.o(.ARM.Collect$$rtentry$$0000000C)
    .ARM.Collect$$rtentry$$0000000D          0x0800027e   Section        8  __rtentry2.o(.ARM.Collect$$rtentry$$0000000D)
    .ARM.Collect$$rtexit$$00000000           0x08000286   Section        2  rtexit.o(.ARM.Collect$$rtexit$$00000000)
    .ARM.Collect$$rtexit$$00000002           0x08000288   Section        0  rtexit2.o(.ARM.Collect$$rtexit$$00000002)
    .ARM.Collect$$rtexit$$00000003           0x08000288   Section        4  rtexit2.o(.ARM.Collect$$rtexit$$00000003)
    .ARM.Collect$$rtexit$$00000004           0x0800028c   Section        6  rtexit2.o(.ARM.Collect$$rtexit$$00000004)
    $v0                                      0x08000294   Number         0  startup_stm32l552xx.o(.text)
    .text                                    0x08000294   Section       68  startup_stm32l552xx.o(.text)
    .text                                    0x080002d8   Section        0  heapauxi.o(.text)
    .text                                    0x080002de   Section       74  sys_stackheap_outer.o(.text)
    .text                                    0x08000328   Section        0  exit.o(.text)
    .text                                    0x0800033c   Section        8  libspace.o(.text)
    .text                                    0x08000344   Section        0  sys_exit.o(.text)
    .text                                    0x08000350   Section        2  use_no_semi.o(.text)
    .text                                    0x08000352   Section        0  indicate_semi.o(.text)
    [Anonymous Symbol]                       0x08000354   Section        0  system_stm32l5xx.o(.text.SystemInit)
    [Anonymous Symbol]                       0x08000368   Section        0  main.o(.text.main)
    $v0                                      0x0800051e   Number         0  fpinit.o(x$fpl$fpinit)
    x$fpl$fpinit                             0x0800051e   Section       26  fpinit.o(x$fpl$fpinit)
    .bss                                     0x20000028   Section       96  libspace.o(.bss)
    Heap_Mem                                 0x200000b0   Data         512  startup_stm32l552xx.o(HEAP)
    HEAP                                     0x200000b0   Section      512  startup_stm32l552xx.o(HEAP)
    Stack_Mem                                0x200002b0   Data        1024  startup_stm32l552xx.o(STACK)
    STACK                                    0x200002b0   Section     1024  startup_stm32l552xx.o(STACK)
    __initial_sp                             0x200006b0   Data           0  startup_stm32l552xx.o(STACK)

    Global Symbols

    Symbol Name                              Value     Ov Type        Size  Object(Section)

    BuildAttributes$$THM_ISAv4$E$P$D$K$B$S$7EM$8M$VFPi5$EXTD16$VFPS$VFMA$PE$A:L22UL41UL21$X:L11$S22US41US21$IEEE1$IW$~IW$USESV6$~STKCKD$USESV7$~SHL$OTIME$ROPI$EBA8$UX$STANDARDLIB$REQ8$PRES8$EABIv2 0x00000000   Number         0  anon$$obj.o ABSOLUTE
    __ARM_exceptions_init                     - Undefined Weak Reference
    __alloca_initialize                       - Undefined Weak Reference
    __arm_preinit_                            - Undefined Weak Reference
    __cpp_initialize__aeabi_                  - Undefined Weak Reference
    __cxa_finalize                            - Undefined Weak Reference
    __rt_locale                               - Undefined Weak Reference
    __sigvec_lookup                           - Undefined Weak Reference
    _atexit_init                              - Undefined Weak Reference
    _call_atexit_fns                          - Undefined Weak Reference
    _clock_init                               - Undefined Weak Reference
    _fp_trap_init                             - Undefined Weak Reference
    _fp_trap_shutdown                         - Undefined Weak Reference
    _get_lc_collate                           - Undefined Weak Reference
    _get_lc_ctype                             - Undefined Weak Reference
    _get_lc_monetary                          - Undefined Weak Reference
    _get_lc_numeric                           - Undefined Weak Reference
    _get_lc_time                              - Undefined Weak Reference
    _getenv_init                              - Undefined Weak Reference
    _handle_redirection                       - Undefined Weak Reference
    _init_alloc                               - Undefined Weak Reference
    _init_user_alloc                          - Undefined Weak Reference
    _initio                                   - Undefined Weak Reference
    _rand_init                                - Undefined Weak Reference
    _signal_finish                            - Undefined Weak Reference
    _signal_init                              - Undefined Weak Reference
    _terminate_alloc                          - Undefined Weak Reference
    _terminate_user_alloc                     - Undefined Weak Reference
    _terminateio                              - Undefined Weak Reference
    __Vectors_Size                           0x000001f4   Number         0  startup_stm32l552xx.o ABSOLUTE
    __Vectors                                0x08000000   Data           4  startup_stm32l552xx.o(RESET)
    __Vectors_End                            0x080001f4   Data           0  startup_stm32l552xx.o(RESET)
    __main                                   0x080001f5   Thumb Code     8  __main.o(!!!main)
    __scatterload                            0x080001fd   Thumb Code     0  __scatter.o(!!!scatter)
    __scatterload_rt2                        0x080001fd   Thumb Code    44  __scatter.o(!!!scatter)
    __scatterload_rt2_thumb_only             0x080001fd   Thumb Code     0  __scatter.o(!!!scatter)
    __scatterload_null                       0x0800020b   Thumb Code     0  __scatter.o(!!!scatter)
    __scatterload_copy                       0x08000231   Thumb Code    26  __scatter_copy.o(!!handler_copy)
    __scatterload_zeroinit                   0x0800024d   Thumb Code    28  __scatter_zi.o(!!handler_zi)
    __rt_lib_init                            0x08000269   Thumb Code     0  libinit.o(.ARM.Collect$$libinit$$00000000)
    __rt_lib_init_fp_1                       0x0800026b   Thumb Code     0  libinit2.o(.ARM.Collect$$libinit$$00000001)
    __rt_lib_init_alloca_1                   0x0800026f   Thumb Code     0  libinit2.o(.ARM.Collect$$libinit$$0000002E)
    __rt_lib_init_argv_1                     0x0800026f   Thumb Code     0  libinit2.o(.ARM.Collect$$libinit$$0000002C)
    __rt_lib_init_atexit_1                   0x0800026f   Thumb Code     0  libinit2.o(.ARM.Collect$$libinit$$0000001B)
    __rt_lib_init_clock_1                    0x0800026f   Thumb Code     0  libinit2.o(.ARM.Collect$$libinit$$00000021)
    __rt_lib_init_cpp_1                      0x0800026f   Thumb Code     0  libinit2.o(.ARM.Collect$$libinit$$00000032)
    __rt_lib_init_exceptions_1               0x0800026f   Thumb Code     0  libinit2.o(.ARM.Collect$$libinit$$00000030)
    __rt_lib_init_fp_trap_1                  0x0800026f   Thumb Code     0  libinit2.o(.ARM.Collect$$libinit$$0000001F)
    __rt_lib_init_getenv_1                   0x0800026f   Thumb Code     0  libinit2.o(.ARM.Collect$$libinit$$00000023)
    __rt_lib_init_heap_1                     0x0800026f   Thumb Code     0  libinit2.o(.ARM.Collect$$libinit$$0000000A)
    __rt_lib_init_lc_collate_1               0x0800026f   Thumb Code     0  libinit2.o(.ARM.Collect$$libinit$$00000011)
    __rt_lib_init_lc_ctype_1                 0x0800026f   Thumb Code     0  libinit2.o(.ARM.Collect$$libinit$$00000013)
    __rt_lib_init_lc_monetary_1              0x0800026f   Thumb Code     0  libinit2.o(.ARM.Collect$$libinit$$00000015)
    __rt_lib_init_lc_numeric_1               0x0800026f   Thumb Code     0  libinit2.o(.ARM.Collect$$libinit$$00000017)
    __rt_lib_init_lc_time_1                  0x0800026f   Thumb Code     0  libinit2.o(.ARM.Collect$$libinit$$00000019)
    __rt_lib_init_preinit_1                  0x0800026f   Thumb Code     0  libinit2.o(.ARM.Collect$$libinit$$00000004)
    __rt_lib_init_rand_1                     0x0800026f   Thumb Code     0  libinit2.o(.ARM.Collect$$libinit$$0000000E)
    __rt_lib_init_return                     0x0800026f   Thumb Code     0  libinit2.o(.ARM.Collect$$libinit$$00000033)
    __rt_lib_init_signal_1                   0x0800026f   Thumb Code     0  libinit2.o(.ARM.Collect$$libinit$$0000001D)
    __rt_lib_init_stdio_1                    0x0800026f   Thumb Code     0  libinit2.o(.ARM.Collect$$libinit$$00000025)
    __rt_lib_init_user_alloc_1               0x0800026f   Thumb Code     0  libinit2.o(.ARM.Collect$$libinit$$0000000C)
    __rt_lib_shutdown                        0x08000271   Thumb Code     0  libshutdown.o(.ARM.Collect$$libshutdown$$00000000)
    __rt_lib_shutdown_cpp_1                  0x08000273   Thumb Code     0  libshutdown2.o(.ARM.Collect$$libshutdown$$00000002)
    __rt_lib_shutdown_fp_trap_1              0x08000273   Thumb Code     0  libshutdown2.o(.ARM.Collect$$libshutdown$$00000007)
    __rt_lib_shutdown_heap_1                 0x08000273   Thumb Code     0  libshutdown2.o(.ARM.Collect$$libshutdown$$0000000F)
    __rt_lib_shutdown_return                 0x08000273   Thumb Code     0  libshutdown2.o(.ARM.Collect$$libshutdown$$00000010)
    __rt_lib_shutdown_signal_1               0x08000273   Thumb Code     0  libshutdown2.o(.ARM.Collect$$libshutdown$$0000000A)
    __rt_lib_shutdown_stdio_1                0x08000273   Thumb Code     0  libshutdown2.o(.ARM.Collect$$libshutdown$$00000004)
    __rt_lib_shutdown_user_alloc_1           0x08000273   Thumb Code     0  libshutdown2.o(.ARM.Collect$$libshutdown$$0000000C)
    __rt_entry                               0x08000275   Thumb Code     0  __rtentry.o(.ARM.Collect$$rtentry$$00000000)
    __rt_entry_presh_1                       0x08000275   Thumb Code     0  __rtentry2.o(.ARM.Collect$$rtentry$$00000002)
    __rt_entry_sh                            0x08000275   Thumb Code     0  __rtentry4.o(.ARM.Collect$$rtentry$$00000004)
    __rt_entry_li                            0x0800027b   Thumb Code     0  __rtentry2.o(.ARM.Collect$$rtentry$$0000000A)
    __rt_entry_postsh_1                      0x0800027b   Thumb Code     0  __rtentry2.o(.ARM.Collect$$rtentry$$00000009)
    __rt_entry_main                          0x0800027f   Thumb Code     0  __rtentry2.o(.ARM.Collect$$rtentry$$0000000D)
    __rt_entry_postli_1                      0x0800027f   Thumb Code     0  __rtentry2.o(.ARM.Collect$$rtentry$$0000000C)
    __rt_exit                                0x08000287   Thumb Code     0  rtexit.o(.ARM.Collect$$rtexit$$00000000)
    __rt_exit_ls                             0x08000289   Thumb Code     0  rtexit2.o(.ARM.Collect$$rtexit$$00000003)
    __rt_exit_prels_1                        0x08000289   Thumb Code     0  rtexit2.o(.ARM.Collect$$rtexit$$00000002)
    __rt_exit_exit                           0x0800028d   Thumb Code     0  rtexit2.o(.ARM.Collect$$rtexit$$00000004)
    Reset_Handler                            0x08000295   Thumb Code     8  startup_stm32l552xx.o(.text)
    NMI_Handler                              0x0800029d   Thumb Code     2  startup_stm32l552xx.o(.text)
    HardFault_Handler                        0x0800029f   Thumb Code     2  startup_stm32l552xx.o(.text)
    MemManage_Handler                        0x080002a1   Thumb Code     2  startup_stm32l552xx.o(.text)
    BusFault_Handler                         0x080002a3   Thumb Code     2  startup_stm32l552xx.o(.text)
    UsageFault_Handler                       0x080002a5   Thumb Code     2  startup_stm32l552xx.o(.text)
    SecureFault_Handler                      0x080002a7   Thumb Code     2  startup_stm32l552xx.o(.text)
    SVC_Handler                              0x080002a9   Thumb Code     2  startup_stm32l552xx.o(.text)
    DebugMon_Handler                         0x080002ab   Thumb Code     2  startup_stm32l552xx.o(.text)
    PendSV_Handler                           0x080002ad   Thumb Code     2  startup_stm32l552xx.o(.text)
    SysTick_Handler                          0x080002af   Thumb Code     2  startup_stm32l552xx.o(.text)
    ADC1_2_IRQHandler                        0x080002b1   Thumb Code     0  startup_stm32l552xx.o(.text)
    COMP_IRQHandler                          0x080002b1   Thumb Code     0  startup_stm32l552xx.o(.text)
    CRS_IRQHandler                           0x080002b1   Thumb Code     0  startup_stm32l552xx.o(.text)
    DAC_IRQHandler                           0x080002b1   Thumb Code     0  startup_stm32l552xx.o(.text)
    DFSDM1_FLT0_IRQHandler                   0x080002b1   Thumb Code     0  startup_stm32l552xx.o(.text)
    DFSDM1_FLT1_IRQHandler                   0x080002b1   Thumb Code     0  startup_stm32l552xx.o(.text)
    DFSDM1_FLT2_IRQHandler                   0x080002b1   Thumb Code     0  startup_stm32l552xx.o(.text)
    DFSDM1_FLT3_IRQHandler                   0x080002b1   Thumb Code     0  startup_stm32l552xx.o(.text)
    DMA1_Channel1_IRQHandler                 0x080002b1   Thumb Code     0  startup_stm32l552xx.o(.text)
    DMA1_Channel2_IRQHandler                 0x080002b1   Thumb Code     0  startup_stm32l552xx.o(.text)
    DMA1_Channel3_IRQHandler                 0x080002b1   Thumb Code     0  startup_stm32l552xx.o(.text)
    DMA1_Channel4_IRQHandler                 0x080002b1   Thumb Code     0  startup_stm32l552xx.o(.text)
    DMA1_Channel5_IRQHandler                 0x080002b1   Thumb Code     0  startup_stm32l552xx.o(.text)
    DMA1_Channel6_IRQHandler                 0x080002b1   Thumb Code     0  startup_stm32l552xx.o(.text)
    DMA1_Channel7_IRQHandler                 0x080002b1   Thumb Code     0  startup_stm32l552xx.o(.text)
    DMA1_Channel8_IRQHandler                 0x080002b1   Thumb Code     0  startup_stm32l552xx.o(.text)
    DMA2_Channel1_IRQHandler                 0x080002b1   Thumb Code     0  startup_stm32l552xx.o(.text)
    DMA2_Channel2_IRQHandler                 0x080002b1   Thumb Code     0  startup_stm32l552xx.o(.text)
    DMA2_Channel3_IRQHandler                 0x080002b1   Thumb Code     0  startup_stm32l552xx.o(.text)
    DMA2_Channel4_IRQHandler                 0x080002b1   Thumb Code     0  startup_stm32l552xx.o(.text)
    DMA2_Channel5_IRQHandler                 0x080002b1   Thumb Code     0  startup_stm32l552xx.o(.text)
    DMA2_Channel6_IRQHandler                 0x080002b1   Thumb Code     0  startup_stm32l552xx.o(.text)
    DMA2_Channel7_IRQHandler                 0x080002b1   Thumb Code     0  startup_stm32l552xx.o(.text)
    DMA2_Channel8_IRQHandler                 0x080002b1   Thumb Code     0  startup_stm32l552xx.o(.text)
    DMAMUX1_IRQHandler                       0x080002b1   Thumb Code     0  startup_stm32l552xx.o(.text)
    DMAMUX1_S_IRQHandler                     0x080002b1   Thumb Code     0  startup_stm32l552xx.o(.text)
    EXTI0_IRQHandler                         0x080002b1   Thumb Code     0  startup_stm32l552xx.o(.text)
    EXTI10_IRQHandler                        0x080002b1   Thumb Code     0  startup_stm32l552xx.o(.text)
    EXTI11_IRQHandler                        0x080002b1   Thumb Code     0  startup_stm32l552xx.o(.text)
    EXTI12_IRQHandler                        0x080002b1   Thumb Code     0  startup_stm32l552xx.o(.text)
    EXTI13_IRQHandler                        0x080002b1   Thumb Code     0  startup_stm32l552xx.o(.text)
    EXTI14_IRQHandler                        0x080002b1   Thumb Code     0  startup_stm32l552xx.o(.text)
    EXTI15_IRQHandler                        0x080002b1   Thumb Code     0  startup_stm32l552xx.o(.text)
    EXTI1_IRQHandler                         0x080002b1   Thumb Code     0  startup_stm32l552xx.o(.text)
    EXTI2_IRQHandler                         0x080002b1   Thumb Code     0  startup_stm32l552xx.o(.text)
    EXTI3_IRQHandler                         0x080002b1   Thumb Code     0  startup_stm32l552xx.o(.text)
    EXTI4_IRQHandler                         0x080002b1   Thumb Code     0  startup_stm32l552xx.o(.text)
    EXTI5_IRQHandler                         0x080002b1   Thumb Code     0  startup_stm32l552xx.o(.text)
    EXTI6_IRQHandler                         0x080002b1   Thumb Code     0  startup_stm32l552xx.o(.text)
    EXTI7_IRQHandler                         0x080002b1   Thumb Code     0  startup_stm32l552xx.o(.text)
    EXTI8_IRQHandler                         0x080002b1   Thumb Code     0  startup_stm32l552xx.o(.text)
    EXTI9_IRQHandler                         0x080002b1   Thumb Code     0  startup_stm32l552xx.o(.text)
    FDCAN1_IT0_IRQHandler                    0x080002b1   Thumb Code     0  startup_stm32l552xx.o(.text)
    FDCAN1_IT1_IRQHandler                    0x080002b1   Thumb Code     0  startup_stm32l552xx.o(.text)
    FLASH_IRQHandler                         0x080002b1   Thumb Code     0  startup_stm32l552xx.o(.text)
    FLASH_S_IRQHandler                       0x080002b1   Thumb Code     0  startup_stm32l552xx.o(.text)
    FMC_IRQHandler                           0x080002b1   Thumb Code     0  startup_stm32l552xx.o(.text)
    FPU_IRQHandler                           0x080002b1   Thumb Code     0  startup_stm32l552xx.o(.text)
    GTZC_IRQHandler                          0x080002b1   Thumb Code     0  startup_stm32l552xx.o(.text)
    HASH_IRQHandler                          0x080002b1   Thumb Code     0  startup_stm32l552xx.o(.text)
    I2C1_ER_IRQHandler                       0x080002b1   Thumb Code     0  startup_stm32l552xx.o(.text)
    I2C1_EV_IRQHandler                       0x080002b1   Thumb Code     0  startup_stm32l552xx.o(.text)
    I2C2_ER_IRQHandler                       0x080002b1   Thumb Code     0  startup_stm32l552xx.o(.text)
    I2C2_EV_IRQHandler                       0x080002b1   Thumb Code     0  startup_stm32l552xx.o(.text)
    I2C3_ER_IRQHandler                       0x080002b1   Thumb Code     0  startup_stm32l552xx.o(.text)
    I2C3_EV_IRQHandler                       0x080002b1   Thumb Code     0  startup_stm32l552xx.o(.text)
    I2C4_ER_IRQHandler                       0x080002b1   Thumb Code     0  startup_stm32l552xx.o(.text)
    I2C4_EV_IRQHandler                       0x080002b1   Thumb Code     0  startup_stm32l552xx.o(.text)
    ICACHE_IRQHandler                        0x080002b1   Thumb Code     0  startup_stm32l552xx.o(.text)
    LPTIM1_IRQHandler                        0x080002b1   Thumb Code     0  startup_stm32l552xx.o(.text)
    LPTIM2_IRQHandler                        0x080002b1   Thumb Code     0  startup_stm32l552xx.o(.text)
    LPTIM3_IRQHandler                        0x080002b1   Thumb Code     0  startup_stm32l552xx.o(.text)
    LPUART1_IRQHandler                       0x080002b1   Thumb Code     0  startup_stm32l552xx.o(.text)
    OCTOSPI1_IRQHandler                      0x080002b1   Thumb Code     0  startup_stm32l552xx.o(.text)
    PVD_PVM_IRQHandler                       0x080002b1   Thumb Code     0  startup_stm32l552xx.o(.text)
    RCC_IRQHandler                           0x080002b1   Thumb Code     0  startup_stm32l552xx.o(.text)
    RCC_S_IRQHandler                         0x080002b1   Thumb Code     0  startup_stm32l552xx.o(.text)
    RNG_IRQHandler                           0x080002b1   Thumb Code     0  startup_stm32l552xx.o(.text)
    RTC_IRQHandler                           0x080002b1   Thumb Code     0  startup_stm32l552xx.o(.text)
    RTC_S_IRQHandler                         0x080002b1   Thumb Code     0  startup_stm32l552xx.o(.text)
    SAI1_IRQHandler                          0x080002b1   Thumb Code     0  startup_stm32l552xx.o(.text)
    SAI2_IRQHandler                          0x080002b1   Thumb Code     0  startup_stm32l552xx.o(.text)
    SDMMC1_IRQHandler                        0x080002b1   Thumb Code     0  startup_stm32l552xx.o(.text)
    SPI1_IRQHandler                          0x080002b1   Thumb Code     0  startup_stm32l552xx.o(.text)
    SPI2_IRQHandler                          0x080002b1   Thumb Code     0  startup_stm32l552xx.o(.text)
    SPI3_IRQHandler                          0x080002b1   Thumb Code     0  startup_stm32l552xx.o(.text)
    TAMP_IRQHandler                          0x080002b1   Thumb Code     0  startup_stm32l552xx.o(.text)
    TAMP_S_IRQHandler                        0x080002b1   Thumb Code     0  startup_stm32l552xx.o(.text)
    TIM15_IRQHandler                         0x080002b1   Thumb Code     0  startup_stm32l552xx.o(.text)
    TIM16_IRQHandler                         0x080002b1   Thumb Code     0  startup_stm32l552xx.o(.text)
    TIM17_IRQHandler                         0x080002b1   Thumb Code     0  startup_stm32l552xx.o(.text)
    TIM1_BRK_IRQHandler                      0x080002b1   Thumb Code     0  startup_stm32l552xx.o(.text)
    TIM1_CC_IRQHandler                       0x080002b1   Thumb Code     0  startup_stm32l552xx.o(.text)
    TIM1_TRG_COM_IRQHandler                  0x080002b1   Thumb Code     0  startup_stm32l552xx.o(.text)
    TIM1_UP_IRQHandler                       0x080002b1   Thumb Code     0  startup_stm32l552xx.o(.text)
    TIM2_IRQHandler                          0x080002b1   Thumb Code     0  startup_stm32l552xx.o(.text)
    TIM3_IRQHandler                          0x080002b1   Thumb Code     0  startup_stm32l552xx.o(.text)
    TIM4_IRQHandler                          0x080002b1   Thumb Code     0  startup_stm32l552xx.o(.text)
    TIM5_IRQHandler                          0x080002b1   Thumb Code     0  startup_stm32l552xx.o(.text)
    TIM6_IRQHandler                          0x080002b1   Thumb Code     0  startup_stm32l552xx.o(.text)
    TIM7_IRQHandler                          0x080002b1   Thumb Code     0  startup_stm32l552xx.o(.text)
    TIM8_BRK_IRQHandler                      0x080002b1   Thumb Code     0  startup_stm32l552xx.o(.text)
    TIM8_CC_IRQHandler                       0x080002b1   Thumb Code     0  startup_stm32l552xx.o(.text)
    TIM8_TRG_COM_IRQHandler                  0x080002b1   Thumb Code     0  startup_stm32l552xx.o(.text)
    TIM8_UP_IRQHandler                       0x080002b1   Thumb Code     0  startup_stm32l552xx.o(.text)
    TSC_IRQHandler                           0x080002b1   Thumb Code     0  startup_stm32l552xx.o(.text)
    UART4_IRQHandler                         0x080002b1   Thumb Code     0  startup_stm32l552xx.o(.text)
    UART5_IRQHandler                         0x080002b1   Thumb Code     0  startup_stm32l552xx.o(.text)
    UCPD1_IRQHandler                         0x080002b1   Thumb Code     0  startup_stm32l552xx.o(.text)
    USART1_IRQHandler                        0x080002b1   Thumb Code     0  startup_stm32l552xx.o(.text)
    USART2_IRQHandler                        0x080002b1   Thumb Code     0  startup_stm32l552xx.o(.text)
    USART3_IRQHandler                        0x080002b1   Thumb Code     0  startup_stm32l552xx.o(.text)
    USB_FS_IRQHandler                        0x080002b1   Thumb Code     0  startup_stm32l552xx.o(.text)
    WWDG_IRQHandler                          0x080002b1   Thumb Code     0  startup_stm32l552xx.o(.text)
    __user_initial_stackheap                 0x080002b5   Thumb Code    10  startup_stm32l552xx.o(.text)
    __use_two_region_memory                  0x080002d9   Thumb Code     2  heapauxi.o(.text)
    __rt_heap_escrow$2region                 0x080002db   Thumb Code     2  heapauxi.o(.text)
    __rt_heap_expand$2region                 0x080002dd   Thumb Code     2  heapauxi.o(.text)
    __user_setup_stackheap                   0x080002df   Thumb Code    74  sys_stackheap_outer.o(.text)
    exit                                     0x08000329   Thumb Code    18  exit.o(.text)
    __user_libspace                          0x0800033d   Thumb Code     8  libspace.o(.text)
    __user_perproc_libspace                  0x0800033d   Thumb Code     0  libspace.o(.text)
    __user_perthread_libspace                0x0800033d   Thumb Code     0  libspace.o(.text)
    _sys_exit                                0x08000345   Thumb Code     8  sys_exit.o(.text)
    __I$use$semihosting                      0x08000351   Thumb Code     0  use_no_semi.o(.text)
    __use_no_semihosting_swi                 0x08000351   Thumb Code     2  use_no_semi.o(.text)
    __semihosting_library_function           0x08000353   Thumb Code     0  indicate_semi.o(.text)
    SystemInit                               0x08000355   Thumb Code    18  system_stm32l5xx.o(.text.SystemInit)
    main                                     0x08000369   Thumb Code   438  main.o(.text.main)
    _fp_init                                 0x0800051f   Thumb Code    26  fpinit.o(x$fpl$fpinit)
    __fplib_config_fpu_vfp                   0x08000537   Thumb Code     0  fpinit.o(x$fpl$fpinit)
    __fplib_config_pureend_doubles           0x08000537   Thumb Code     0  fpinit.o(x$fpl$fpinit)
    Region$$Table$$Base                      0x08000538   Number         0  anon$$obj.o(Region$$Table)
    Region$$Table$$Limit                     0x08000558   Number         0  anon$$obj.o(Region$$Table)
    offset                                   0x20000000   Data          40  main.o(.data.offset)
    __libspace_start                         0x20000028   Data          96  libspace.o(.bss)
    __temporary_stack_top$libspace           0x20000088   Data           0  libspace.o(.bss)
    list                                     0x20000088   Data          40  main.o(.bss.list)



==============================================================================

Memory Map of the image

  Image Entry point : 0x080001f5

  Load Region LR_IROM1 (Base: 0x08000000, Size: 0x00000580, Max: 0x00080000, ABSOLUTE)

    Execution Region ER_IROM1 (Exec base: 0x08000000, Load base: 0x08000000, Size: 0x00000558, Max: 0x00080000, ABSOLUTE)

    Exec Addr    Load Addr    Size         Type   Attr      Idx    E Section Name        Object

    0x08000000   0x08000000   0x000001f4   Data   RO           20    RESET               startup_stm32l552xx.o
    0x080001f4   0x080001f4   0x00000008   Code   RO         1550  * !!!main             c_w.l(__main.o)
    0x080001fc   0x080001fc   0x00000034   Code   RO         1723    !!!scatter          c_w.l(__scatter.o)
    0x08000230   0x08000230   0x0000001a   Code   RO         1725    !!handler_copy      c_w.l(__scatter_copy.o)
    0x0800024a   0x0800024a   0x00000002   PAD
    0x0800024c   0x0800024c   0x0000001c   Code   RO         1727    !!handler_zi        c_w.l(__scatter_zi.o)
    0x08000268   0x08000268   0x00000002   Code   RO         1587    .ARM.Collect$$libinit$$00000000  c_w.l(libinit.o)
    0x0800026a   0x0800026a   0x00000004   Code   RO         1599    .ARM.Collect$$libinit$$00000001  c_w.l(libinit2.o)
    0x0800026e   0x0800026e   0x00000000   Code   RO         1602    .ARM.Collect$$libinit$$00000004  c_w.l(libinit2.o)
    0x0800026e   0x0800026e   0x00000000   Code   RO         1605    .ARM.Collect$$libinit$$0000000A  c_w.l(libinit2.o)
    0x0800026e   0x0800026e   0x00000000   Code   RO         1607    .ARM.Collect$$libinit$$0000000C  c_w.l(libinit2.o)
    0x0800026e   0x0800026e   0x00000000   Code   RO         1609    .ARM.Collect$$libinit$$0000000E  c_w.l(libinit2.o)
    0x0800026e   0x0800026e   0x00000000   Code   RO         1612    .ARM.Collect$$libinit$$00000011  c_w.l(libinit2.o)
    0x0800026e   0x0800026e   0x00000000   Code   RO         1614    .ARM.Collect$$libinit$$00000013  c_w.l(libinit2.o)
    0x0800026e   0x0800026e   0x00000000   Code   RO         1616    .ARM.Collect$$libinit$$00000015  c_w.l(libinit2.o)
    0x0800026e   0x0800026e   0x00000000   Code   RO         1618    .ARM.Collect$$libinit$$00000017  c_w.l(libinit2.o)
    0x0800026e   0x0800026e   0x00000000   Code   RO         1620    .ARM.Collect$$libinit$$00000019  c_w.l(libinit2.o)
    0x0800026e   0x0800026e   0x00000000   Code   RO         1622    .ARM.Collect$$libinit$$0000001B  c_w.l(libinit2.o)
    0x0800026e   0x0800026e   0x00000000   Code   RO         1624    .ARM.Collect$$libinit$$0000001D  c_w.l(libinit2.o)
    0x0800026e   0x0800026e   0x00000000   Code   RO         1626    .ARM.Collect$$libinit$$0000001F  c_w.l(libinit2.o)
    0x0800026e   0x0800026e   0x00000000   Code   RO         1628    .ARM.Collect$$libinit$$00000021  c_w.l(libinit2.o)
    0x0800026e   0x0800026e   0x00000000   Code   RO         1630    .ARM.Collect$$libinit$$00000023  c_w.l(libinit2.o)
    0x0800026e   0x0800026e   0x00000000   Code   RO         1632    .ARM.Collect$$libinit$$00000025  c_w.l(libinit2.o)
    0x0800026e   0x0800026e   0x00000000   Code   RO         1636    .ARM.Collect$$libinit$$0000002C  c_w.l(libinit2.o)
    0x0800026e   0x0800026e   0x00000000   Code   RO         1638    .ARM.Collect$$libinit$$0000002E  c_w.l(libinit2.o)
    0x0800026e   0x0800026e   0x00000000   Code   RO         1640    .ARM.Collect$$libinit$$00000030  c_w.l(libinit2.o)
    0x0800026e   0x0800026e   0x00000000   Code   RO         1642    .ARM.Collect$$libinit$$00000032  c_w.l(libinit2.o)
    0x0800026e   0x0800026e   0x00000002   Code   RO         1643    .ARM.Collect$$libinit$$00000033  c_w.l(libinit2.o)
    0x08000270   0x08000270   0x00000002   Code   RO         1678    .ARM.Collect$$libshutdown$$00000000  c_w.l(libshutdown.o)
    0x08000272   0x08000272   0x00000000   Code   RO         1706    .ARM.Collect$$libshutdown$$00000002  c_w.l(libshutdown2.o)
    0x08000272   0x08000272   0x00000000   Code   RO         1708    .ARM.Collect$$libshutdown$$00000004  c_w.l(libshutdown2.o)
    0x08000272   0x08000272   0x00000000   Code   RO         1711    .ARM.Collect$$libshutdown$$00000007  c_w.l(libshutdown2.o)
    0x08000272   0x08000272   0x00000000   Code   RO         1714    .ARM.Collect$$libshutdown$$0000000A  c_w.l(libshutdown2.o)
    0x08000272   0x08000272   0x00000000   Code   RO         1716    .ARM.Collect$$libshutdown$$0000000C  c_w.l(libshutdown2.o)
    0x08000272   0x08000272   0x00000000   Code   RO         1719    .ARM.Collect$$libshutdown$$0000000F  c_w.l(libshutdown2.o)
    0x08000272   0x08000272   0x00000002   Code   RO         1720    .ARM.Collect$$libshutdown$$00000010  c_w.l(libshutdown2.o)
    0x08000274   0x08000274   0x00000000   Code   RO         1552    .ARM.Collect$$rtentry$$00000000  c_w.l(__rtentry.o)
    0x08000274   0x08000274   0x00000000   Code   RO         1558    .ARM.Collect$$rtentry$$00000002  c_w.l(__rtentry2.o)
    0x08000274   0x08000274   0x00000006   Code   RO         1570    .ARM.Collect$$rtentry$$00000004  c_w.l(__rtentry4.o)
    0x0800027a   0x0800027a   0x00000000   Code   RO         1560    .ARM.Collect$$rtentry$$00000009  c_w.l(__rtentry2.o)
    0x0800027a   0x0800027a   0x00000004   Code   RO         1561    .ARM.Collect$$rtentry$$0000000A  c_w.l(__rtentry2.o)
    0x0800027e   0x0800027e   0x00000000   Code   RO         1563    .ARM.Collect$$rtentry$$0000000C  c_w.l(__rtentry2.o)
    0x0800027e   0x0800027e   0x00000008   Code   RO         1564    .ARM.Collect$$rtentry$$0000000D  c_w.l(__rtentry2.o)
    0x08000286   0x08000286   0x00000002   Code   RO         1591    .ARM.Collect$$rtexit$$00000000  c_w.l(rtexit.o)
    0x08000288   0x08000288   0x00000000   Code   RO         1649    .ARM.Collect$$rtexit$$00000002  c_w.l(rtexit2.o)
    0x08000288   0x08000288   0x00000004   Code   RO         1650    .ARM.Collect$$rtexit$$00000003  c_w.l(rtexit2.o)
    0x0800028c   0x0800028c   0x00000006   Code   RO         1651    .ARM.Collect$$rtexit$$00000004  c_w.l(rtexit2.o)
    0x08000292   0x08000292   0x00000002   PAD
    0x08000294   0x08000294   0x00000044   Code   RO           21    .text               startup_stm32l552xx.o
    0x080002d8   0x080002d8   0x00000006   Code   RO         1548    .text               c_w.l(heapauxi.o)
    0x080002de   0x080002de   0x0000004a   Code   RO         1574    .text               c_w.l(sys_stackheap_outer.o)
    0x08000328   0x08000328   0x00000012   Code   RO         1576    .text               c_w.l(exit.o)
    0x0800033a   0x0800033a   0x00000002   PAD
    0x0800033c   0x0800033c   0x00000008   Code   RO         1588    .text               c_w.l(libspace.o)
    0x08000344   0x08000344   0x0000000c   Code   RO         1644    .text               c_w.l(sys_exit.o)
    0x08000350   0x08000350   0x00000002   Code   RO         1667    .text               c_w.l(use_no_semi.o)
    0x08000352   0x08000352   0x00000000   Code   RO         1669    .text               c_w.l(indicate_semi.o)
    0x08000352   0x08000352   0x00000002   PAD
    0x08000354   0x08000354   0x00000012   Code   RO           28    .text.SystemInit    system_stm32l5xx.o
    0x08000366   0x08000366   0x00000002   PAD
    0x08000368   0x08000368   0x000001b6   Code   RO            6    .text.main          main.o
    0x0800051e   0x0800051e   0x0000001a   Code   RO         1661    x$fpl$fpinit        fz_wm.l(fpinit.o)
    0x08000538   0x08000538   0x00000020   Data   RO         1722    Region$$Table       anon$$obj.o


    Execution Region RW_IRAM1 (Exec base: 0x20000000, Load base: 0x08000558, Size: 0x000006b0, Max: 0x00040000, ABSOLUTE)

    Exec Addr    Load Addr    Size         Type   Attr      Idx    E Section Name        Object

    0x20000000   0x08000558   0x00000028   Data   RW            8    .data.offset        main.o
    0x20000028        -       0x00000060   Zero   RW         1589    .bss                c_w.l(libspace.o)
    0x20000088        -       0x00000028   Zero   RW            9    .bss.list           main.o
    0x200000b0        -       0x00000200   Zero   RW           19    HEAP                startup_stm32l552xx.o
    0x200002b0        -       0x00000400   Zero   RW           18    STACK               startup_stm32l552xx.o


==============================================================================

Image component sizes


      Code (inc. data)   RO Data    RW Data    ZI Data      Debug   Object Name

       438          0          0         40         40       2602   main.o
        68         28        500          0       1536       1152   startup_stm32l552xx.o
        18          0          0          0          0       3954   system_stm32l5xx.o

    ----------------------------------------------------------------------
       526         28        532         40       1576       7708   Object Totals
         0          0         32          0          0          0   (incl. Generated)
         2          0          0          0          0          0   (incl. Padding)

    ----------------------------------------------------------------------

      Code (inc. data)   RO Data    RW Data    ZI Data      Debug   Library Member Name

         8          0          0          0          0         68   __main.o
         0          0          0          0          0          0   __rtentry.o
        12          0          0          0          0          0   __rtentry2.o
         6          0          0          0          0          0   __rtentry4.o
        52          8          0          0          0          0   __scatter.o
        26          0          0          0          0          0   __scatter_copy.o
        28          0          0          0          0          0   __scatter_zi.o
        18          0          0          0          0         80   exit.o
         6          0          0          0          0        152   heapauxi.o
         0          0          0          0          0          0   indicate_semi.o
         2          0          0          0          0          0   libinit.o
         6          0          0          0          0          0   libinit2.o
         2          0          0          0          0          0   libshutdown.o
         2          0          0          0          0          0   libshutdown2.o
         8          4          0          0         96         68   libspace.o
         2          0          0          0          0          0   rtexit.o
        10          0          0          0          0          0   rtexit2.o
        12          4          0          0          0         68   sys_exit.o
        74          0          0          0          0         80   sys_stackheap_outer.o
         2          0          0          0          0         68   use_no_semi.o
        26          0          0          0          0        116   fpinit.o

    ----------------------------------------------------------------------
       310         16          0          0         96        700   Library Totals
         8          0          0          0          0          0   (incl. Padding)

    ----------------------------------------------------------------------

      Code (inc. data)   RO Data    RW Data    ZI Data      Debug   Library Name

       276         16          0          0         96        584   c_w.l
        26          0          0          0          0        116   fz_wm.l

    ----------------------------------------------------------------------
       310         16          0          0         96        700   Library Totals

    ----------------------------------------------------------------------

==============================================================================


      Code (inc. data)   RO Data    RW Data    ZI Data      Debug   

       836         44        532         40       1672       8236   Grand Totals
       836         44        532         40       1672       8236   ELF Image Totals
       836         44        532         40          0          0   ROM Totals

==============================================================================

    Total RO  Size (Code + RO Data)                 1368 (   1.34kB)
    Total RW  Size (RW Data + ZI Data)              1712 (   1.67kB)
    Total ROM Size (Code + RO Data + RW Data)       1408 (   1.38kB)

==============================================================================

