	.text
	.syntax unified
	.eabi_attribute	67, "2.09"	@ Tag_conformance
	.cpu	cortex-m33
	.eabi_attribute	6, 17	@ Tag_CPU_arch
	.eabi_attribute	7, 77	@ Tag_CPU_arch_profile
	.eabi_attribute	8, 0	@ Tag_ARM_ISA_use
	.eabi_attribute	9, 3	@ Tag_THUMB_ISA_use
	.fpu	fpv5-sp-d16
	.eabi_attribute	27, 1	@ Tag_ABI_HardFP_use
	.eabi_attribute	36, 1	@ Tag_FP_HP_extension
	.eabi_attribute	46, 1	@ Tag_DSP_extension
	.eabi_attribute	34, 1	@ Tag_CPU_unaligned_access
	.eabi_attribute	17, 1	@ Tag_ABI_PCS_GOT_use
	.eabi_attribute	20, 2	@ Tag_ABI_FP_denormal
	.eabi_attribute	21, 0	@ Tag_ABI_FP_exceptions
	.eabi_attribute	23, 1	@ Tag_ABI_FP_number_model
	.eabi_attribute	24, 1	@ Tag_ABI_align_needed
	.eabi_attribute	25, 1	@ Tag_ABI_align_preserved
	.eabi_attribute	28, 1	@ Tag_ABI_VFP_args
	.eabi_attribute	38, 1	@ Tag_ABI_FP_16bit_format
	.eabi_attribute	18, 2	@ Tag_ABI_PCS_wchar_t
	.eabi_attribute	26, 1	@ Tag_ABI_enum_size
	.eabi_attribute	14, 0	@ Tag_ABI_PCS_R9_use
	.file	"main.c"
	.file	1 "C:\\Users\\oyiben01\\Documents\\SVN\\Content_WorkSpace\\Courses\\Efficient Embedded Education Kit\\Efficient Embedded Education Kit-NUCLEO-144_LATEST\\contents\\5. C Code as Implemented in Assembly Language\\Code\\Listing" "main.c"
	.section	.text.list_init,"ax",%progbits
	.hidden	list_init                       @ -- Begin function list_init
	.globl	list_init
	.p2align	2
	.type	list_init,%function
	.code	16                              @ @list_init
	.thumb_func
list_init:
.Lfunc_begin0:
	.loc	1 7 0                           @ main.c:7:0
	.fnstart
	.cfi_sections .debug_frame
	.cfi_startproc
@ %bb.0:
	.save	{r4, r5, r6, r7, r8, r9, r10, lr}
	push.w	{r4, r5, r6, r7, r8, r9, r10, lr}
	.cfi_def_cfa_offset 32
	.cfi_offset lr, -4
	.cfi_offset r10, -8
	.cfi_offset r9, -12
	.cfi_offset r8, -16
	.cfi_offset r7, -20
	.cfi_offset r6, -24
	.cfi_offset r5, -28
	.cfi_offset r4, -32
.Ltmp0:
	@DEBUG_VALUE: list_init:i <- 0
	.loc	1 11 26 prologue_end            @ main.c:11:26
	movw	r0, :lower16:offset
	movt	r0, :upper16:offset
.Ltmp1:
	@DEBUG_VALUE: list_init:i <- 3
	ldm.w	r0, {r1, r2, r3, r12, lr}
	add.w	r8, r0, #20
	ldm.w	r8, {r4, r5, r8}
	.loc	1 11 24 is_stmt 0               @ main.c:11:24
	rsb.w	r10, r12, #27
.Ltmp2:
	@DEBUG_VALUE: list_init:i <- 4
	.loc	1 0 24                          @ main.c:0:24
	movw	r12, #343
	.loc	1 11 12                         @ main.c:11:12
	movw	r7, :lower16:list
	.loc	1 11 24                         @ main.c:11:24
	rsb.w	r9, r1, #0
	rsb.w	r5, r5, #216
.Ltmp3:
	@DEBUG_VALUE: list_init:i <- 7
	.loc	1 11 12                         @ main.c:11:12
	movt	r7, :upper16:list
	.loc	1 11 24                         @ main.c:11:24
	sub.w	r1, r12, r8
.Ltmp4:
	@DEBUG_VALUE: list_init:i <- 8
	.loc	1 11 12                         @ main.c:11:12
	strd	r5, r1, [r7, #24]
	.loc	1 11 26                         @ main.c:11:26
	ldrd	r1, r0, [r0, #32]
	.loc	1 11 24                         @ main.c:11:24
	rsb.w	r2, r2, #1
	.loc	1 11 12                         @ main.c:11:12
	strd	r9, r2, [r7]
	movw	r2, #729
	.loc	1 11 24                         @ main.c:11:24
	rsb.w	r3, r3, #8
	rsb.w	r6, lr, #64
.Ltmp5:
	@DEBUG_VALUE: list_init:i <- 5
	rsb.w	r4, r4, #125
.Ltmp6:
	@DEBUG_VALUE: list_init:i <- 6
	rsb.w	r1, r1, #512
.Ltmp7:
	@DEBUG_VALUE: list_init:i <- 9
	subs	r0, r2, r0
.Ltmp8:
	@DEBUG_VALUE: list_init:i <- 10
	.loc	1 11 12                         @ main.c:11:12
	strd	r3, r10, [r7, #8]
	strd	r6, r4, [r7, #16]
	strd	r1, r0, [r7, #32]
.Ltmp9:
	.loc	1 16 1 is_stmt 1                @ main.c:16:1
	pop.w	{r4, r5, r6, r7, r8, r9, r10, pc}
.Ltmp10:
.Lfunc_end0:
	.size	list_init, .Lfunc_end0-list_init
	.cfi_endproc
	.cantunwind
	.fnend
                                        @ -- End function
	.section	.text.list_find,"ax",%progbits
	.hidden	list_find                       @ -- Begin function list_find
	.globl	list_find
	.p2align	2
	.type	list_find,%function
	.code	16                              @ @list_find
	.thumb_func
list_find:
.Lfunc_begin1:
	.loc	1 18 0                          @ main.c:18:0
	.fnstart
	.cfi_startproc
@ %bb.0:
	@DEBUG_VALUE: list_find:key <- $r0
	.loc	1 21 7 prologue_end             @ main.c:21:7
	movw	r1, :lower16:list
	movt	r1, :upper16:list
	ldr	r2, [r1]
.Ltmp11:
	@DEBUG_VALUE: list_find:i <- 0
	@DEBUG_VALUE: list_find:key <- $r0
	.loc	1 21 7 is_stmt 0                @ main.c:21:7
	cmp	r2, r0
	itt	eq
	moveq	r0, #0
.Ltmp12:
	@DEBUG_VALUE: list_find:key <- [DW_OP_LLVM_entry_value 1] $r0
	.loc	1 25 1 is_stmt 1                @ main.c:25:1
	bxeq	lr
.Ltmp13:
.LBB1_1:
	@DEBUG_VALUE: list_find:key <- [DW_OP_LLVM_entry_value 1] $r0
	@DEBUG_VALUE: list_find:i <- 0
	@DEBUG_VALUE: list_find:i <- 1
	.loc	1 21 7                          @ main.c:21:7
	ldr	r2, [r1, #4]
.Ltmp14:
	.loc	1 21 7 is_stmt 0                @ main.c:21:7
	cmp	r2, r0
	itt	eq
	moveq	r0, #1
.Ltmp15:
	.loc	1 25 1 is_stmt 1                @ main.c:25:1
	bxeq	lr
.Ltmp16:
.LBB1_2:
	@DEBUG_VALUE: list_find:i <- 1
	@DEBUG_VALUE: list_find:key <- [DW_OP_LLVM_entry_value 1] $r0
	@DEBUG_VALUE: list_find:i <- 2
	.loc	1 21 7                          @ main.c:21:7
	ldr	r2, [r1, #8]
.Ltmp17:
	.loc	1 21 7 is_stmt 0                @ main.c:21:7
	cmp	r2, r0
	itt	eq
	moveq	r0, #2
.Ltmp18:
	.loc	1 25 1 is_stmt 1                @ main.c:25:1
	bxeq	lr
.Ltmp19:
.LBB1_3:
	@DEBUG_VALUE: list_find:i <- 2
	@DEBUG_VALUE: list_find:key <- [DW_OP_LLVM_entry_value 1] $r0
	@DEBUG_VALUE: list_find:i <- 3
	.loc	1 21 7                          @ main.c:21:7
	ldr	r2, [r1, #12]
.Ltmp20:
	.loc	1 21 7 is_stmt 0                @ main.c:21:7
	cmp	r2, r0
	itt	eq
	moveq	r0, #3
.Ltmp21:
	.loc	1 25 1 is_stmt 1                @ main.c:25:1
	bxeq	lr
.Ltmp22:
.LBB1_4:
	@DEBUG_VALUE: list_find:i <- 3
	@DEBUG_VALUE: list_find:key <- [DW_OP_LLVM_entry_value 1] $r0
	@DEBUG_VALUE: list_find:i <- 4
	.loc	1 21 7                          @ main.c:21:7
	ldr	r2, [r1, #16]
.Ltmp23:
	.loc	1 21 7 is_stmt 0                @ main.c:21:7
	cmp	r2, r0
	itt	eq
	moveq	r0, #4
.Ltmp24:
	.loc	1 25 1 is_stmt 1                @ main.c:25:1
	bxeq	lr
.Ltmp25:
.LBB1_5:
	@DEBUG_VALUE: list_find:i <- 4
	@DEBUG_VALUE: list_find:key <- [DW_OP_LLVM_entry_value 1] $r0
	@DEBUG_VALUE: list_find:i <- 5
	.loc	1 21 7                          @ main.c:21:7
	ldr	r2, [r1, #20]
.Ltmp26:
	.loc	1 21 7 is_stmt 0                @ main.c:21:7
	cmp	r2, r0
	itt	eq
	moveq	r0, #5
.Ltmp27:
	.loc	1 25 1 is_stmt 1                @ main.c:25:1
	bxeq	lr
.Ltmp28:
.LBB1_6:
	@DEBUG_VALUE: list_find:i <- 5
	@DEBUG_VALUE: list_find:key <- [DW_OP_LLVM_entry_value 1] $r0
	@DEBUG_VALUE: list_find:i <- 6
	.loc	1 21 7                          @ main.c:21:7
	ldr	r2, [r1, #24]
.Ltmp29:
	.loc	1 21 7 is_stmt 0                @ main.c:21:7
	cmp	r2, r0
	itt	eq
	moveq	r0, #6
.Ltmp30:
	.loc	1 25 1 is_stmt 1                @ main.c:25:1
	bxeq	lr
.Ltmp31:
.LBB1_7:
	@DEBUG_VALUE: list_find:i <- 6
	@DEBUG_VALUE: list_find:key <- [DW_OP_LLVM_entry_value 1] $r0
	@DEBUG_VALUE: list_find:i <- 7
	.loc	1 21 7                          @ main.c:21:7
	ldr	r2, [r1, #28]
.Ltmp32:
	.loc	1 21 7 is_stmt 0                @ main.c:21:7
	cmp	r2, r0
	itt	eq
	moveq	r0, #7
.Ltmp33:
	.loc	1 25 1 is_stmt 1                @ main.c:25:1
	bxeq	lr
.Ltmp34:
.LBB1_8:
	@DEBUG_VALUE: list_find:i <- 7
	@DEBUG_VALUE: list_find:key <- [DW_OP_LLVM_entry_value 1] $r0
	@DEBUG_VALUE: list_find:i <- 8
	.loc	1 21 7                          @ main.c:21:7
	ldr	r2, [r1, #32]
.Ltmp35:
	.loc	1 21 7 is_stmt 0                @ main.c:21:7
	cmp	r2, r0
	itt	eq
	moveq	r0, #8
.Ltmp36:
	.loc	1 25 1 is_stmt 1                @ main.c:25:1
	bxeq	lr
.Ltmp37:
.LBB1_9:
	@DEBUG_VALUE: list_find:i <- 8
	@DEBUG_VALUE: list_find:key <- [DW_OP_LLVM_entry_value 1] $r0
	@DEBUG_VALUE: list_find:i <- 9
	.loc	1 21 7                          @ main.c:21:7
	ldr	r2, [r1, #36]
	mov.w	r1, #-1
.Ltmp38:
	.loc	1 21 7 is_stmt 0                @ main.c:21:7
	cmp	r2, r0
	it	eq
	moveq	r1, #9
	mov	r0, r1
	bx	lr
.Ltmp39:
.Lfunc_end1:
	.size	list_find, .Lfunc_end1-list_find
	.cfi_endproc
	.cantunwind
	.fnend
                                        @ -- End function
	.section	.text.main,"ax",%progbits
	.hidden	main                            @ -- Begin function main
	.globl	main
	.p2align	2
	.type	main,%function
	.code	16                              @ @main
	.thumb_func
main:
.Lfunc_begin2:
	.loc	1 28 0 is_stmt 1                @ main.c:28:0
	.fnstart
	.cfi_startproc
@ %bb.0:
	.pad	#12
	sub	sp, #12
	.cfi_def_cfa_offset 12
.Ltmp40:
	@DEBUG_VALUE: list_init:i <- 0
	.loc	1 11 26 prologue_end            @ main.c:11:26
	movw	r5, :lower16:offset
	movt	r5, :upper16:offset
.Ltmp41:
	@DEBUG_VALUE: list_init:i <- 3
	add.w	r7, r5, #20
	ldm	r7, {r4, r6, r7}
	ldrd	r3, r0, [r5, #12]
	.loc	1 11 24 is_stmt 0               @ main.c:11:24
	rsb.w	r8, r6, #216
.Ltmp42:
	@DEBUG_VALUE: list_init:i <- 7
	.loc	1 0 24                          @ main.c:0:24
	movw	r6, #343
	.loc	1 11 26                         @ main.c:11:26
	ldm.w	r5, {r1, r2, r10}
	.loc	1 11 24                         @ main.c:11:24
	subs	r6, r6, r7
.Ltmp43:
	@DEBUG_VALUE: list_init:i <- 9
	.loc	1 11 26                         @ main.c:11:26
	ldrd	r7, r5, [r5, #32]
	.loc	1 11 12                         @ main.c:11:12
	movw	r12, :lower16:list
	movt	r12, :upper16:list
	.loc	1 11 24                         @ main.c:11:24
	rsbs	r1, r1, #0
	rsb.w	r0, r0, #64
.Ltmp44:
	@DEBUG_VALUE: list_init:i <- 5
	.loc	1 11 12                         @ main.c:11:12
	add.w	lr, r12, #16
	.loc	1 11 24                         @ main.c:11:24
	rsb.w	r9, r7, #512
	movw	r7, #729
	rsb.w	r11, r2, #1
	rsb.w	r2, r10, #8
	rsb.w	r3, r3, #27
.Ltmp45:
	@DEBUG_VALUE: list_init:i <- 4
	rsb.w	r4, r4, #125
.Ltmp46:
	@DEBUG_VALUE: list_init:i <- 6
	.loc	1 11 12                         @ main.c:11:12
	stm.w	lr, {r0, r4, r8}
	.loc	1 11 24                         @ main.c:11:24
	sub.w	lr, r7, r5
.Ltmp47:
	@DEBUG_VALUE: list_init:i <- 10
	.loc	1 21 7 is_stmt 1                @ main.c:21:7
	adds.w	r5, r1, #13
.Ltmp48:
	.loc	1 11 12                         @ main.c:11:12
	strd	r1, r11, [r12]
	strd	r2, r3, [r12, #8]
	str.w	r6, [r12, #28]
	str.w	r9, [r12, #32]
.Ltmp49:
	@DEBUG_VALUE: list_find:i <- 0
	@DEBUG_VALUE: list_find:key <- -13
	str.w	lr, [r12, #36]
.Ltmp50:
	@DEBUG_VALUE: list_init:i <- 10
	@DEBUG_VALUE: list_find:key <- -13
	@DEBUG_VALUE: list_find:i <- 0
	.loc	1 21 7                          @ main.c:21:7
	bne	.LBB2_2
.Ltmp51:
@ %bb.1:
	.loc	1 0 7 is_stmt 0                 @ main.c:0:7
	movs	r7, #0
	.loc	1 33 4 is_stmt 1                @ main.c:33:4
	str	r7, [sp, #8]
	@DEBUG_VALUE: list_find:i <- 0
	@DEBUG_VALUE: list_find:key <- 44
	b	.LBB2_21
	.p2align	2
.LBB2_2:
.Ltmp52:
	@DEBUG_VALUE: list_find:key <- -13
	@DEBUG_VALUE: list_find:i <- 0
	@DEBUG_VALUE: list_find:i <- 1
	.loc	1 21 7                          @ main.c:21:7
	adds.w	r7, r11, #13
	bne	.LBB2_4
.Ltmp53:
@ %bb.3:
	@DEBUG_VALUE: list_find:i <- 1
	@DEBUG_VALUE: list_find:key <- -13
	.loc	1 0 7 is_stmt 0                 @ main.c:0:7
	movs	r5, #1
	b	.LBB2_19
.Ltmp54:
	.p2align	2
.LBB2_4:
	@DEBUG_VALUE: list_find:i <- 1
	@DEBUG_VALUE: list_find:key <- -13
	@DEBUG_VALUE: list_find:i <- 2
	.loc	1 21 7                          @ main.c:21:7
	adds.w	r7, r2, #13
	bne	.LBB2_6
.Ltmp55:
@ %bb.5:
	@DEBUG_VALUE: list_find:i <- 2
	@DEBUG_VALUE: list_find:key <- -13
	.loc	1 0 7                           @ main.c:0:7
	movs	r5, #2
	b	.LBB2_19
.Ltmp56:
	.p2align	2
.LBB2_6:
	@DEBUG_VALUE: list_find:i <- 2
	@DEBUG_VALUE: list_find:key <- -13
	@DEBUG_VALUE: list_find:i <- 3
	.loc	1 21 7                          @ main.c:21:7
	adds.w	r7, r3, #13
	bne	.LBB2_8
.Ltmp57:
@ %bb.7:
	@DEBUG_VALUE: list_find:i <- 3
	@DEBUG_VALUE: list_find:key <- -13
	.loc	1 0 7                           @ main.c:0:7
	movs	r5, #3
	b	.LBB2_19
.Ltmp58:
	.p2align	2
.LBB2_8:
	@DEBUG_VALUE: list_find:i <- 3
	@DEBUG_VALUE: list_find:key <- -13
	@DEBUG_VALUE: list_find:i <- 4
	.loc	1 21 7                          @ main.c:21:7
	adds.w	r7, r0, #13
	bne	.LBB2_10
.Ltmp59:
@ %bb.9:
	@DEBUG_VALUE: list_find:i <- 4
	@DEBUG_VALUE: list_find:key <- -13
	.loc	1 0 7                           @ main.c:0:7
	movs	r5, #4
	b	.LBB2_19
.Ltmp60:
	.p2align	2
.LBB2_10:
	@DEBUG_VALUE: list_find:i <- 4
	@DEBUG_VALUE: list_find:key <- -13
	@DEBUG_VALUE: list_find:i <- 5
	.loc	1 21 7                          @ main.c:21:7
	adds.w	r7, r4, #13
	bne	.LBB2_12
.Ltmp61:
@ %bb.11:
	@DEBUG_VALUE: list_find:i <- 5
	@DEBUG_VALUE: list_find:key <- -13
	.loc	1 0 7                           @ main.c:0:7
	movs	r5, #5
	b	.LBB2_19
.Ltmp62:
	.p2align	2
.LBB2_12:
	@DEBUG_VALUE: list_find:i <- 5
	@DEBUG_VALUE: list_find:key <- -13
	@DEBUG_VALUE: list_find:i <- 6
	.loc	1 21 7                          @ main.c:21:7
	adds.w	r7, r8, #13
	bne	.LBB2_14
.Ltmp63:
@ %bb.13:
	@DEBUG_VALUE: list_find:i <- 6
	@DEBUG_VALUE: list_find:key <- -13
	.loc	1 0 7                           @ main.c:0:7
	movs	r5, #6
	b	.LBB2_19
.Ltmp64:
	.p2align	2
.LBB2_14:
	@DEBUG_VALUE: list_find:i <- 6
	@DEBUG_VALUE: list_find:key <- -13
	@DEBUG_VALUE: list_find:i <- 7
	.loc	1 21 7                          @ main.c:21:7
	adds.w	r7, r6, #13
	bne	.LBB2_16
.Ltmp65:
@ %bb.15:
	@DEBUG_VALUE: list_find:i <- 7
	@DEBUG_VALUE: list_find:key <- -13
	.loc	1 0 7                           @ main.c:0:7
	movs	r5, #7
	b	.LBB2_19
.Ltmp66:
	.p2align	2
.LBB2_16:
	@DEBUG_VALUE: list_find:i <- 7
	@DEBUG_VALUE: list_find:key <- -13
	@DEBUG_VALUE: list_find:i <- 8
	.loc	1 21 7                          @ main.c:21:7
	adds.w	r7, r9, #13
	bne	.LBB2_18
.Ltmp67:
@ %bb.17:
	@DEBUG_VALUE: list_find:i <- 8
	@DEBUG_VALUE: list_find:key <- -13
	.loc	1 0 7                           @ main.c:0:7
	movs	r5, #8
	b	.LBB2_19
.Ltmp68:
	.p2align	2
.LBB2_18:
	@DEBUG_VALUE: list_find:i <- 8
	@DEBUG_VALUE: list_find:key <- -13
	@DEBUG_VALUE: list_find:i <- 9
	mov.w	r5, #-1
	.loc	1 21 7                          @ main.c:21:7
	adds.w	r7, lr, #13
	it	eq
	moveq	r5, #9
.Ltmp69:
.LBB2_19:
	.loc	1 21 7                          @ main.c:21:7
	cmp	r1, #44
.Ltmp70:
	.loc	1 33 4 is_stmt 1                @ main.c:33:4
	str	r5, [sp, #8]
.Ltmp71:
	@DEBUG_VALUE: list_find:i <- 0
	@DEBUG_VALUE: list_find:key <- 44
	.loc	1 21 7                          @ main.c:21:7
	bne	.LBB2_21
.Ltmp72:
@ %bb.20:
	.loc	1 0 7 is_stmt 0                 @ main.c:0:7
	movs	r1, #0
	.loc	1 34 4 is_stmt 1                @ main.c:34:4
	str	r1, [sp, #4]
	@DEBUG_VALUE: list_find:i <- 0
	@DEBUG_VALUE: list_find:key <- 8
	b	.LBB2_40
	.p2align	2
.LBB2_21:
.Ltmp73:
	@DEBUG_VALUE: list_find:key <- 44
	@DEBUG_VALUE: list_find:i <- 0
	@DEBUG_VALUE: list_find:i <- 1
	.loc	1 21 7                          @ main.c:21:7
	cmp.w	r11, #44
	bne	.LBB2_23
.Ltmp74:
@ %bb.22:
	@DEBUG_VALUE: list_find:i <- 1
	@DEBUG_VALUE: list_find:key <- 44
	.loc	1 0 7 is_stmt 0                 @ main.c:0:7
	movs	r2, #1
	b	.LBB2_38
.Ltmp75:
	.p2align	2
.LBB2_23:
	@DEBUG_VALUE: list_find:i <- 1
	@DEBUG_VALUE: list_find:key <- 44
	@DEBUG_VALUE: list_find:i <- 2
	.loc	1 21 7                          @ main.c:21:7
	cmp	r2, #44
	bne	.LBB2_25
.Ltmp76:
@ %bb.24:
	@DEBUG_VALUE: list_find:i <- 2
	@DEBUG_VALUE: list_find:key <- 44
	.loc	1 0 7                           @ main.c:0:7
	movs	r2, #2
	b	.LBB2_38
.Ltmp77:
	.p2align	2
.LBB2_25:
	@DEBUG_VALUE: list_find:i <- 2
	@DEBUG_VALUE: list_find:key <- 44
	@DEBUG_VALUE: list_find:i <- 3
	.loc	1 21 7                          @ main.c:21:7
	cmp	r3, #44
	bne	.LBB2_27
.Ltmp78:
@ %bb.26:
	@DEBUG_VALUE: list_find:i <- 3
	@DEBUG_VALUE: list_find:key <- 44
	.loc	1 0 7                           @ main.c:0:7
	movs	r2, #3
	b	.LBB2_38
.Ltmp79:
	.p2align	2
.LBB2_27:
	@DEBUG_VALUE: list_find:i <- 3
	@DEBUG_VALUE: list_find:key <- 44
	@DEBUG_VALUE: list_find:i <- 4
	.loc	1 21 7                          @ main.c:21:7
	cmp	r0, #44
	bne	.LBB2_29
.Ltmp80:
@ %bb.28:
	@DEBUG_VALUE: list_find:i <- 4
	@DEBUG_VALUE: list_find:key <- 44
	.loc	1 0 7                           @ main.c:0:7
	movs	r2, #4
	b	.LBB2_38
.Ltmp81:
	.p2align	2
.LBB2_29:
	@DEBUG_VALUE: list_find:i <- 4
	@DEBUG_VALUE: list_find:key <- 44
	@DEBUG_VALUE: list_find:i <- 5
	.loc	1 21 7                          @ main.c:21:7
	cmp	r4, #44
	bne	.LBB2_31
.Ltmp82:
@ %bb.30:
	@DEBUG_VALUE: list_find:i <- 5
	@DEBUG_VALUE: list_find:key <- 44
	.loc	1 0 7                           @ main.c:0:7
	movs	r2, #5
	b	.LBB2_38
.Ltmp83:
	.p2align	2
.LBB2_31:
	@DEBUG_VALUE: list_find:i <- 5
	@DEBUG_VALUE: list_find:key <- 44
	@DEBUG_VALUE: list_find:i <- 6
	.loc	1 21 7                          @ main.c:21:7
	cmp.w	r8, #44
	bne	.LBB2_33
.Ltmp84:
@ %bb.32:
	@DEBUG_VALUE: list_find:i <- 6
	@DEBUG_VALUE: list_find:key <- 44
	.loc	1 0 7                           @ main.c:0:7
	movs	r2, #6
	b	.LBB2_38
.Ltmp85:
	.p2align	2
.LBB2_33:
	@DEBUG_VALUE: list_find:i <- 6
	@DEBUG_VALUE: list_find:key <- 44
	@DEBUG_VALUE: list_find:i <- 7
	.loc	1 21 7                          @ main.c:21:7
	cmp	r6, #44
	bne	.LBB2_35
.Ltmp86:
@ %bb.34:
	@DEBUG_VALUE: list_find:i <- 7
	@DEBUG_VALUE: list_find:key <- 44
	.loc	1 0 7                           @ main.c:0:7
	movs	r2, #7
	b	.LBB2_38
.Ltmp87:
	.p2align	2
.LBB2_35:
	@DEBUG_VALUE: list_find:i <- 7
	@DEBUG_VALUE: list_find:key <- 44
	@DEBUG_VALUE: list_find:i <- 8
	.loc	1 21 7                          @ main.c:21:7
	cmp.w	r9, #44
	bne	.LBB2_37
.Ltmp88:
@ %bb.36:
	@DEBUG_VALUE: list_find:i <- 8
	@DEBUG_VALUE: list_find:key <- 44
	.loc	1 0 7                           @ main.c:0:7
	movs	r2, #8
	b	.LBB2_38
.Ltmp89:
	.p2align	2
.LBB2_37:
	@DEBUG_VALUE: list_find:i <- 8
	@DEBUG_VALUE: list_find:key <- 44
	@DEBUG_VALUE: list_find:i <- 9
	mov.w	r2, #-1
	.loc	1 21 7                          @ main.c:21:7
	cmp.w	lr, #44
	it	eq
	moveq	r2, #9
.Ltmp90:
.LBB2_38:
	.loc	1 21 7                          @ main.c:21:7
	cmp	r1, #8
.Ltmp91:
	.loc	1 34 4 is_stmt 1                @ main.c:34:4
	str	r2, [sp, #4]
.Ltmp92:
	@DEBUG_VALUE: list_find:i <- 0
	@DEBUG_VALUE: list_find:key <- 8
	.loc	1 21 7                          @ main.c:21:7
	bne	.LBB2_40
.Ltmp93:
@ %bb.39:
	@DEBUG_VALUE: list_find:key <- 8
	@DEBUG_VALUE: list_find:i <- 0
	.loc	1 0 7 is_stmt 0                 @ main.c:0:7
	movs	r0, #0
	b	.LBB2_57
.Ltmp94:
	.p2align	2
.LBB2_40:
	@DEBUG_VALUE: list_find:key <- 8
	@DEBUG_VALUE: list_find:i <- 0
	@DEBUG_VALUE: list_find:i <- 1
	.loc	1 21 7                          @ main.c:21:7
	cmp.w	r11, #8
	bne	.LBB2_42
.Ltmp95:
@ %bb.41:
	@DEBUG_VALUE: list_find:i <- 1
	@DEBUG_VALUE: list_find:key <- 8
	.loc	1 0 7                           @ main.c:0:7
	movs	r0, #1
	b	.LBB2_57
.Ltmp96:
	.p2align	2
.LBB2_42:
	@DEBUG_VALUE: list_find:i <- 1
	@DEBUG_VALUE: list_find:key <- 8
	@DEBUG_VALUE: list_find:i <- 2
	.loc	1 21 7                          @ main.c:21:7
	cmp.w	r10, #0
	beq	.LBB2_45
.Ltmp97:
@ %bb.43:
	@DEBUG_VALUE: list_find:i <- 2
	@DEBUG_VALUE: list_find:key <- 8
	@DEBUG_VALUE: list_find:i <- 3
	cmp	r3, #8
	bne	.LBB2_46
.Ltmp98:
@ %bb.44:
	@DEBUG_VALUE: list_find:i <- 3
	@DEBUG_VALUE: list_find:key <- 8
	.loc	1 0 7                           @ main.c:0:7
	movs	r0, #3
	b	.LBB2_57
.Ltmp99:
	.p2align	2
.LBB2_45:
	@DEBUG_VALUE: list_find:i <- 2
	@DEBUG_VALUE: list_find:key <- 8
	movs	r0, #2
	b	.LBB2_57
.Ltmp100:
	.p2align	2
.LBB2_46:
	@DEBUG_VALUE: list_find:i <- 3
	@DEBUG_VALUE: list_find:key <- 8
	@DEBUG_VALUE: list_find:i <- 4
	.loc	1 21 7                          @ main.c:21:7
	cmp	r0, #8
	bne	.LBB2_48
.Ltmp101:
@ %bb.47:
	@DEBUG_VALUE: list_find:i <- 4
	@DEBUG_VALUE: list_find:key <- 8
	.loc	1 0 7                           @ main.c:0:7
	movs	r0, #4
	b	.LBB2_57
.Ltmp102:
	.p2align	2
.LBB2_48:
	@DEBUG_VALUE: list_find:i <- 4
	@DEBUG_VALUE: list_find:key <- 8
	@DEBUG_VALUE: list_find:i <- 5
	.loc	1 21 7                          @ main.c:21:7
	cmp	r4, #8
	bne	.LBB2_50
.Ltmp103:
@ %bb.49:
	@DEBUG_VALUE: list_find:i <- 5
	@DEBUG_VALUE: list_find:key <- 8
	.loc	1 0 7                           @ main.c:0:7
	movs	r0, #5
	b	.LBB2_57
.Ltmp104:
	.p2align	2
.LBB2_50:
	@DEBUG_VALUE: list_find:i <- 5
	@DEBUG_VALUE: list_find:key <- 8
	@DEBUG_VALUE: list_find:i <- 6
	.loc	1 21 7                          @ main.c:21:7
	cmp.w	r8, #8
	bne	.LBB2_52
.Ltmp105:
@ %bb.51:
	@DEBUG_VALUE: list_find:i <- 6
	@DEBUG_VALUE: list_find:key <- 8
	.loc	1 0 7                           @ main.c:0:7
	movs	r0, #6
	b	.LBB2_57
.Ltmp106:
	.p2align	2
.LBB2_52:
	@DEBUG_VALUE: list_find:i <- 6
	@DEBUG_VALUE: list_find:key <- 8
	@DEBUG_VALUE: list_find:i <- 7
	.loc	1 21 7                          @ main.c:21:7
	cmp	r6, #8
	bne	.LBB2_54
.Ltmp107:
@ %bb.53:
	@DEBUG_VALUE: list_find:i <- 7
	@DEBUG_VALUE: list_find:key <- 8
	.loc	1 0 7                           @ main.c:0:7
	movs	r0, #7
	b	.LBB2_57
.Ltmp108:
	.p2align	2
.LBB2_54:
	@DEBUG_VALUE: list_find:i <- 7
	@DEBUG_VALUE: list_find:key <- 8
	@DEBUG_VALUE: list_find:i <- 8
	.loc	1 21 7                          @ main.c:21:7
	cmp.w	r9, #8
	bne	.LBB2_56
.Ltmp109:
@ %bb.55:
	@DEBUG_VALUE: list_find:i <- 8
	@DEBUG_VALUE: list_find:key <- 8
	.loc	1 0 7                           @ main.c:0:7
	movs	r0, #8
	b	.LBB2_57
.Ltmp110:
	.p2align	2
.LBB2_56:
	@DEBUG_VALUE: list_find:i <- 8
	@DEBUG_VALUE: list_find:key <- 8
	@DEBUG_VALUE: list_find:i <- 9
	mov.w	r0, #-1
	.loc	1 21 7                          @ main.c:21:7
	cmp.w	lr, #8
	it	eq
	moveq	r0, #9
.Ltmp111:
.LBB2_57:
	.loc	1 35 4 is_stmt 1                @ main.c:35:4
	str	r0, [sp]
.Ltmp112:
	.p2align	2
.LBB2_58:                               @ =>This Inner Loop Header: Depth=1
	.loc	1 0 4 is_stmt 0                 @ main.c:0:4
	b	.LBB2_58
.Lfunc_end2:
	.size	main, .Lfunc_end2-main
	.cfi_endproc
	.cantunwind
	.fnend
                                        @ -- End function
	.hidden	offset                          @ @offset
	.type	offset,%object
	.section	.data.offset,"aw",%progbits
	.globl	offset
	.p2align	2
offset:
	.long	31                              @ 0x1f
	.long	94                              @ 0x5e
	.long	55                              @ 0x37
	.long	19                              @ 0x13
	.long	98                              @ 0x62
	.long	85                              @ 0x55
	.long	38                              @ 0x26
	.long	356                             @ 0x164
	.long	134                             @ 0x86
	.long	15                              @ 0xf
	.size	offset, 40

	.hidden	list                            @ @list
	.type	list,%object
	.section	.bss.list,"aw",%nobits
	.globl	list
	.p2align	2
list:
	.zero	40
	.size	list, 40

	.type	__ARM_use_no_argv,%object       @ @__ARM_use_no_argv
	.section	.ARM.use_no_argv,"aw",%progbits
	.globl	__ARM_use_no_argv
	.p2align	2
__ARM_use_no_argv:
	.long	1                               @ 0x1
	.size	__ARM_use_no_argv, 4

	.globl	__ARM_use_no_argv
	.section	.debug_loc,"",%progbits
.Ldebug_loc0:
	.long	-1
	.long	.Lfunc_begin0                   @   base address
	.long	.Ltmp0-.Lfunc_begin0
	.long	.Ltmp1-.Lfunc_begin0
	.short	1                               @ Loc expr size
	.byte	48                              @ DW_OP_lit0
	.long	.Ltmp1-.Lfunc_begin0
	.long	.Ltmp2-.Lfunc_begin0
	.short	1                               @ Loc expr size
	.byte	51                              @ DW_OP_lit3
	.long	.Ltmp2-.Lfunc_begin0
	.long	.Ltmp3-.Lfunc_begin0
	.short	1                               @ Loc expr size
	.byte	52                              @ DW_OP_lit4
	.long	.Ltmp3-.Lfunc_begin0
	.long	.Ltmp4-.Lfunc_begin0
	.short	1                               @ Loc expr size
	.byte	55                              @ DW_OP_lit7
	.long	.Ltmp4-.Lfunc_begin0
	.long	.Ltmp5-.Lfunc_begin0
	.short	1                               @ Loc expr size
	.byte	56                              @ DW_OP_lit8
	.long	.Ltmp5-.Lfunc_begin0
	.long	.Ltmp6-.Lfunc_begin0
	.short	1                               @ Loc expr size
	.byte	53                              @ DW_OP_lit5
	.long	.Ltmp6-.Lfunc_begin0
	.long	.Ltmp7-.Lfunc_begin0
	.short	1                               @ Loc expr size
	.byte	54                              @ DW_OP_lit6
	.long	.Ltmp7-.Lfunc_begin0
	.long	.Ltmp8-.Lfunc_begin0
	.short	1                               @ Loc expr size
	.byte	57                              @ DW_OP_lit9
	.long	.Ltmp8-.Lfunc_begin0
	.long	.Lfunc_end0-.Lfunc_begin0
	.short	1                               @ Loc expr size
	.byte	58                              @ DW_OP_lit10
	.long	0
	.long	0
.Ldebug_loc1:
	.long	-1
	.long	.Lfunc_begin1                   @   base address
	.long	.Lfunc_begin1-.Lfunc_begin1
	.long	.Ltmp12-.Lfunc_begin1
	.short	1                               @ Loc expr size
	.byte	80                              @ DW_OP_reg0
	.long	.Ltmp12-.Lfunc_begin1
	.long	.Lfunc_end1-.Lfunc_begin1
	.short	3                               @ Loc expr size
	.byte	163                             @ DW_OP_entry_value
	.byte	1                               @ 1
	.byte	80                              @ DW_OP_reg0
	.long	0
	.long	0
.Ldebug_loc2:
	.long	-1
	.long	.Lfunc_begin1                   @   base address
	.long	.Ltmp11-.Lfunc_begin1
	.long	.Ltmp13-.Lfunc_begin1
	.short	1                               @ Loc expr size
	.byte	48                              @ DW_OP_lit0
	.long	.Ltmp13-.Lfunc_begin1
	.long	.Ltmp16-.Lfunc_begin1
	.short	1                               @ Loc expr size
	.byte	49                              @ DW_OP_lit1
	.long	.Ltmp16-.Lfunc_begin1
	.long	.Ltmp19-.Lfunc_begin1
	.short	1                               @ Loc expr size
	.byte	50                              @ DW_OP_lit2
	.long	.Ltmp19-.Lfunc_begin1
	.long	.Ltmp22-.Lfunc_begin1
	.short	1                               @ Loc expr size
	.byte	51                              @ DW_OP_lit3
	.long	.Ltmp22-.Lfunc_begin1
	.long	.Ltmp25-.Lfunc_begin1
	.short	1                               @ Loc expr size
	.byte	52                              @ DW_OP_lit4
	.long	.Ltmp25-.Lfunc_begin1
	.long	.Ltmp28-.Lfunc_begin1
	.short	1                               @ Loc expr size
	.byte	53                              @ DW_OP_lit5
	.long	.Ltmp28-.Lfunc_begin1
	.long	.Ltmp31-.Lfunc_begin1
	.short	1                               @ Loc expr size
	.byte	54                              @ DW_OP_lit6
	.long	.Ltmp31-.Lfunc_begin1
	.long	.Ltmp34-.Lfunc_begin1
	.short	1                               @ Loc expr size
	.byte	55                              @ DW_OP_lit7
	.long	.Ltmp34-.Lfunc_begin1
	.long	.Ltmp37-.Lfunc_begin1
	.short	1                               @ Loc expr size
	.byte	56                              @ DW_OP_lit8
	.long	.Ltmp37-.Lfunc_begin1
	.long	.Lfunc_end1-.Lfunc_begin1
	.short	1                               @ Loc expr size
	.byte	57                              @ DW_OP_lit9
	.long	0
	.long	0
.Ldebug_loc3:
	.long	-1
	.long	.Lfunc_begin2                   @   base address
	.long	.Ltmp40-.Lfunc_begin2
	.long	.Ltmp41-.Lfunc_begin2
	.short	1                               @ Loc expr size
	.byte	48                              @ DW_OP_lit0
	.long	.Ltmp41-.Lfunc_begin2
	.long	.Ltmp42-.Lfunc_begin2
	.short	1                               @ Loc expr size
	.byte	51                              @ DW_OP_lit3
	.long	.Ltmp42-.Lfunc_begin2
	.long	.Ltmp43-.Lfunc_begin2
	.short	1                               @ Loc expr size
	.byte	55                              @ DW_OP_lit7
	.long	.Ltmp43-.Lfunc_begin2
	.long	.Ltmp44-.Lfunc_begin2
	.short	1                               @ Loc expr size
	.byte	57                              @ DW_OP_lit9
	.long	.Ltmp44-.Lfunc_begin2
	.long	.Ltmp45-.Lfunc_begin2
	.short	1                               @ Loc expr size
	.byte	53                              @ DW_OP_lit5
	.long	.Ltmp45-.Lfunc_begin2
	.long	.Ltmp46-.Lfunc_begin2
	.short	1                               @ Loc expr size
	.byte	52                              @ DW_OP_lit4
	.long	.Ltmp46-.Lfunc_begin2
	.long	.Ltmp47-.Lfunc_begin2
	.short	1                               @ Loc expr size
	.byte	54                              @ DW_OP_lit6
	.long	.Ltmp47-.Lfunc_begin2
	.long	.Ltmp51-.Lfunc_begin2
	.short	1                               @ Loc expr size
	.byte	58                              @ DW_OP_lit10
	.long	0
	.long	0
.Ldebug_loc4:
	.long	-1
	.long	.Lfunc_begin2                   @   base address
	.long	.Ltmp49-.Lfunc_begin2
	.long	.Ltmp51-.Lfunc_begin2
	.short	1                               @ Loc expr size
	.byte	48                              @ DW_OP_lit0
	.long	.Ltmp52-.Lfunc_begin2
	.long	.Ltmp54-.Lfunc_begin2
	.short	1                               @ Loc expr size
	.byte	49                              @ DW_OP_lit1
	.long	.Ltmp54-.Lfunc_begin2
	.long	.Ltmp56-.Lfunc_begin2
	.short	1                               @ Loc expr size
	.byte	50                              @ DW_OP_lit2
	.long	.Ltmp56-.Lfunc_begin2
	.long	.Ltmp58-.Lfunc_begin2
	.short	1                               @ Loc expr size
	.byte	51                              @ DW_OP_lit3
	.long	.Ltmp58-.Lfunc_begin2
	.long	.Ltmp60-.Lfunc_begin2
	.short	1                               @ Loc expr size
	.byte	52                              @ DW_OP_lit4
	.long	.Ltmp60-.Lfunc_begin2
	.long	.Ltmp62-.Lfunc_begin2
	.short	1                               @ Loc expr size
	.byte	53                              @ DW_OP_lit5
	.long	.Ltmp62-.Lfunc_begin2
	.long	.Ltmp64-.Lfunc_begin2
	.short	1                               @ Loc expr size
	.byte	54                              @ DW_OP_lit6
	.long	.Ltmp64-.Lfunc_begin2
	.long	.Ltmp66-.Lfunc_begin2
	.short	1                               @ Loc expr size
	.byte	55                              @ DW_OP_lit7
	.long	.Ltmp66-.Lfunc_begin2
	.long	.Ltmp68-.Lfunc_begin2
	.short	1                               @ Loc expr size
	.byte	56                              @ DW_OP_lit8
	.long	.Ltmp68-.Lfunc_begin2
	.long	.Ltmp69-.Lfunc_begin2
	.short	1                               @ Loc expr size
	.byte	57                              @ DW_OP_lit9
	.long	0
	.long	0
.Ldebug_loc5:
	.long	-1
	.long	.Lfunc_begin2                   @   base address
	.long	.Ltmp49-.Lfunc_begin2
	.long	.Ltmp51-.Lfunc_begin2
	.short	2                               @ Loc expr size
	.byte	17                              @ DW_OP_consts
	.byte	115                             @ -13
	.long	.Ltmp52-.Lfunc_begin2
	.long	.Ltmp69-.Lfunc_begin2
	.short	2                               @ Loc expr size
	.byte	17                              @ DW_OP_consts
	.byte	115                             @ -13
	.long	0
	.long	0
.Ldebug_loc6:
	.long	-1
	.long	.Lfunc_begin2                   @   base address
	.long	.Ltmp71-.Lfunc_begin2
	.long	.Ltmp72-.Lfunc_begin2
	.short	1                               @ Loc expr size
	.byte	48                              @ DW_OP_lit0
	.long	.Ltmp73-.Lfunc_begin2
	.long	.Ltmp75-.Lfunc_begin2
	.short	1                               @ Loc expr size
	.byte	49                              @ DW_OP_lit1
	.long	.Ltmp75-.Lfunc_begin2
	.long	.Ltmp77-.Lfunc_begin2
	.short	1                               @ Loc expr size
	.byte	50                              @ DW_OP_lit2
	.long	.Ltmp77-.Lfunc_begin2
	.long	.Ltmp79-.Lfunc_begin2
	.short	1                               @ Loc expr size
	.byte	51                              @ DW_OP_lit3
	.long	.Ltmp79-.Lfunc_begin2
	.long	.Ltmp81-.Lfunc_begin2
	.short	1                               @ Loc expr size
	.byte	52                              @ DW_OP_lit4
	.long	.Ltmp81-.Lfunc_begin2
	.long	.Ltmp83-.Lfunc_begin2
	.short	1                               @ Loc expr size
	.byte	53                              @ DW_OP_lit5
	.long	.Ltmp83-.Lfunc_begin2
	.long	.Ltmp85-.Lfunc_begin2
	.short	1                               @ Loc expr size
	.byte	54                              @ DW_OP_lit6
	.long	.Ltmp85-.Lfunc_begin2
	.long	.Ltmp87-.Lfunc_begin2
	.short	1                               @ Loc expr size
	.byte	55                              @ DW_OP_lit7
	.long	.Ltmp87-.Lfunc_begin2
	.long	.Ltmp89-.Lfunc_begin2
	.short	1                               @ Loc expr size
	.byte	56                              @ DW_OP_lit8
	.long	.Ltmp89-.Lfunc_begin2
	.long	.Ltmp90-.Lfunc_begin2
	.short	1                               @ Loc expr size
	.byte	57                              @ DW_OP_lit9
	.long	0
	.long	0
.Ldebug_loc7:
	.long	-1
	.long	.Lfunc_begin2                   @   base address
	.long	.Ltmp71-.Lfunc_begin2
	.long	.Ltmp72-.Lfunc_begin2
	.short	2                               @ Loc expr size
	.byte	17                              @ DW_OP_consts
	.byte	44                              @ 44
	.long	.Ltmp73-.Lfunc_begin2
	.long	.Ltmp90-.Lfunc_begin2
	.short	2                               @ Loc expr size
	.byte	17                              @ DW_OP_consts
	.byte	44                              @ 44
	.long	0
	.long	0
.Ldebug_loc8:
	.long	-1
	.long	.Lfunc_begin2                   @   base address
	.long	.Ltmp92-.Lfunc_begin2
	.long	.Ltmp94-.Lfunc_begin2
	.short	1                               @ Loc expr size
	.byte	48                              @ DW_OP_lit0
	.long	.Ltmp94-.Lfunc_begin2
	.long	.Ltmp96-.Lfunc_begin2
	.short	1                               @ Loc expr size
	.byte	49                              @ DW_OP_lit1
	.long	.Ltmp96-.Lfunc_begin2
	.long	.Ltmp97-.Lfunc_begin2
	.short	1                               @ Loc expr size
	.byte	50                              @ DW_OP_lit2
	.long	.Ltmp97-.Lfunc_begin2
	.long	.Ltmp99-.Lfunc_begin2
	.short	1                               @ Loc expr size
	.byte	51                              @ DW_OP_lit3
	.long	.Ltmp99-.Lfunc_begin2
	.long	.Ltmp100-.Lfunc_begin2
	.short	1                               @ Loc expr size
	.byte	50                              @ DW_OP_lit2
	.long	.Ltmp100-.Lfunc_begin2
	.long	.Ltmp102-.Lfunc_begin2
	.short	1                               @ Loc expr size
	.byte	52                              @ DW_OP_lit4
	.long	.Ltmp102-.Lfunc_begin2
	.long	.Ltmp104-.Lfunc_begin2
	.short	1                               @ Loc expr size
	.byte	53                              @ DW_OP_lit5
	.long	.Ltmp104-.Lfunc_begin2
	.long	.Ltmp106-.Lfunc_begin2
	.short	1                               @ Loc expr size
	.byte	54                              @ DW_OP_lit6
	.long	.Ltmp106-.Lfunc_begin2
	.long	.Ltmp108-.Lfunc_begin2
	.short	1                               @ Loc expr size
	.byte	55                              @ DW_OP_lit7
	.long	.Ltmp108-.Lfunc_begin2
	.long	.Ltmp110-.Lfunc_begin2
	.short	1                               @ Loc expr size
	.byte	56                              @ DW_OP_lit8
	.long	.Ltmp110-.Lfunc_begin2
	.long	.Ltmp111-.Lfunc_begin2
	.short	1                               @ Loc expr size
	.byte	57                              @ DW_OP_lit9
	.long	0
	.long	0
.Ldebug_loc9:
	.long	-1
	.long	.Lfunc_begin2                   @   base address
	.long	.Ltmp92-.Lfunc_begin2
	.long	.Ltmp111-.Lfunc_begin2
	.short	2                               @ Loc expr size
	.byte	17                              @ DW_OP_consts
	.byte	8                               @ 8
	.long	0
	.long	0
	.section	.debug_abbrev,"",%progbits
	.byte	1                               @ Abbreviation Code
	.byte	17                              @ DW_TAG_compile_unit
	.byte	1                               @ DW_CHILDREN_yes
	.byte	37                              @ DW_AT_producer
	.byte	14                              @ DW_FORM_strp
	.byte	19                              @ DW_AT_language
	.byte	5                               @ DW_FORM_data2
	.byte	3                               @ DW_AT_name
	.byte	14                              @ DW_FORM_strp
	.byte	16                              @ DW_AT_stmt_list
	.byte	6                               @ DW_FORM_data4
	.byte	27                              @ DW_AT_comp_dir
	.byte	14                              @ DW_FORM_strp
	.byte	17                              @ DW_AT_low_pc
	.byte	1                               @ DW_FORM_addr
	.byte	85                              @ DW_AT_ranges
	.byte	6                               @ DW_FORM_data4
	.byte	0                               @ EOM(1)
	.byte	0                               @ EOM(2)
	.byte	2                               @ Abbreviation Code
	.byte	52                              @ DW_TAG_variable
	.byte	0                               @ DW_CHILDREN_no
	.byte	3                               @ DW_AT_name
	.byte	14                              @ DW_FORM_strp
	.byte	73                              @ DW_AT_type
	.byte	19                              @ DW_FORM_ref4
	.byte	63                              @ DW_AT_external
	.byte	12                              @ DW_FORM_flag
	.byte	58                              @ DW_AT_decl_file
	.byte	11                              @ DW_FORM_data1
	.byte	59                              @ DW_AT_decl_line
	.byte	11                              @ DW_FORM_data1
	.byte	2                               @ DW_AT_location
	.byte	10                              @ DW_FORM_block1
	.byte	0                               @ EOM(1)
	.byte	0                               @ EOM(2)
	.byte	3                               @ Abbreviation Code
	.byte	1                               @ DW_TAG_array_type
	.byte	1                               @ DW_CHILDREN_yes
	.byte	73                              @ DW_AT_type
	.byte	19                              @ DW_FORM_ref4
	.byte	0                               @ EOM(1)
	.byte	0                               @ EOM(2)
	.byte	4                               @ Abbreviation Code
	.byte	33                              @ DW_TAG_subrange_type
	.byte	0                               @ DW_CHILDREN_no
	.byte	73                              @ DW_AT_type
	.byte	19                              @ DW_FORM_ref4
	.byte	55                              @ DW_AT_count
	.byte	11                              @ DW_FORM_data1
	.byte	0                               @ EOM(1)
	.byte	0                               @ EOM(2)
	.byte	5                               @ Abbreviation Code
	.byte	36                              @ DW_TAG_base_type
	.byte	0                               @ DW_CHILDREN_no
	.byte	3                               @ DW_AT_name
	.byte	14                              @ DW_FORM_strp
	.byte	62                              @ DW_AT_encoding
	.byte	11                              @ DW_FORM_data1
	.byte	11                              @ DW_AT_byte_size
	.byte	11                              @ DW_FORM_data1
	.byte	0                               @ EOM(1)
	.byte	0                               @ EOM(2)
	.byte	6                               @ Abbreviation Code
	.byte	36                              @ DW_TAG_base_type
	.byte	0                               @ DW_CHILDREN_no
	.byte	3                               @ DW_AT_name
	.byte	14                              @ DW_FORM_strp
	.byte	11                              @ DW_AT_byte_size
	.byte	11                              @ DW_FORM_data1
	.byte	62                              @ DW_AT_encoding
	.byte	11                              @ DW_FORM_data1
	.byte	0                               @ EOM(1)
	.byte	0                               @ EOM(2)
	.byte	7                               @ Abbreviation Code
	.byte	46                              @ DW_TAG_subprogram
	.byte	1                               @ DW_CHILDREN_yes
	.byte	17                              @ DW_AT_low_pc
	.byte	1                               @ DW_FORM_addr
	.byte	18                              @ DW_AT_high_pc
	.byte	1                               @ DW_FORM_addr
	.byte	64                              @ DW_AT_frame_base
	.byte	10                              @ DW_FORM_block1
	.byte	49                              @ DW_AT_abstract_origin
	.byte	19                              @ DW_FORM_ref4
	.byte	0                               @ EOM(1)
	.byte	0                               @ EOM(2)
	.byte	8                               @ Abbreviation Code
	.byte	52                              @ DW_TAG_variable
	.byte	0                               @ DW_CHILDREN_no
	.byte	2                               @ DW_AT_location
	.byte	6                               @ DW_FORM_data4
	.byte	49                              @ DW_AT_abstract_origin
	.byte	19                              @ DW_FORM_ref4
	.byte	0                               @ EOM(1)
	.byte	0                               @ EOM(2)
	.byte	9                               @ Abbreviation Code
	.byte	5                               @ DW_TAG_formal_parameter
	.byte	0                               @ DW_CHILDREN_no
	.byte	2                               @ DW_AT_location
	.byte	6                               @ DW_FORM_data4
	.byte	49                              @ DW_AT_abstract_origin
	.byte	19                              @ DW_FORM_ref4
	.byte	0                               @ EOM(1)
	.byte	0                               @ EOM(2)
	.byte	10                              @ Abbreviation Code
	.byte	46                              @ DW_TAG_subprogram
	.byte	1                               @ DW_CHILDREN_yes
	.byte	3                               @ DW_AT_name
	.byte	14                              @ DW_FORM_strp
	.byte	58                              @ DW_AT_decl_file
	.byte	11                              @ DW_FORM_data1
	.byte	59                              @ DW_AT_decl_line
	.byte	11                              @ DW_FORM_data1
	.byte	39                              @ DW_AT_prototyped
	.byte	12                              @ DW_FORM_flag
	.byte	63                              @ DW_AT_external
	.byte	12                              @ DW_FORM_flag
	.byte	32                              @ DW_AT_inline
	.byte	11                              @ DW_FORM_data1
	.byte	0                               @ EOM(1)
	.byte	0                               @ EOM(2)
	.byte	11                              @ Abbreviation Code
	.byte	52                              @ DW_TAG_variable
	.byte	0                               @ DW_CHILDREN_no
	.byte	3                               @ DW_AT_name
	.byte	14                              @ DW_FORM_strp
	.byte	58                              @ DW_AT_decl_file
	.byte	11                              @ DW_FORM_data1
	.byte	59                              @ DW_AT_decl_line
	.byte	11                              @ DW_FORM_data1
	.byte	73                              @ DW_AT_type
	.byte	19                              @ DW_FORM_ref4
	.byte	0                               @ EOM(1)
	.byte	0                               @ EOM(2)
	.byte	12                              @ Abbreviation Code
	.byte	46                              @ DW_TAG_subprogram
	.byte	1                               @ DW_CHILDREN_yes
	.byte	3                               @ DW_AT_name
	.byte	14                              @ DW_FORM_strp
	.byte	58                              @ DW_AT_decl_file
	.byte	11                              @ DW_FORM_data1
	.byte	59                              @ DW_AT_decl_line
	.byte	11                              @ DW_FORM_data1
	.byte	39                              @ DW_AT_prototyped
	.byte	12                              @ DW_FORM_flag
	.byte	73                              @ DW_AT_type
	.byte	19                              @ DW_FORM_ref4
	.byte	63                              @ DW_AT_external
	.byte	12                              @ DW_FORM_flag
	.byte	32                              @ DW_AT_inline
	.byte	11                              @ DW_FORM_data1
	.byte	0                               @ EOM(1)
	.byte	0                               @ EOM(2)
	.byte	13                              @ Abbreviation Code
	.byte	5                               @ DW_TAG_formal_parameter
	.byte	0                               @ DW_CHILDREN_no
	.byte	3                               @ DW_AT_name
	.byte	14                              @ DW_FORM_strp
	.byte	58                              @ DW_AT_decl_file
	.byte	11                              @ DW_FORM_data1
	.byte	59                              @ DW_AT_decl_line
	.byte	11                              @ DW_FORM_data1
	.byte	73                              @ DW_AT_type
	.byte	19                              @ DW_FORM_ref4
	.byte	0                               @ EOM(1)
	.byte	0                               @ EOM(2)
	.byte	14                              @ Abbreviation Code
	.byte	46                              @ DW_TAG_subprogram
	.byte	1                               @ DW_CHILDREN_yes
	.byte	17                              @ DW_AT_low_pc
	.byte	1                               @ DW_FORM_addr
	.byte	18                              @ DW_AT_high_pc
	.byte	1                               @ DW_FORM_addr
	.byte	64                              @ DW_AT_frame_base
	.byte	10                              @ DW_FORM_block1
	.byte	3                               @ DW_AT_name
	.byte	14                              @ DW_FORM_strp
	.byte	58                              @ DW_AT_decl_file
	.byte	11                              @ DW_FORM_data1
	.byte	59                              @ DW_AT_decl_line
	.byte	11                              @ DW_FORM_data1
	.byte	39                              @ DW_AT_prototyped
	.byte	12                              @ DW_FORM_flag
	.byte	73                              @ DW_AT_type
	.byte	19                              @ DW_FORM_ref4
	.byte	63                              @ DW_AT_external
	.byte	12                              @ DW_FORM_flag
	.byte	0                               @ EOM(1)
	.byte	0                               @ EOM(2)
	.byte	15                              @ Abbreviation Code
	.byte	52                              @ DW_TAG_variable
	.byte	0                               @ DW_CHILDREN_no
	.byte	2                               @ DW_AT_location
	.byte	10                              @ DW_FORM_block1
	.byte	3                               @ DW_AT_name
	.byte	14                              @ DW_FORM_strp
	.byte	58                              @ DW_AT_decl_file
	.byte	11                              @ DW_FORM_data1
	.byte	59                              @ DW_AT_decl_line
	.byte	11                              @ DW_FORM_data1
	.byte	73                              @ DW_AT_type
	.byte	19                              @ DW_FORM_ref4
	.byte	0                               @ EOM(1)
	.byte	0                               @ EOM(2)
	.byte	16                              @ Abbreviation Code
	.byte	29                              @ DW_TAG_inlined_subroutine
	.byte	1                               @ DW_CHILDREN_yes
	.byte	49                              @ DW_AT_abstract_origin
	.byte	19                              @ DW_FORM_ref4
	.byte	85                              @ DW_AT_ranges
	.byte	6                               @ DW_FORM_data4
	.byte	88                              @ DW_AT_call_file
	.byte	11                              @ DW_FORM_data1
	.byte	89                              @ DW_AT_call_line
	.byte	11                              @ DW_FORM_data1
	.byte	87                              @ DW_AT_call_column
	.byte	11                              @ DW_FORM_data1
	.byte	0                               @ EOM(1)
	.byte	0                               @ EOM(2)
	.byte	17                              @ Abbreviation Code
	.byte	53                              @ DW_TAG_volatile_type
	.byte	0                               @ DW_CHILDREN_no
	.byte	73                              @ DW_AT_type
	.byte	19                              @ DW_FORM_ref4
	.byte	0                               @ EOM(1)
	.byte	0                               @ EOM(2)
	.byte	0                               @ EOM(3)
	.section	.debug_info,"",%progbits
.Lcu_begin0:
	.long	.Ldebug_info_end0-.Ldebug_info_start0 @ Length of Unit
.Ldebug_info_start0:
	.short	3                               @ DWARF version number
	.long	.debug_abbrev                   @ Offset Into Abbrev. Section
	.byte	4                               @ Address Size (in bytes)
	.byte	1                               @ Abbrev [1] 0xb:0x191 DW_TAG_compile_unit
	.long	.Linfo_string0                  @ DW_AT_producer
	.short	12                              @ DW_AT_language
	.long	.Linfo_string1                  @ DW_AT_name
	.long	.Lline_table_start0             @ DW_AT_stmt_list
	.long	.Linfo_string2                  @ DW_AT_comp_dir
	.long	0                               @ DW_AT_low_pc
	.long	.Ldebug_ranges4                 @ DW_AT_ranges
	.byte	2                               @ Abbrev [2] 0x26:0x12 DW_TAG_variable
	.long	.Linfo_string3                  @ DW_AT_name
	.long	56                              @ DW_AT_type
	.byte	1                               @ DW_AT_external
	.byte	1                               @ DW_AT_decl_file
	.byte	5                               @ DW_AT_decl_line
	.byte	5                               @ DW_AT_location
	.byte	3
	.long	offset
	.byte	3                               @ Abbrev [3] 0x38:0xc DW_TAG_array_type
	.long	68                              @ DW_AT_type
	.byte	4                               @ Abbrev [4] 0x3d:0x6 DW_TAG_subrange_type
	.long	75                              @ DW_AT_type
	.byte	10                              @ DW_AT_count
	.byte	0                               @ End Of Children Mark
	.byte	5                               @ Abbrev [5] 0x44:0x7 DW_TAG_base_type
	.long	.Linfo_string4                  @ DW_AT_name
	.byte	5                               @ DW_AT_encoding
	.byte	4                               @ DW_AT_byte_size
	.byte	6                               @ Abbrev [6] 0x4b:0x7 DW_TAG_base_type
	.long	.Linfo_string5                  @ DW_AT_name
	.byte	8                               @ DW_AT_byte_size
	.byte	7                               @ DW_AT_encoding
	.byte	2                               @ Abbrev [2] 0x52:0x12 DW_TAG_variable
	.long	.Linfo_string6                  @ DW_AT_name
	.long	56                              @ DW_AT_type
	.byte	1                               @ DW_AT_external
	.byte	1                               @ DW_AT_decl_file
	.byte	4                               @ DW_AT_decl_line
	.byte	5                               @ DW_AT_location
	.byte	3
	.long	list
	.byte	7                               @ Abbrev [7] 0x64:0x19 DW_TAG_subprogram
	.long	.Lfunc_begin0                   @ DW_AT_low_pc
	.long	.Lfunc_end0                     @ DW_AT_high_pc
	.byte	1                               @ DW_AT_frame_base
	.byte	93
	.long	159                             @ DW_AT_abstract_origin
	.byte	8                               @ Abbrev [8] 0x73:0x9 DW_TAG_variable
	.long	.Ldebug_loc0                    @ DW_AT_location
	.long	169                             @ DW_AT_abstract_origin
	.byte	0                               @ End Of Children Mark
	.byte	7                               @ Abbrev [7] 0x7d:0x22 DW_TAG_subprogram
	.long	.Lfunc_begin1                   @ DW_AT_low_pc
	.long	.Lfunc_end1                     @ DW_AT_high_pc
	.byte	1                               @ DW_AT_frame_base
	.byte	93
	.long	188                             @ DW_AT_abstract_origin
	.byte	9                               @ Abbrev [9] 0x8c:0x9 DW_TAG_formal_parameter
	.long	.Ldebug_loc1                    @ DW_AT_location
	.long	202                             @ DW_AT_abstract_origin
	.byte	8                               @ Abbrev [8] 0x95:0x9 DW_TAG_variable
	.long	.Ldebug_loc2                    @ DW_AT_location
	.long	213                             @ DW_AT_abstract_origin
	.byte	0                               @ End Of Children Mark
	.byte	10                              @ Abbrev [10] 0x9f:0x16 DW_TAG_subprogram
	.long	.Linfo_string7                  @ DW_AT_name
	.byte	1                               @ DW_AT_decl_file
	.byte	7                               @ DW_AT_decl_line
	.byte	1                               @ DW_AT_prototyped
	.byte	1                               @ DW_AT_external
	.byte	1                               @ DW_AT_inline
	.byte	11                              @ Abbrev [11] 0xa9:0xb DW_TAG_variable
	.long	.Linfo_string8                  @ DW_AT_name
	.byte	1                               @ DW_AT_decl_file
	.byte	8                               @ DW_AT_decl_line
	.long	181                             @ DW_AT_type
	.byte	0                               @ End Of Children Mark
	.byte	5                               @ Abbrev [5] 0xb5:0x7 DW_TAG_base_type
	.long	.Linfo_string9                  @ DW_AT_name
	.byte	7                               @ DW_AT_encoding
	.byte	4                               @ DW_AT_byte_size
	.byte	12                              @ Abbrev [12] 0xbc:0x25 DW_TAG_subprogram
	.long	.Linfo_string10                 @ DW_AT_name
	.byte	1                               @ DW_AT_decl_file
	.byte	18                              @ DW_AT_decl_line
	.byte	1                               @ DW_AT_prototyped
	.long	68                              @ DW_AT_type
	.byte	1                               @ DW_AT_external
	.byte	1                               @ DW_AT_inline
	.byte	13                              @ Abbrev [13] 0xca:0xb DW_TAG_formal_parameter
	.long	.Linfo_string11                 @ DW_AT_name
	.byte	1                               @ DW_AT_decl_file
	.byte	18                              @ DW_AT_decl_line
	.long	68                              @ DW_AT_type
	.byte	11                              @ Abbrev [11] 0xd5:0xb DW_TAG_variable
	.long	.Linfo_string8                  @ DW_AT_name
	.byte	1                               @ DW_AT_decl_file
	.byte	19                              @ DW_AT_decl_line
	.long	181                             @ DW_AT_type
	.byte	0                               @ End Of Children Mark
	.byte	14                              @ Abbrev [14] 0xe1:0xb5 DW_TAG_subprogram
	.long	.Lfunc_begin2                   @ DW_AT_low_pc
	.long	.Lfunc_end2                     @ DW_AT_high_pc
	.byte	1                               @ DW_AT_frame_base
	.byte	93
	.long	.Linfo_string12                 @ DW_AT_name
	.byte	1                               @ DW_AT_decl_file
	.byte	27                              @ DW_AT_decl_line
	.byte	1                               @ DW_AT_prototyped
	.long	68                              @ DW_AT_type
	.byte	1                               @ DW_AT_external
	.byte	15                              @ Abbrev [15] 0xf8:0xe DW_TAG_variable
	.byte	2                               @ DW_AT_location
	.byte	145
	.byte	8
	.long	.Linfo_string13                 @ DW_AT_name
	.byte	1                               @ DW_AT_decl_file
	.byte	29                              @ DW_AT_decl_line
	.long	406                             @ DW_AT_type
	.byte	15                              @ Abbrev [15] 0x106:0xe DW_TAG_variable
	.byte	2                               @ DW_AT_location
	.byte	145
	.byte	4
	.long	.Linfo_string14                 @ DW_AT_name
	.byte	1                               @ DW_AT_decl_file
	.byte	29                              @ DW_AT_decl_line
	.long	406                             @ DW_AT_type
	.byte	15                              @ Abbrev [15] 0x114:0xe DW_TAG_variable
	.byte	2                               @ DW_AT_location
	.byte	145
	.byte	0
	.long	.Linfo_string15                 @ DW_AT_name
	.byte	1                               @ DW_AT_decl_file
	.byte	29                              @ DW_AT_decl_line
	.long	406                             @ DW_AT_type
	.byte	16                              @ Abbrev [16] 0x122:0x16 DW_TAG_inlined_subroutine
	.long	159                             @ DW_AT_abstract_origin
	.long	.Ldebug_ranges0                 @ DW_AT_ranges
	.byte	1                               @ DW_AT_call_file
	.byte	31                              @ DW_AT_call_line
	.byte	2                               @ DW_AT_call_column
	.byte	8                               @ Abbrev [8] 0x12e:0x9 DW_TAG_variable
	.long	.Ldebug_loc3                    @ DW_AT_location
	.long	169                             @ DW_AT_abstract_origin
	.byte	0                               @ End Of Children Mark
	.byte	16                              @ Abbrev [16] 0x138:0x1f DW_TAG_inlined_subroutine
	.long	188                             @ DW_AT_abstract_origin
	.long	.Ldebug_ranges1                 @ DW_AT_ranges
	.byte	1                               @ DW_AT_call_file
	.byte	33                              @ DW_AT_call_line
	.byte	6                               @ DW_AT_call_column
	.byte	9                               @ Abbrev [9] 0x144:0x9 DW_TAG_formal_parameter
	.long	.Ldebug_loc5                    @ DW_AT_location
	.long	202                             @ DW_AT_abstract_origin
	.byte	8                               @ Abbrev [8] 0x14d:0x9 DW_TAG_variable
	.long	.Ldebug_loc4                    @ DW_AT_location
	.long	213                             @ DW_AT_abstract_origin
	.byte	0                               @ End Of Children Mark
	.byte	16                              @ Abbrev [16] 0x157:0x1f DW_TAG_inlined_subroutine
	.long	188                             @ DW_AT_abstract_origin
	.long	.Ldebug_ranges2                 @ DW_AT_ranges
	.byte	1                               @ DW_AT_call_file
	.byte	34                              @ DW_AT_call_line
	.byte	6                               @ DW_AT_call_column
	.byte	9                               @ Abbrev [9] 0x163:0x9 DW_TAG_formal_parameter
	.long	.Ldebug_loc7                    @ DW_AT_location
	.long	202                             @ DW_AT_abstract_origin
	.byte	8                               @ Abbrev [8] 0x16c:0x9 DW_TAG_variable
	.long	.Ldebug_loc6                    @ DW_AT_location
	.long	213                             @ DW_AT_abstract_origin
	.byte	0                               @ End Of Children Mark
	.byte	16                              @ Abbrev [16] 0x176:0x1f DW_TAG_inlined_subroutine
	.long	188                             @ DW_AT_abstract_origin
	.long	.Ldebug_ranges3                 @ DW_AT_ranges
	.byte	1                               @ DW_AT_call_file
	.byte	35                              @ DW_AT_call_line
	.byte	6                               @ DW_AT_call_column
	.byte	9                               @ Abbrev [9] 0x182:0x9 DW_TAG_formal_parameter
	.long	.Ldebug_loc9                    @ DW_AT_location
	.long	202                             @ DW_AT_abstract_origin
	.byte	8                               @ Abbrev [8] 0x18b:0x9 DW_TAG_variable
	.long	.Ldebug_loc8                    @ DW_AT_location
	.long	213                             @ DW_AT_abstract_origin
	.byte	0                               @ End Of Children Mark
	.byte	0                               @ End Of Children Mark
	.byte	17                              @ Abbrev [17] 0x196:0x5 DW_TAG_volatile_type
	.long	68                              @ DW_AT_type
	.byte	0                               @ End Of Children Mark
.Ldebug_info_end0:
	.section	.debug_ranges,"",%progbits
.Ldebug_ranges0:
	.long	.Ltmp40
	.long	.Ltmp47
	.long	.Ltmp48
	.long	.Ltmp50
	.long	0
	.long	0
.Ldebug_ranges1:
	.long	.Ltmp47
	.long	.Ltmp48
	.long	.Ltmp50
	.long	.Ltmp51
	.long	.Ltmp52
	.long	.Ltmp69
	.long	0
	.long	0
.Ldebug_ranges2:
	.long	.Ltmp69
	.long	.Ltmp70
	.long	.Ltmp71
	.long	.Ltmp72
	.long	.Ltmp73
	.long	.Ltmp90
	.long	0
	.long	0
.Ldebug_ranges3:
	.long	.Ltmp90
	.long	.Ltmp91
	.long	.Ltmp92
	.long	.Ltmp111
	.long	0
	.long	0
.Ldebug_ranges4:
	.long	.Lfunc_begin0
	.long	.Lfunc_end0
	.long	.Lfunc_begin1
	.long	.Lfunc_end1
	.long	.Lfunc_begin2
	.long	.Lfunc_end2
	.long	0
	.long	0
	.section	.debug_str,"MS",%progbits,1
.Linfo_string0:
	.asciz	"Component: ARM Compiler 6.16 Tool: armclang [5dfeb700]" @ string offset=0
.Linfo_string1:
	.asciz	"main.c"                        @ string offset=55
.Linfo_string2:
	.asciz	"C:\\Users\\oyiben01\\Documents\\SVN\\Content_WorkSpace\\Courses\\Efficient Embedded Education Kit\\Efficient Embedded Education Kit-NUCLEO-144_LATEST\\contents\\5. C Code as Implemented in Assembly Language\\Code\\Listing" @ string offset=62
.Linfo_string3:
	.asciz	"offset"                        @ string offset=272
.Linfo_string4:
	.asciz	"int"                           @ string offset=279
.Linfo_string5:
	.asciz	"__ARRAY_SIZE_TYPE__"           @ string offset=283
.Linfo_string6:
	.asciz	"list"                          @ string offset=303
.Linfo_string7:
	.asciz	"list_init"                     @ string offset=308
.Linfo_string8:
	.asciz	"i"                             @ string offset=318
.Linfo_string9:
	.asciz	"unsigned int"                  @ string offset=320
.Linfo_string10:
	.asciz	"list_find"                     @ string offset=333
.Linfo_string11:
	.asciz	"key"                           @ string offset=343
.Linfo_string12:
	.asciz	"main"                          @ string offset=347
.Linfo_string13:
	.asciz	"a"                             @ string offset=352
.Linfo_string14:
	.asciz	"b"                             @ string offset=354
.Linfo_string15:
	.asciz	"c"                             @ string offset=356
	.ident	"Component: ARM Compiler 6.16 Tool: armclang [5dfeb700]"
	.section	".note.GNU-stack","",%progbits
	.eabi_attribute	30, 2	@ Tag_ABI_optimization_goals
	.ARM_attribute	16, 1	@ Tag_AV_eba
	.section	.debug_line,"",%progbits
.Lline_table_start0:
