	.text
	.syntax unified
	.eabi_attribute	67, "2.09"	@ Tag_conformance
	.cpu	cortex-m33
	.eabi_attribute	6, 17	@ Tag_CPU_arch
	.eabi_attribute	7, 77	@ Tag_CPU_arch_profile
	.eabi_attribute	8, 0	@ Tag_ARM_ISA_use
	.eabi_attribute	9, 3	@ Tag_THUMB_ISA_use
	.fpu	fpv5-sp-d16
	.eabi_attribute	27, 1	@ Tag_ABI_HardFP_use
	.eabi_attribute	36, 1	@ Tag_FP_HP_extension
	.eabi_attribute	46, 1	@ Tag_DSP_extension
	.eabi_attribute	34, 1	@ Tag_CPU_unaligned_access
	.eabi_attribute	17, 1	@ Tag_ABI_PCS_GOT_use
	.eabi_attribute	20, 2	@ Tag_ABI_FP_denormal
	.eabi_attribute	21, 0	@ Tag_ABI_FP_exceptions
	.eabi_attribute	23, 1	@ Tag_ABI_FP_number_model
	.eabi_attribute	24, 1	@ Tag_ABI_align_needed
	.eabi_attribute	25, 1	@ Tag_ABI_align_preserved
	.eabi_attribute	28, 1	@ Tag_ABI_VFP_args
	.eabi_attribute	38, 1	@ Tag_ABI_FP_16bit_format
	.eabi_attribute	18, 2	@ Tag_ABI_PCS_wchar_t
	.eabi_attribute	26, 1	@ Tag_ABI_enum_size
	.eabi_attribute	14, 0	@ Tag_ABI_PCS_R9_use
	.file	"system_stm32l5xx.c"
	.file	1 "c:\\Keil_v5\\ARM\\ARMCLANG\\Bin\\..\\include" "stdint.h"
	.file	2 "C:\\Users\\oyiben01\\Documents\\SVN\\Content_WorkSpace\\Courses\\Efficient Embedded Education Kit\\Efficient Embedded Education Kit-NUCLEO-144_LATEST\\contents\\5. C Code as Implemented in Assembly Language\\Code\\Listing" "RTE/Device/STM32L552ZETxQ/system_stm32l5xx.c"
	.file	3 "c:/Keil_v5\\ARM\\PACK\\ARM\\CMSIS\\5.8.0\\CMSIS\\Core\\Include" "core_cm33.h"
	.file	4 "c:/Keil_v5\\ARM\\PACK\\Keil\\STM32L5xx_DFP\\1.3.0\\Drivers\\CMSIS\\Device\\ST\\STM32L5xx\\Include" "stm32l552xx.h"
	.section	.text.SystemInit,"ax",%progbits
	.hidden	SystemInit                      @ -- Begin function SystemInit
	.globl	SystemInit
	.p2align	2
	.type	SystemInit,%function
	.code	16                              @ @SystemInit
	.thumb_func
SystemInit:
.Lfunc_begin0:
	.loc	2 210 0                         @ RTE/Device/STM32L552ZETxQ/system_stm32l5xx.c:210:0
	.fnstart
	.cfi_sections .debug_frame
	.cfi_startproc
@ %bb.0:
	movw	r0, #60808
	movt	r0, #57344
.Ltmp0:
	.loc	2 218 14 prologue_end           @ RTE/Device/STM32L552ZETxQ/system_stm32l5xx.c:218:14
	ldr	r1, [r0]
	orr	r1, r1, #15728640
	str	r1, [r0]
	.loc	2 220 1                         @ RTE/Device/STM32L552ZETxQ/system_stm32l5xx.c:220:1
	bx	lr
.Ltmp1:
.Lfunc_end0:
	.size	SystemInit, .Lfunc_end0-SystemInit
	.cfi_endproc
	.cantunwind
	.fnend
                                        @ -- End function
	.section	.text.SystemCoreClockUpdate,"ax",%progbits
	.hidden	SystemCoreClockUpdate           @ -- Begin function SystemCoreClockUpdate
	.globl	SystemCoreClockUpdate
	.p2align	2
	.type	SystemCoreClockUpdate,%function
	.code	16                              @ @SystemCoreClockUpdate
	.thumb_func
SystemCoreClockUpdate:
.Lfunc_begin1:
	.loc	2 264 0                         @ RTE/Device/STM32L552ZETxQ/system_stm32l5xx.c:264:0
	.fnstart
	.cfi_startproc
@ %bb.0:
	movw	r0, #4108
	movt	r0, #16386
.Ltmp2:
	.loc	2 268 12 prologue_end           @ RTE/Device/STM32L552ZETxQ/system_stm32l5xx.c:268:12
	ldr	r1, [r0, #-12]
.Ltmp3:
	.loc	2 268 6 is_stmt 0               @ RTE/Device/STM32L552ZETxQ/system_stm32l5xx.c:268:6
	lsls	r1, r1, #28
	bmi	.LBB1_2
@ %bb.1:
.Ltmp4:
	.loc	2 270 22 is_stmt 1              @ RTE/Device/STM32L552ZETxQ/system_stm32l5xx.c:270:22
	ldr.w	r1, [r0, #136]
	.loc	2 270 47 is_stmt 0              @ RTE/Device/STM32L552ZETxQ/system_stm32l5xx.c:270:47
	lsrs	r1, r1, #8
.Ltmp5:
	@DEBUG_VALUE: SystemCoreClockUpdate:msirange <- [DW_OP_constu 15, DW_OP_and, DW_OP_stack_value] $r1
	.loc	2 0 47                          @ RTE/Device/STM32L552ZETxQ/system_stm32l5xx.c:0:47
	b	.LBB1_3
.Ltmp6:
	.p2align	2
.LBB1_2:
	.loc	2 274 22 is_stmt 1              @ RTE/Device/STM32L552ZETxQ/system_stm32l5xx.c:274:22
	ldr	r1, [r0, #-12]
	.loc	2 274 44 is_stmt 0              @ RTE/Device/STM32L552ZETxQ/system_stm32l5xx.c:274:44
	lsrs	r1, r1, #4
.Ltmp7:
	@DEBUG_VALUE: SystemCoreClockUpdate:msirange <- [DW_OP_constu 15, DW_OP_and, DW_OP_stack_value] $r1
.LBB1_3:
	@DEBUG_VALUE: SystemCoreClockUpdate:msirange <- [DW_OP_constu 15, DW_OP_and, DW_OP_stack_value] $r1
	.loc	2 277 14 is_stmt 1              @ RTE/Device/STM32L552ZETxQ/system_stm32l5xx.c:277:14
	movw	r2, :lower16:MSIRangeTable
	.loc	2 280 16                        @ RTE/Device/STM32L552ZETxQ/system_stm32l5xx.c:280:16
	ldr	r3, [r0, #-4]
.Ltmp8:
	.loc	2 0 0 is_stmt 0                 @ RTE/Device/STM32L552ZETxQ/system_stm32l5xx.c:0:0
	and	r1, r1, #15
.Ltmp9:
	@DEBUG_VALUE: SystemCoreClockUpdate:msirange <- $r1
	.loc	2 277 14 is_stmt 1              @ RTE/Device/STM32L552ZETxQ/system_stm32l5xx.c:277:14
	movt	r2, :upper16:MSIRangeTable
	ldr.w	r1, [r2, r1, lsl #2]
.Ltmp10:
	@DEBUG_VALUE: SystemCoreClockUpdate:msirange <- $r1
	.loc	2 280 3                         @ RTE/Device/STM32L552ZETxQ/system_stm32l5xx.c:280:3
	ubfx	r2, r3, #2, #2
.LCPI1_0:
	tbb	[pc, r2]
.Ltmp11:
@ %bb.4:
	.loc	2 0 3 is_stmt 0                 @ RTE/Device/STM32L552ZETxQ/system_stm32l5xx.c:0:3
.LJTI1_0:
	.byte	(.LBB1_8-(.LCPI1_0+4))/2
	.byte	(.LBB1_5-(.LCPI1_0+4))/2
	.byte	(.LBB1_6-(.LCPI1_0+4))/2
	.byte	(.LBB1_7-(.LCPI1_0+4))/2
	.p2align	1
	.p2align	2
.LBB1_5:
.Ltmp12:
	@DEBUG_VALUE: SystemCoreClockUpdate:msirange <- $r1
	movw	r1, #9216
.Ltmp13:
	movt	r1, #244
.Ltmp14:
	.loc	2 288 7 is_stmt 1               @ RTE/Device/STM32L552ZETxQ/system_stm32l5xx.c:288:7
	b	.LBB1_8
	.p2align	2
.LBB1_6:
.Ltmp15:
	@DEBUG_VALUE: SystemCoreClockUpdate:msirange <- $r1
	.loc	2 0 7 is_stmt 0                 @ RTE/Device/STM32L552ZETxQ/system_stm32l5xx.c:0:7
	movw	r1, #9216
.Ltmp16:
	movt	r1, #244
	.loc	2 292 7 is_stmt 1               @ RTE/Device/STM32L552ZETxQ/system_stm32l5xx.c:292:7
	b	.LBB1_8
	.p2align	2
.LBB1_7:
.Ltmp17:
	@DEBUG_VALUE: SystemCoreClockUpdate:msirange <- $r1
	.loc	2 298 25                        @ RTE/Device/STM32L552ZETxQ/system_stm32l5xx.c:298:25
	ldr	r2, [r0]
.Ltmp18:
	@DEBUG_VALUE: SystemCoreClockUpdate:pllsource <- [DW_OP_constu 3, DW_OP_and, DW_OP_stack_value] $r2
	.loc	2 299 21                        @ RTE/Device/STM32L552ZETxQ/system_stm32l5xx.c:299:21
	ldr	r3, [r0]
	.loc	2 301 7                         @ RTE/Device/STM32L552ZETxQ/system_stm32l5xx.c:301:7
	lsls	r2, r2, #30
.Ltmp19:
	.loc	2 0 7 is_stmt 0                 @ RTE/Device/STM32L552ZETxQ/system_stm32l5xx.c:0:7
	movw	r2, #9216
	.loc	2 299 49 is_stmt 1              @ RTE/Device/STM32L552ZETxQ/system_stm32l5xx.c:299:49
	ubfx	r3, r3, #4, #4
	movt	r2, #244
	.loc	2 301 7                         @ RTE/Device/STM32L552ZETxQ/system_stm32l5xx.c:301:7
	it	pl
	movpl	r2, r1
	.loc	2 315 32                        @ RTE/Device/STM32L552ZETxQ/system_stm32l5xx.c:315:32
	ldr	r1, [r0]
.Ltmp20:
	.loc	2 299 56                        @ RTE/Device/STM32L552ZETxQ/system_stm32l5xx.c:299:56
	adds	r3, #1
.Ltmp21:
	@DEBUG_VALUE: SystemCoreClockUpdate:pllm <- $r3
	.loc	2 0 0 is_stmt 0                 @ RTE/Device/STM32L552ZETxQ/system_stm32l5xx.c:0:0
	udiv	r2, r2, r3
.Ltmp22:
	@DEBUG_VALUE: SystemCoreClockUpdate:pllvco <- $r2
	.loc	2 315 60 is_stmt 1              @ RTE/Device/STM32L552ZETxQ/system_stm32l5xx.c:315:60
	ubfx	r1, r1, #8, #7
	.loc	2 316 22                        @ RTE/Device/STM32L552ZETxQ/system_stm32l5xx.c:316:22
	ldr	r3, [r0]
.Ltmp23:
	.loc	2 315 23                        @ RTE/Device/STM32L552ZETxQ/system_stm32l5xx.c:315:23
	mul	r1, r1, r2
.Ltmp24:
	@DEBUG_VALUE: SystemCoreClockUpdate:pllvco <- $r1
	.loc	2 316 64                        @ RTE/Device/STM32L552ZETxQ/system_stm32l5xx.c:316:64
	ubfx	r2, r3, #25, #2
	movs	r3, #2
	add.w	r2, r3, r2, lsl #1
.Ltmp25:
	@DEBUG_VALUE: SystemCoreClockUpdate:pllr <- $r2
	.loc	2 317 31                        @ RTE/Device/STM32L552ZETxQ/system_stm32l5xx.c:317:31
	udiv	r1, r1, r2
.Ltmp26:
.LBB1_8:
	.loc	2 0 0 is_stmt 0                 @ RTE/Device/STM32L552ZETxQ/system_stm32l5xx.c:0:0
	movw	r2, :lower16:SystemCoreClock
	movt	r2, :upper16:SystemCoreClock
	str	r1, [r2]
.Ltmp27:
	.loc	2 326 30 is_stmt 1              @ RTE/Device/STM32L552ZETxQ/system_stm32l5xx.c:326:30
	ldr	r0, [r0, #-4]
	.loc	2 326 9 is_stmt 0               @ RTE/Device/STM32L552ZETxQ/system_stm32l5xx.c:326:9
	movw	r3, :lower16:AHBPrescTable
	.loc	2 326 52                        @ RTE/Device/STM32L552ZETxQ/system_stm32l5xx.c:326:52
	ubfx	r0, r0, #4, #4
	.loc	2 326 9                         @ RTE/Device/STM32L552ZETxQ/system_stm32l5xx.c:326:9
	movt	r3, :upper16:AHBPrescTable
	ldrb	r0, [r3, r0]
.Ltmp28:
	@DEBUG_VALUE: SystemCoreClockUpdate:tmp <- $r0
	.loc	2 328 19 is_stmt 1              @ RTE/Device/STM32L552ZETxQ/system_stm32l5xx.c:328:19
	lsr.w	r0, r1, r0
.Ltmp29:
	str	r0, [r2]
	.loc	2 329 1                         @ RTE/Device/STM32L552ZETxQ/system_stm32l5xx.c:329:1
	bx	lr
.Ltmp30:
.Lfunc_end1:
	.size	SystemCoreClockUpdate, .Lfunc_end1-SystemCoreClockUpdate
	.cfi_endproc
	.cantunwind
	.fnend
                                        @ -- End function
	.hidden	SystemCoreClock                 @ @SystemCoreClock
	.type	SystemCoreClock,%object
	.section	.data.SystemCoreClock,"aw",%progbits
	.globl	SystemCoreClock
	.p2align	2
SystemCoreClock:
	.long	4000000                         @ 0x3d0900
	.size	SystemCoreClock, 4

	.hidden	AHBPrescTable                   @ @AHBPrescTable
	.type	AHBPrescTable,%object
	.section	.rodata.AHBPrescTable,"a",%progbits
	.globl	AHBPrescTable
AHBPrescTable:
	.ascii	"\000\000\000\000\000\000\000\000\001\002\003\004\006\007\b\t"
	.size	AHBPrescTable, 16

	.hidden	APBPrescTable                   @ @APBPrescTable
	.type	APBPrescTable,%object
	.section	.rodata.APBPrescTable,"a",%progbits
	.globl	APBPrescTable
APBPrescTable:
	.ascii	"\000\000\000\000\001\002\003\004"
	.size	APBPrescTable, 8

	.hidden	MSIRangeTable                   @ @MSIRangeTable
	.type	MSIRangeTable,%object
	.section	.rodata.MSIRangeTable,"a",%progbits
	.globl	MSIRangeTable
	.p2align	2
MSIRangeTable:
	.long	100000                          @ 0x186a0
	.long	200000                          @ 0x30d40
	.long	400000                          @ 0x61a80
	.long	800000                          @ 0xc3500
	.long	1000000                         @ 0xf4240
	.long	2000000                         @ 0x1e8480
	.long	4000000                         @ 0x3d0900
	.long	8000000                         @ 0x7a1200
	.long	16000000                        @ 0xf42400
	.long	24000000                        @ 0x16e3600
	.long	32000000                        @ 0x1e84800
	.long	48000000                        @ 0x2dc6c00
	.long	0                               @ 0x0
	.long	0                               @ 0x0
	.long	0                               @ 0x0
	.long	0                               @ 0x0
	.size	MSIRangeTable, 64

	.section	.debug_loc,"",%progbits
.Ldebug_loc0:
	.long	-1
	.long	.Lfunc_begin1                   @   base address
	.long	.Ltmp9-.Lfunc_begin1
	.long	.Ltmp11-.Lfunc_begin1
	.short	1                               @ Loc expr size
	.byte	81                              @ DW_OP_reg1
	.long	.Ltmp12-.Lfunc_begin1
	.long	.Ltmp13-.Lfunc_begin1
	.short	1                               @ Loc expr size
	.byte	81                              @ DW_OP_reg1
	.long	.Ltmp15-.Lfunc_begin1
	.long	.Ltmp16-.Lfunc_begin1
	.short	1                               @ Loc expr size
	.byte	81                              @ DW_OP_reg1
	.long	.Ltmp17-.Lfunc_begin1
	.long	.Ltmp20-.Lfunc_begin1
	.short	1                               @ Loc expr size
	.byte	81                              @ DW_OP_reg1
	.long	0
	.long	0
.Ldebug_loc1:
	.long	-1
	.long	.Lfunc_begin1                   @   base address
	.long	.Ltmp21-.Lfunc_begin1
	.long	.Ltmp23-.Lfunc_begin1
	.short	1                               @ Loc expr size
	.byte	83                              @ DW_OP_reg3
	.long	0
	.long	0
.Ldebug_loc2:
	.long	-1
	.long	.Lfunc_begin1                   @   base address
	.long	.Ltmp22-.Lfunc_begin1
	.long	.Ltmp24-.Lfunc_begin1
	.short	1                               @ Loc expr size
	.byte	82                              @ DW_OP_reg2
	.long	.Ltmp24-.Lfunc_begin1
	.long	.Ltmp26-.Lfunc_begin1
	.short	1                               @ Loc expr size
	.byte	81                              @ DW_OP_reg1
	.long	0
	.long	0
.Ldebug_loc3:
	.long	-1
	.long	.Lfunc_begin1                   @   base address
	.long	.Ltmp25-.Lfunc_begin1
	.long	.Ltmp26-.Lfunc_begin1
	.short	1                               @ Loc expr size
	.byte	82                              @ DW_OP_reg2
	.long	0
	.long	0
.Ldebug_loc4:
	.long	-1
	.long	.Lfunc_begin1                   @   base address
	.long	.Ltmp28-.Lfunc_begin1
	.long	.Ltmp29-.Lfunc_begin1
	.short	1                               @ Loc expr size
	.byte	80                              @ DW_OP_reg0
	.long	0
	.long	0
	.section	.debug_abbrev,"",%progbits
	.byte	1                               @ Abbreviation Code
	.byte	17                              @ DW_TAG_compile_unit
	.byte	1                               @ DW_CHILDREN_yes
	.byte	37                              @ DW_AT_producer
	.byte	14                              @ DW_FORM_strp
	.byte	19                              @ DW_AT_language
	.byte	5                               @ DW_FORM_data2
	.byte	3                               @ DW_AT_name
	.byte	14                              @ DW_FORM_strp
	.byte	16                              @ DW_AT_stmt_list
	.byte	6                               @ DW_FORM_data4
	.byte	27                              @ DW_AT_comp_dir
	.byte	14                              @ DW_FORM_strp
	.byte	17                              @ DW_AT_low_pc
	.byte	1                               @ DW_FORM_addr
	.byte	85                              @ DW_AT_ranges
	.byte	6                               @ DW_FORM_data4
	.byte	0                               @ EOM(1)
	.byte	0                               @ EOM(2)
	.byte	2                               @ Abbreviation Code
	.byte	52                              @ DW_TAG_variable
	.byte	0                               @ DW_CHILDREN_no
	.byte	3                               @ DW_AT_name
	.byte	14                              @ DW_FORM_strp
	.byte	73                              @ DW_AT_type
	.byte	19                              @ DW_FORM_ref4
	.byte	63                              @ DW_AT_external
	.byte	12                              @ DW_FORM_flag
	.byte	58                              @ DW_AT_decl_file
	.byte	11                              @ DW_FORM_data1
	.byte	59                              @ DW_AT_decl_line
	.byte	11                              @ DW_FORM_data1
	.byte	2                               @ DW_AT_location
	.byte	10                              @ DW_FORM_block1
	.byte	0                               @ EOM(1)
	.byte	0                               @ EOM(2)
	.byte	3                               @ Abbreviation Code
	.byte	22                              @ DW_TAG_typedef
	.byte	0                               @ DW_CHILDREN_no
	.byte	73                              @ DW_AT_type
	.byte	19                              @ DW_FORM_ref4
	.byte	3                               @ DW_AT_name
	.byte	14                              @ DW_FORM_strp
	.byte	58                              @ DW_AT_decl_file
	.byte	11                              @ DW_FORM_data1
	.byte	59                              @ DW_AT_decl_line
	.byte	11                              @ DW_FORM_data1
	.byte	0                               @ EOM(1)
	.byte	0                               @ EOM(2)
	.byte	4                               @ Abbreviation Code
	.byte	36                              @ DW_TAG_base_type
	.byte	0                               @ DW_CHILDREN_no
	.byte	3                               @ DW_AT_name
	.byte	14                              @ DW_FORM_strp
	.byte	62                              @ DW_AT_encoding
	.byte	11                              @ DW_FORM_data1
	.byte	11                              @ DW_AT_byte_size
	.byte	11                              @ DW_FORM_data1
	.byte	0                               @ EOM(1)
	.byte	0                               @ EOM(2)
	.byte	5                               @ Abbreviation Code
	.byte	1                               @ DW_TAG_array_type
	.byte	1                               @ DW_CHILDREN_yes
	.byte	73                              @ DW_AT_type
	.byte	19                              @ DW_FORM_ref4
	.byte	0                               @ EOM(1)
	.byte	0                               @ EOM(2)
	.byte	6                               @ Abbreviation Code
	.byte	33                              @ DW_TAG_subrange_type
	.byte	0                               @ DW_CHILDREN_no
	.byte	73                              @ DW_AT_type
	.byte	19                              @ DW_FORM_ref4
	.byte	55                              @ DW_AT_count
	.byte	11                              @ DW_FORM_data1
	.byte	0                               @ EOM(1)
	.byte	0                               @ EOM(2)
	.byte	7                               @ Abbreviation Code
	.byte	38                              @ DW_TAG_const_type
	.byte	0                               @ DW_CHILDREN_no
	.byte	73                              @ DW_AT_type
	.byte	19                              @ DW_FORM_ref4
	.byte	0                               @ EOM(1)
	.byte	0                               @ EOM(2)
	.byte	8                               @ Abbreviation Code
	.byte	36                              @ DW_TAG_base_type
	.byte	0                               @ DW_CHILDREN_no
	.byte	3                               @ DW_AT_name
	.byte	14                              @ DW_FORM_strp
	.byte	11                              @ DW_AT_byte_size
	.byte	11                              @ DW_FORM_data1
	.byte	62                              @ DW_AT_encoding
	.byte	11                              @ DW_FORM_data1
	.byte	0                               @ EOM(1)
	.byte	0                               @ EOM(2)
	.byte	9                               @ Abbreviation Code
	.byte	15                              @ DW_TAG_pointer_type
	.byte	0                               @ DW_CHILDREN_no
	.byte	73                              @ DW_AT_type
	.byte	19                              @ DW_FORM_ref4
	.byte	0                               @ EOM(1)
	.byte	0                               @ EOM(2)
	.byte	10                              @ Abbreviation Code
	.byte	22                              @ DW_TAG_typedef
	.byte	0                               @ DW_CHILDREN_no
	.byte	73                              @ DW_AT_type
	.byte	19                              @ DW_FORM_ref4
	.byte	3                               @ DW_AT_name
	.byte	14                              @ DW_FORM_strp
	.byte	58                              @ DW_AT_decl_file
	.byte	11                              @ DW_FORM_data1
	.byte	59                              @ DW_AT_decl_line
	.byte	5                               @ DW_FORM_data2
	.byte	0                               @ EOM(1)
	.byte	0                               @ EOM(2)
	.byte	11                              @ Abbreviation Code
	.byte	19                              @ DW_TAG_structure_type
	.byte	1                               @ DW_CHILDREN_yes
	.byte	11                              @ DW_AT_byte_size
	.byte	5                               @ DW_FORM_data2
	.byte	58                              @ DW_AT_decl_file
	.byte	11                              @ DW_FORM_data1
	.byte	59                              @ DW_AT_decl_line
	.byte	5                               @ DW_FORM_data2
	.byte	0                               @ EOM(1)
	.byte	0                               @ EOM(2)
	.byte	12                              @ Abbreviation Code
	.byte	13                              @ DW_TAG_member
	.byte	0                               @ DW_CHILDREN_no
	.byte	3                               @ DW_AT_name
	.byte	14                              @ DW_FORM_strp
	.byte	73                              @ DW_AT_type
	.byte	19                              @ DW_FORM_ref4
	.byte	58                              @ DW_AT_decl_file
	.byte	11                              @ DW_FORM_data1
	.byte	59                              @ DW_AT_decl_line
	.byte	5                               @ DW_FORM_data2
	.byte	56                              @ DW_AT_data_member_location
	.byte	11                              @ DW_FORM_data1
	.byte	0                               @ EOM(1)
	.byte	0                               @ EOM(2)
	.byte	13                              @ Abbreviation Code
	.byte	13                              @ DW_TAG_member
	.byte	0                               @ DW_CHILDREN_no
	.byte	3                               @ DW_AT_name
	.byte	14                              @ DW_FORM_strp
	.byte	73                              @ DW_AT_type
	.byte	19                              @ DW_FORM_ref4
	.byte	58                              @ DW_AT_decl_file
	.byte	11                              @ DW_FORM_data1
	.byte	59                              @ DW_AT_decl_line
	.byte	5                               @ DW_FORM_data2
	.byte	56                              @ DW_AT_data_member_location
	.byte	5                               @ DW_FORM_data2
	.byte	0                               @ EOM(1)
	.byte	0                               @ EOM(2)
	.byte	14                              @ Abbreviation Code
	.byte	53                              @ DW_TAG_volatile_type
	.byte	0                               @ DW_CHILDREN_no
	.byte	73                              @ DW_AT_type
	.byte	19                              @ DW_FORM_ref4
	.byte	0                               @ EOM(1)
	.byte	0                               @ EOM(2)
	.byte	15                              @ Abbreviation Code
	.byte	46                              @ DW_TAG_subprogram
	.byte	0                               @ DW_CHILDREN_no
	.byte	17                              @ DW_AT_low_pc
	.byte	1                               @ DW_FORM_addr
	.byte	18                              @ DW_AT_high_pc
	.byte	1                               @ DW_FORM_addr
	.byte	64                              @ DW_AT_frame_base
	.byte	10                              @ DW_FORM_block1
	.byte	3                               @ DW_AT_name
	.byte	14                              @ DW_FORM_strp
	.byte	58                              @ DW_AT_decl_file
	.byte	11                              @ DW_FORM_data1
	.byte	59                              @ DW_AT_decl_line
	.byte	11                              @ DW_FORM_data1
	.byte	39                              @ DW_AT_prototyped
	.byte	12                              @ DW_FORM_flag
	.byte	63                              @ DW_AT_external
	.byte	12                              @ DW_FORM_flag
	.byte	0                               @ EOM(1)
	.byte	0                               @ EOM(2)
	.byte	16                              @ Abbreviation Code
	.byte	46                              @ DW_TAG_subprogram
	.byte	1                               @ DW_CHILDREN_yes
	.byte	17                              @ DW_AT_low_pc
	.byte	1                               @ DW_FORM_addr
	.byte	18                              @ DW_AT_high_pc
	.byte	1                               @ DW_FORM_addr
	.byte	64                              @ DW_AT_frame_base
	.byte	10                              @ DW_FORM_block1
	.byte	3                               @ DW_AT_name
	.byte	14                              @ DW_FORM_strp
	.byte	58                              @ DW_AT_decl_file
	.byte	11                              @ DW_FORM_data1
	.byte	59                              @ DW_AT_decl_line
	.byte	5                               @ DW_FORM_data2
	.byte	39                              @ DW_AT_prototyped
	.byte	12                              @ DW_FORM_flag
	.byte	63                              @ DW_AT_external
	.byte	12                              @ DW_FORM_flag
	.byte	0                               @ EOM(1)
	.byte	0                               @ EOM(2)
	.byte	17                              @ Abbreviation Code
	.byte	52                              @ DW_TAG_variable
	.byte	0                               @ DW_CHILDREN_no
	.byte	2                               @ DW_AT_location
	.byte	6                               @ DW_FORM_data4
	.byte	3                               @ DW_AT_name
	.byte	14                              @ DW_FORM_strp
	.byte	58                              @ DW_AT_decl_file
	.byte	11                              @ DW_FORM_data1
	.byte	59                              @ DW_AT_decl_line
	.byte	5                               @ DW_FORM_data2
	.byte	73                              @ DW_AT_type
	.byte	19                              @ DW_FORM_ref4
	.byte	0                               @ EOM(1)
	.byte	0                               @ EOM(2)
	.byte	18                              @ Abbreviation Code
	.byte	52                              @ DW_TAG_variable
	.byte	0                               @ DW_CHILDREN_no
	.byte	3                               @ DW_AT_name
	.byte	14                              @ DW_FORM_strp
	.byte	58                              @ DW_AT_decl_file
	.byte	11                              @ DW_FORM_data1
	.byte	59                              @ DW_AT_decl_line
	.byte	5                               @ DW_FORM_data2
	.byte	73                              @ DW_AT_type
	.byte	19                              @ DW_FORM_ref4
	.byte	0                               @ EOM(1)
	.byte	0                               @ EOM(2)
	.byte	0                               @ EOM(3)
	.section	.debug_info,"",%progbits
.Lcu_begin0:
	.long	.Ldebug_info_end0-.Ldebug_info_start0 @ Length of Unit
.Ldebug_info_start0:
	.short	3                               @ DWARF version number
	.long	.debug_abbrev                   @ Offset Into Abbrev. Section
	.byte	4                               @ Address Size (in bytes)
	.byte	1                               @ Abbrev [1] 0xb:0x6c4 DW_TAG_compile_unit
	.long	.Linfo_string0                  @ DW_AT_producer
	.short	12                              @ DW_AT_language
	.long	.Linfo_string1                  @ DW_AT_name
	.long	.Lline_table_start0             @ DW_AT_stmt_list
	.long	.Linfo_string2                  @ DW_AT_comp_dir
	.long	0                               @ DW_AT_low_pc
	.long	.Ldebug_ranges0                 @ DW_AT_ranges
	.byte	2                               @ Abbrev [2] 0x26:0x12 DW_TAG_variable
	.long	.Linfo_string3                  @ DW_AT_name
	.long	56                              @ DW_AT_type
	.byte	1                               @ DW_AT_external
	.byte	2                               @ DW_AT_decl_file
	.byte	181                             @ DW_AT_decl_line
	.byte	5                               @ DW_AT_location
	.byte	3
	.long	SystemCoreClock
	.byte	3                               @ Abbrev [3] 0x38:0xb DW_TAG_typedef
	.long	67                              @ DW_AT_type
	.long	.Linfo_string5                  @ DW_AT_name
	.byte	1                               @ DW_AT_decl_file
	.byte	64                              @ DW_AT_decl_line
	.byte	4                               @ Abbrev [4] 0x43:0x7 DW_TAG_base_type
	.long	.Linfo_string4                  @ DW_AT_name
	.byte	7                               @ DW_AT_encoding
	.byte	4                               @ DW_AT_byte_size
	.byte	2                               @ Abbrev [2] 0x4a:0x12 DW_TAG_variable
	.long	.Linfo_string6                  @ DW_AT_name
	.long	92                              @ DW_AT_type
	.byte	1                               @ DW_AT_external
	.byte	2                               @ DW_AT_decl_file
	.byte	183                             @ DW_AT_decl_line
	.byte	5                               @ DW_AT_location
	.byte	3
	.long	AHBPrescTable
	.byte	5                               @ Abbrev [5] 0x5c:0xc DW_TAG_array_type
	.long	104                             @ DW_AT_type
	.byte	6                               @ Abbrev [6] 0x61:0x6 DW_TAG_subrange_type
	.long	127                             @ DW_AT_type
	.byte	16                              @ DW_AT_count
	.byte	0                               @ End Of Children Mark
	.byte	7                               @ Abbrev [7] 0x68:0x5 DW_TAG_const_type
	.long	109                             @ DW_AT_type
	.byte	3                               @ Abbrev [3] 0x6d:0xb DW_TAG_typedef
	.long	120                             @ DW_AT_type
	.long	.Linfo_string8                  @ DW_AT_name
	.byte	1                               @ DW_AT_decl_file
	.byte	62                              @ DW_AT_decl_line
	.byte	4                               @ Abbrev [4] 0x78:0x7 DW_TAG_base_type
	.long	.Linfo_string7                  @ DW_AT_name
	.byte	8                               @ DW_AT_encoding
	.byte	1                               @ DW_AT_byte_size
	.byte	8                               @ Abbrev [8] 0x7f:0x7 DW_TAG_base_type
	.long	.Linfo_string9                  @ DW_AT_name
	.byte	8                               @ DW_AT_byte_size
	.byte	7                               @ DW_AT_encoding
	.byte	2                               @ Abbrev [2] 0x86:0x12 DW_TAG_variable
	.long	.Linfo_string10                 @ DW_AT_name
	.long	152                             @ DW_AT_type
	.byte	1                               @ DW_AT_external
	.byte	2                               @ DW_AT_decl_file
	.byte	184                             @ DW_AT_decl_line
	.byte	5                               @ DW_AT_location
	.byte	3
	.long	APBPrescTable
	.byte	5                               @ Abbrev [5] 0x98:0xc DW_TAG_array_type
	.long	104                             @ DW_AT_type
	.byte	6                               @ Abbrev [6] 0x9d:0x6 DW_TAG_subrange_type
	.long	127                             @ DW_AT_type
	.byte	8                               @ DW_AT_count
	.byte	0                               @ End Of Children Mark
	.byte	2                               @ Abbrev [2] 0xa4:0x12 DW_TAG_variable
	.long	.Linfo_string11                 @ DW_AT_name
	.long	182                             @ DW_AT_type
	.byte	1                               @ DW_AT_external
	.byte	2                               @ DW_AT_decl_file
	.byte	185                             @ DW_AT_decl_line
	.byte	5                               @ DW_AT_location
	.byte	3
	.long	MSIRangeTable
	.byte	5                               @ Abbrev [5] 0xb6:0xc DW_TAG_array_type
	.long	194                             @ DW_AT_type
	.byte	6                               @ Abbrev [6] 0xbb:0x6 DW_TAG_subrange_type
	.long	127                             @ DW_AT_type
	.byte	16                              @ DW_AT_count
	.byte	0                               @ End Of Children Mark
	.byte	7                               @ Abbrev [7] 0xc2:0x5 DW_TAG_const_type
	.long	56                              @ DW_AT_type
	.byte	9                               @ Abbrev [9] 0xc7:0x5 DW_TAG_pointer_type
	.long	204                             @ DW_AT_type
	.byte	10                              @ Abbrev [10] 0xcc:0xc DW_TAG_typedef
	.long	216                             @ DW_AT_type
	.long	.Linfo_string55                 @ DW_AT_name
	.byte	3                               @ DW_AT_decl_file
	.short	549                             @ DW_AT_decl_line
	.byte	11                              @ Abbrev [11] 0xd8:0x247 DW_TAG_structure_type
	.short	636                             @ DW_AT_byte_size
	.byte	3                               @ DW_AT_decl_file
	.short	504                             @ DW_AT_decl_line
	.byte	12                              @ Abbrev [12] 0xde:0xd DW_TAG_member
	.long	.Linfo_string12                 @ DW_AT_name
	.long	799                             @ DW_AT_type
	.byte	3                               @ DW_AT_decl_file
	.short	506                             @ DW_AT_decl_line
	.byte	0                               @ DW_AT_data_member_location
	.byte	12                              @ Abbrev [12] 0xeb:0xd DW_TAG_member
	.long	.Linfo_string13                 @ DW_AT_name
	.long	804                             @ DW_AT_type
	.byte	3                               @ DW_AT_decl_file
	.short	507                             @ DW_AT_decl_line
	.byte	4                               @ DW_AT_data_member_location
	.byte	12                              @ Abbrev [12] 0xf8:0xd DW_TAG_member
	.long	.Linfo_string14                 @ DW_AT_name
	.long	804                             @ DW_AT_type
	.byte	3                               @ DW_AT_decl_file
	.short	508                             @ DW_AT_decl_line
	.byte	8                               @ DW_AT_data_member_location
	.byte	12                              @ Abbrev [12] 0x105:0xd DW_TAG_member
	.long	.Linfo_string15                 @ DW_AT_name
	.long	804                             @ DW_AT_type
	.byte	3                               @ DW_AT_decl_file
	.short	509                             @ DW_AT_decl_line
	.byte	12                              @ DW_AT_data_member_location
	.byte	12                              @ Abbrev [12] 0x112:0xd DW_TAG_member
	.long	.Linfo_string16                 @ DW_AT_name
	.long	804                             @ DW_AT_type
	.byte	3                               @ DW_AT_decl_file
	.short	510                             @ DW_AT_decl_line
	.byte	16                              @ DW_AT_data_member_location
	.byte	12                              @ Abbrev [12] 0x11f:0xd DW_TAG_member
	.long	.Linfo_string17                 @ DW_AT_name
	.long	804                             @ DW_AT_type
	.byte	3                               @ DW_AT_decl_file
	.short	511                             @ DW_AT_decl_line
	.byte	20                              @ DW_AT_data_member_location
	.byte	12                              @ Abbrev [12] 0x12c:0xd DW_TAG_member
	.long	.Linfo_string18                 @ DW_AT_name
	.long	809                             @ DW_AT_type
	.byte	3                               @ DW_AT_decl_file
	.short	512                             @ DW_AT_decl_line
	.byte	24                              @ DW_AT_data_member_location
	.byte	12                              @ Abbrev [12] 0x139:0xd DW_TAG_member
	.long	.Linfo_string19                 @ DW_AT_name
	.long	804                             @ DW_AT_type
	.byte	3                               @ DW_AT_decl_file
	.short	513                             @ DW_AT_decl_line
	.byte	36                              @ DW_AT_data_member_location
	.byte	12                              @ Abbrev [12] 0x146:0xd DW_TAG_member
	.long	.Linfo_string20                 @ DW_AT_name
	.long	804                             @ DW_AT_type
	.byte	3                               @ DW_AT_decl_file
	.short	514                             @ DW_AT_decl_line
	.byte	40                              @ DW_AT_data_member_location
	.byte	12                              @ Abbrev [12] 0x153:0xd DW_TAG_member
	.long	.Linfo_string21                 @ DW_AT_name
	.long	804                             @ DW_AT_type
	.byte	3                               @ DW_AT_decl_file
	.short	515                             @ DW_AT_decl_line
	.byte	44                              @ DW_AT_data_member_location
	.byte	12                              @ Abbrev [12] 0x160:0xd DW_TAG_member
	.long	.Linfo_string22                 @ DW_AT_name
	.long	804                             @ DW_AT_type
	.byte	3                               @ DW_AT_decl_file
	.short	516                             @ DW_AT_decl_line
	.byte	48                              @ DW_AT_data_member_location
	.byte	12                              @ Abbrev [12] 0x16d:0xd DW_TAG_member
	.long	.Linfo_string23                 @ DW_AT_name
	.long	804                             @ DW_AT_type
	.byte	3                               @ DW_AT_decl_file
	.short	517                             @ DW_AT_decl_line
	.byte	52                              @ DW_AT_data_member_location
	.byte	12                              @ Abbrev [12] 0x17a:0xd DW_TAG_member
	.long	.Linfo_string24                 @ DW_AT_name
	.long	804                             @ DW_AT_type
	.byte	3                               @ DW_AT_decl_file
	.short	518                             @ DW_AT_decl_line
	.byte	56                              @ DW_AT_data_member_location
	.byte	12                              @ Abbrev [12] 0x187:0xd DW_TAG_member
	.long	.Linfo_string25                 @ DW_AT_name
	.long	804                             @ DW_AT_type
	.byte	3                               @ DW_AT_decl_file
	.short	519                             @ DW_AT_decl_line
	.byte	60                              @ DW_AT_data_member_location
	.byte	12                              @ Abbrev [12] 0x194:0xd DW_TAG_member
	.long	.Linfo_string26                 @ DW_AT_name
	.long	826                             @ DW_AT_type
	.byte	3                               @ DW_AT_decl_file
	.short	520                             @ DW_AT_decl_line
	.byte	64                              @ DW_AT_data_member_location
	.byte	12                              @ Abbrev [12] 0x1a1:0xd DW_TAG_member
	.long	.Linfo_string27                 @ DW_AT_name
	.long	799                             @ DW_AT_type
	.byte	3                               @ DW_AT_decl_file
	.short	521                             @ DW_AT_decl_line
	.byte	72                              @ DW_AT_data_member_location
	.byte	12                              @ Abbrev [12] 0x1ae:0xd DW_TAG_member
	.long	.Linfo_string28                 @ DW_AT_name
	.long	799                             @ DW_AT_type
	.byte	3                               @ DW_AT_decl_file
	.short	522                             @ DW_AT_decl_line
	.byte	76                              @ DW_AT_data_member_location
	.byte	12                              @ Abbrev [12] 0x1bb:0xd DW_TAG_member
	.long	.Linfo_string29                 @ DW_AT_name
	.long	838                             @ DW_AT_type
	.byte	3                               @ DW_AT_decl_file
	.short	523                             @ DW_AT_decl_line
	.byte	80                              @ DW_AT_data_member_location
	.byte	12                              @ Abbrev [12] 0x1c8:0xd DW_TAG_member
	.long	.Linfo_string30                 @ DW_AT_name
	.long	850                             @ DW_AT_type
	.byte	3                               @ DW_AT_decl_file
	.short	524                             @ DW_AT_decl_line
	.byte	96                              @ DW_AT_data_member_location
	.byte	12                              @ Abbrev [12] 0x1d5:0xd DW_TAG_member
	.long	.Linfo_string31                 @ DW_AT_name
	.long	799                             @ DW_AT_type
	.byte	3                               @ DW_AT_decl_file
	.short	525                             @ DW_AT_decl_line
	.byte	120                             @ DW_AT_data_member_location
	.byte	12                              @ Abbrev [12] 0x1e2:0xd DW_TAG_member
	.long	.Linfo_string32                 @ DW_AT_name
	.long	799                             @ DW_AT_type
	.byte	3                               @ DW_AT_decl_file
	.short	526                             @ DW_AT_decl_line
	.byte	124                             @ DW_AT_data_member_location
	.byte	12                              @ Abbrev [12] 0x1ef:0xd DW_TAG_member
	.long	.Linfo_string33                 @ DW_AT_name
	.long	799                             @ DW_AT_type
	.byte	3                               @ DW_AT_decl_file
	.short	527                             @ DW_AT_decl_line
	.byte	128                             @ DW_AT_data_member_location
	.byte	12                              @ Abbrev [12] 0x1fc:0xd DW_TAG_member
	.long	.Linfo_string34                 @ DW_AT_name
	.long	804                             @ DW_AT_type
	.byte	3                               @ DW_AT_decl_file
	.short	528                             @ DW_AT_decl_line
	.byte	132                             @ DW_AT_data_member_location
	.byte	12                              @ Abbrev [12] 0x209:0xd DW_TAG_member
	.long	.Linfo_string35                 @ DW_AT_name
	.long	804                             @ DW_AT_type
	.byte	3                               @ DW_AT_decl_file
	.short	529                             @ DW_AT_decl_line
	.byte	136                             @ DW_AT_data_member_location
	.byte	12                              @ Abbrev [12] 0x216:0xd DW_TAG_member
	.long	.Linfo_string36                 @ DW_AT_name
	.long	804                             @ DW_AT_type
	.byte	3                               @ DW_AT_decl_file
	.short	530                             @ DW_AT_decl_line
	.byte	140                             @ DW_AT_data_member_location
	.byte	12                              @ Abbrev [12] 0x223:0xd DW_TAG_member
	.long	.Linfo_string37                 @ DW_AT_name
	.long	862                             @ DW_AT_type
	.byte	3                               @ DW_AT_decl_file
	.short	531                             @ DW_AT_decl_line
	.byte	144                             @ DW_AT_data_member_location
	.byte	13                              @ Abbrev [13] 0x230:0xe DW_TAG_member
	.long	.Linfo_string38                 @ DW_AT_name
	.long	804                             @ DW_AT_type
	.byte	3                               @ DW_AT_decl_file
	.short	532                             @ DW_AT_decl_line
	.short	512                             @ DW_AT_data_member_location
	.byte	13                              @ Abbrev [13] 0x23e:0xe DW_TAG_member
	.long	.Linfo_string39                 @ DW_AT_name
	.long	874                             @ DW_AT_type
	.byte	3                               @ DW_AT_decl_file
	.short	533                             @ DW_AT_decl_line
	.short	516                             @ DW_AT_data_member_location
	.byte	13                              @ Abbrev [13] 0x24c:0xe DW_TAG_member
	.long	.Linfo_string40                 @ DW_AT_name
	.long	799                             @ DW_AT_type
	.byte	3                               @ DW_AT_decl_file
	.short	534                             @ DW_AT_decl_line
	.short	576                             @ DW_AT_data_member_location
	.byte	13                              @ Abbrev [13] 0x25a:0xe DW_TAG_member
	.long	.Linfo_string41                 @ DW_AT_name
	.long	799                             @ DW_AT_type
	.byte	3                               @ DW_AT_decl_file
	.short	535                             @ DW_AT_decl_line
	.short	580                             @ DW_AT_data_member_location
	.byte	13                              @ Abbrev [13] 0x268:0xe DW_TAG_member
	.long	.Linfo_string42                 @ DW_AT_name
	.long	799                             @ DW_AT_type
	.byte	3                               @ DW_AT_decl_file
	.short	536                             @ DW_AT_decl_line
	.short	584                             @ DW_AT_data_member_location
	.byte	13                              @ Abbrev [13] 0x276:0xe DW_TAG_member
	.long	.Linfo_string43                 @ DW_AT_name
	.long	886                             @ DW_AT_type
	.byte	3                               @ DW_AT_decl_file
	.short	537                             @ DW_AT_decl_line
	.short	588                             @ DW_AT_data_member_location
	.byte	13                              @ Abbrev [13] 0x284:0xe DW_TAG_member
	.long	.Linfo_string44                 @ DW_AT_name
	.long	804                             @ DW_AT_type
	.byte	3                               @ DW_AT_decl_file
	.short	538                             @ DW_AT_decl_line
	.short	592                             @ DW_AT_data_member_location
	.byte	13                              @ Abbrev [13] 0x292:0xe DW_TAG_member
	.long	.Linfo_string45                 @ DW_AT_name
	.long	886                             @ DW_AT_type
	.byte	3                               @ DW_AT_decl_file
	.short	539                             @ DW_AT_decl_line
	.short	596                             @ DW_AT_data_member_location
	.byte	13                              @ Abbrev [13] 0x2a0:0xe DW_TAG_member
	.long	.Linfo_string46                 @ DW_AT_name
	.long	804                             @ DW_AT_type
	.byte	3                               @ DW_AT_decl_file
	.short	540                             @ DW_AT_decl_line
	.short	600                             @ DW_AT_data_member_location
	.byte	13                              @ Abbrev [13] 0x2ae:0xe DW_TAG_member
	.long	.Linfo_string47                 @ DW_AT_name
	.long	804                             @ DW_AT_type
	.byte	3                               @ DW_AT_decl_file
	.short	541                             @ DW_AT_decl_line
	.short	604                             @ DW_AT_data_member_location
	.byte	13                              @ Abbrev [13] 0x2bc:0xe DW_TAG_member
	.long	.Linfo_string48                 @ DW_AT_name
	.long	804                             @ DW_AT_type
	.byte	3                               @ DW_AT_decl_file
	.short	542                             @ DW_AT_decl_line
	.short	608                             @ DW_AT_data_member_location
	.byte	13                              @ Abbrev [13] 0x2ca:0xe DW_TAG_member
	.long	.Linfo_string49                 @ DW_AT_name
	.long	804                             @ DW_AT_type
	.byte	3                               @ DW_AT_decl_file
	.short	543                             @ DW_AT_decl_line
	.short	612                             @ DW_AT_data_member_location
	.byte	13                              @ Abbrev [13] 0x2d8:0xe DW_TAG_member
	.long	.Linfo_string50                 @ DW_AT_name
	.long	804                             @ DW_AT_type
	.byte	3                               @ DW_AT_decl_file
	.short	544                             @ DW_AT_decl_line
	.short	616                             @ DW_AT_data_member_location
	.byte	13                              @ Abbrev [13] 0x2e6:0xe DW_TAG_member
	.long	.Linfo_string51                 @ DW_AT_name
	.long	804                             @ DW_AT_type
	.byte	3                               @ DW_AT_decl_file
	.short	545                             @ DW_AT_decl_line
	.short	620                             @ DW_AT_data_member_location
	.byte	13                              @ Abbrev [13] 0x2f4:0xe DW_TAG_member
	.long	.Linfo_string52                 @ DW_AT_name
	.long	804                             @ DW_AT_type
	.byte	3                               @ DW_AT_decl_file
	.short	546                             @ DW_AT_decl_line
	.short	624                             @ DW_AT_data_member_location
	.byte	13                              @ Abbrev [13] 0x302:0xe DW_TAG_member
	.long	.Linfo_string53                 @ DW_AT_name
	.long	804                             @ DW_AT_type
	.byte	3                               @ DW_AT_decl_file
	.short	547                             @ DW_AT_decl_line
	.short	628                             @ DW_AT_data_member_location
	.byte	13                              @ Abbrev [13] 0x310:0xe DW_TAG_member
	.long	.Linfo_string54                 @ DW_AT_name
	.long	804                             @ DW_AT_type
	.byte	3                               @ DW_AT_decl_file
	.short	548                             @ DW_AT_decl_line
	.short	632                             @ DW_AT_data_member_location
	.byte	0                               @ End Of Children Mark
	.byte	7                               @ Abbrev [7] 0x31f:0x5 DW_TAG_const_type
	.long	804                             @ DW_AT_type
	.byte	14                              @ Abbrev [14] 0x324:0x5 DW_TAG_volatile_type
	.long	56                              @ DW_AT_type
	.byte	5                               @ Abbrev [5] 0x329:0xc DW_TAG_array_type
	.long	821                             @ DW_AT_type
	.byte	6                               @ Abbrev [6] 0x32e:0x6 DW_TAG_subrange_type
	.long	127                             @ DW_AT_type
	.byte	12                              @ DW_AT_count
	.byte	0                               @ End Of Children Mark
	.byte	14                              @ Abbrev [14] 0x335:0x5 DW_TAG_volatile_type
	.long	109                             @ DW_AT_type
	.byte	5                               @ Abbrev [5] 0x33a:0xc DW_TAG_array_type
	.long	799                             @ DW_AT_type
	.byte	6                               @ Abbrev [6] 0x33f:0x6 DW_TAG_subrange_type
	.long	127                             @ DW_AT_type
	.byte	2                               @ DW_AT_count
	.byte	0                               @ End Of Children Mark
	.byte	5                               @ Abbrev [5] 0x346:0xc DW_TAG_array_type
	.long	799                             @ DW_AT_type
	.byte	6                               @ Abbrev [6] 0x34b:0x6 DW_TAG_subrange_type
	.long	127                             @ DW_AT_type
	.byte	4                               @ DW_AT_count
	.byte	0                               @ End Of Children Mark
	.byte	5                               @ Abbrev [5] 0x352:0xc DW_TAG_array_type
	.long	799                             @ DW_AT_type
	.byte	6                               @ Abbrev [6] 0x357:0x6 DW_TAG_subrange_type
	.long	127                             @ DW_AT_type
	.byte	6                               @ DW_AT_count
	.byte	0                               @ End Of Children Mark
	.byte	5                               @ Abbrev [5] 0x35e:0xc DW_TAG_array_type
	.long	56                              @ DW_AT_type
	.byte	6                               @ Abbrev [6] 0x363:0x6 DW_TAG_subrange_type
	.long	127                             @ DW_AT_type
	.byte	92                              @ DW_AT_count
	.byte	0                               @ End Of Children Mark
	.byte	5                               @ Abbrev [5] 0x36a:0xc DW_TAG_array_type
	.long	56                              @ DW_AT_type
	.byte	6                               @ Abbrev [6] 0x36f:0x6 DW_TAG_subrange_type
	.long	127                             @ DW_AT_type
	.byte	15                              @ DW_AT_count
	.byte	0                               @ End Of Children Mark
	.byte	5                               @ Abbrev [5] 0x376:0xc DW_TAG_array_type
	.long	56                              @ DW_AT_type
	.byte	6                               @ Abbrev [6] 0x37b:0x6 DW_TAG_subrange_type
	.long	127                             @ DW_AT_type
	.byte	1                               @ DW_AT_count
	.byte	0                               @ End Of Children Mark
	.byte	9                               @ Abbrev [9] 0x382:0x5 DW_TAG_pointer_type
	.long	903                             @ DW_AT_type
	.byte	10                              @ Abbrev [10] 0x387:0xc DW_TAG_typedef
	.long	915                             @ DW_AT_type
	.long	.Linfo_string103                @ DW_AT_name
	.byte	4                               @ DW_AT_decl_file
	.short	936                             @ DW_AT_decl_line
	.byte	11                              @ Abbrev [11] 0x393:0x29f DW_TAG_structure_type
	.short	260                             @ DW_AT_byte_size
	.byte	4                               @ DW_AT_decl_file
	.short	883                             @ DW_AT_decl_line
	.byte	12                              @ Abbrev [12] 0x399:0xd DW_TAG_member
	.long	.Linfo_string56                 @ DW_AT_name
	.long	804                             @ DW_AT_type
	.byte	4                               @ DW_AT_decl_file
	.short	885                             @ DW_AT_decl_line
	.byte	0                               @ DW_AT_data_member_location
	.byte	12                              @ Abbrev [12] 0x3a6:0xd DW_TAG_member
	.long	.Linfo_string57                 @ DW_AT_name
	.long	804                             @ DW_AT_type
	.byte	4                               @ DW_AT_decl_file
	.short	886                             @ DW_AT_decl_line
	.byte	4                               @ DW_AT_data_member_location
	.byte	12                              @ Abbrev [12] 0x3b3:0xd DW_TAG_member
	.long	.Linfo_string58                 @ DW_AT_name
	.long	804                             @ DW_AT_type
	.byte	4                               @ DW_AT_decl_file
	.short	887                             @ DW_AT_decl_line
	.byte	8                               @ DW_AT_data_member_location
	.byte	12                              @ Abbrev [12] 0x3c0:0xd DW_TAG_member
	.long	.Linfo_string59                 @ DW_AT_name
	.long	804                             @ DW_AT_type
	.byte	4                               @ DW_AT_decl_file
	.short	888                             @ DW_AT_decl_line
	.byte	12                              @ DW_AT_data_member_location
	.byte	12                              @ Abbrev [12] 0x3cd:0xd DW_TAG_member
	.long	.Linfo_string60                 @ DW_AT_name
	.long	804                             @ DW_AT_type
	.byte	4                               @ DW_AT_decl_file
	.short	889                             @ DW_AT_decl_line
	.byte	16                              @ DW_AT_data_member_location
	.byte	12                              @ Abbrev [12] 0x3da:0xd DW_TAG_member
	.long	.Linfo_string61                 @ DW_AT_name
	.long	804                             @ DW_AT_type
	.byte	4                               @ DW_AT_decl_file
	.short	890                             @ DW_AT_decl_line
	.byte	20                              @ DW_AT_data_member_location
	.byte	12                              @ Abbrev [12] 0x3e7:0xd DW_TAG_member
	.long	.Linfo_string62                 @ DW_AT_name
	.long	804                             @ DW_AT_type
	.byte	4                               @ DW_AT_decl_file
	.short	891                             @ DW_AT_decl_line
	.byte	24                              @ DW_AT_data_member_location
	.byte	12                              @ Abbrev [12] 0x3f4:0xd DW_TAG_member
	.long	.Linfo_string63                 @ DW_AT_name
	.long	804                             @ DW_AT_type
	.byte	4                               @ DW_AT_decl_file
	.short	892                             @ DW_AT_decl_line
	.byte	28                              @ DW_AT_data_member_location
	.byte	12                              @ Abbrev [12] 0x401:0xd DW_TAG_member
	.long	.Linfo_string64                 @ DW_AT_name
	.long	804                             @ DW_AT_type
	.byte	4                               @ DW_AT_decl_file
	.short	893                             @ DW_AT_decl_line
	.byte	32                              @ DW_AT_data_member_location
	.byte	12                              @ Abbrev [12] 0x40e:0xd DW_TAG_member
	.long	.Linfo_string65                 @ DW_AT_name
	.long	56                              @ DW_AT_type
	.byte	4                               @ DW_AT_decl_file
	.short	894                             @ DW_AT_decl_line
	.byte	36                              @ DW_AT_data_member_location
	.byte	12                              @ Abbrev [12] 0x41b:0xd DW_TAG_member
	.long	.Linfo_string66                 @ DW_AT_name
	.long	804                             @ DW_AT_type
	.byte	4                               @ DW_AT_decl_file
	.short	895                             @ DW_AT_decl_line
	.byte	40                              @ DW_AT_data_member_location
	.byte	12                              @ Abbrev [12] 0x428:0xd DW_TAG_member
	.long	.Linfo_string67                 @ DW_AT_name
	.long	804                             @ DW_AT_type
	.byte	4                               @ DW_AT_decl_file
	.short	896                             @ DW_AT_decl_line
	.byte	44                              @ DW_AT_data_member_location
	.byte	12                              @ Abbrev [12] 0x435:0xd DW_TAG_member
	.long	.Linfo_string68                 @ DW_AT_name
	.long	804                             @ DW_AT_type
	.byte	4                               @ DW_AT_decl_file
	.short	897                             @ DW_AT_decl_line
	.byte	48                              @ DW_AT_data_member_location
	.byte	12                              @ Abbrev [12] 0x442:0xd DW_TAG_member
	.long	.Linfo_string69                 @ DW_AT_name
	.long	56                              @ DW_AT_type
	.byte	4                               @ DW_AT_decl_file
	.short	898                             @ DW_AT_decl_line
	.byte	52                              @ DW_AT_data_member_location
	.byte	12                              @ Abbrev [12] 0x44f:0xd DW_TAG_member
	.long	.Linfo_string70                 @ DW_AT_name
	.long	804                             @ DW_AT_type
	.byte	4                               @ DW_AT_decl_file
	.short	899                             @ DW_AT_decl_line
	.byte	56                              @ DW_AT_data_member_location
	.byte	12                              @ Abbrev [12] 0x45c:0xd DW_TAG_member
	.long	.Linfo_string71                 @ DW_AT_name
	.long	804                             @ DW_AT_type
	.byte	4                               @ DW_AT_decl_file
	.short	900                             @ DW_AT_decl_line
	.byte	60                              @ DW_AT_data_member_location
	.byte	12                              @ Abbrev [12] 0x469:0xd DW_TAG_member
	.long	.Linfo_string72                 @ DW_AT_name
	.long	804                             @ DW_AT_type
	.byte	4                               @ DW_AT_decl_file
	.short	901                             @ DW_AT_decl_line
	.byte	64                              @ DW_AT_data_member_location
	.byte	12                              @ Abbrev [12] 0x476:0xd DW_TAG_member
	.long	.Linfo_string73                 @ DW_AT_name
	.long	56                              @ DW_AT_type
	.byte	4                               @ DW_AT_decl_file
	.short	902                             @ DW_AT_decl_line
	.byte	68                              @ DW_AT_data_member_location
	.byte	12                              @ Abbrev [12] 0x483:0xd DW_TAG_member
	.long	.Linfo_string74                 @ DW_AT_name
	.long	804                             @ DW_AT_type
	.byte	4                               @ DW_AT_decl_file
	.short	903                             @ DW_AT_decl_line
	.byte	72                              @ DW_AT_data_member_location
	.byte	12                              @ Abbrev [12] 0x490:0xd DW_TAG_member
	.long	.Linfo_string75                 @ DW_AT_name
	.long	804                             @ DW_AT_type
	.byte	4                               @ DW_AT_decl_file
	.short	904                             @ DW_AT_decl_line
	.byte	76                              @ DW_AT_data_member_location
	.byte	12                              @ Abbrev [12] 0x49d:0xd DW_TAG_member
	.long	.Linfo_string76                 @ DW_AT_name
	.long	804                             @ DW_AT_type
	.byte	4                               @ DW_AT_decl_file
	.short	905                             @ DW_AT_decl_line
	.byte	80                              @ DW_AT_data_member_location
	.byte	12                              @ Abbrev [12] 0x4aa:0xd DW_TAG_member
	.long	.Linfo_string37                 @ DW_AT_name
	.long	56                              @ DW_AT_type
	.byte	4                               @ DW_AT_decl_file
	.short	906                             @ DW_AT_decl_line
	.byte	84                              @ DW_AT_data_member_location
	.byte	12                              @ Abbrev [12] 0x4b7:0xd DW_TAG_member
	.long	.Linfo_string77                 @ DW_AT_name
	.long	804                             @ DW_AT_type
	.byte	4                               @ DW_AT_decl_file
	.short	907                             @ DW_AT_decl_line
	.byte	88                              @ DW_AT_data_member_location
	.byte	12                              @ Abbrev [12] 0x4c4:0xd DW_TAG_member
	.long	.Linfo_string78                 @ DW_AT_name
	.long	804                             @ DW_AT_type
	.byte	4                               @ DW_AT_decl_file
	.short	908                             @ DW_AT_decl_line
	.byte	92                              @ DW_AT_data_member_location
	.byte	12                              @ Abbrev [12] 0x4d1:0xd DW_TAG_member
	.long	.Linfo_string79                 @ DW_AT_name
	.long	804                             @ DW_AT_type
	.byte	4                               @ DW_AT_decl_file
	.short	909                             @ DW_AT_decl_line
	.byte	96                              @ DW_AT_data_member_location
	.byte	12                              @ Abbrev [12] 0x4de:0xd DW_TAG_member
	.long	.Linfo_string39                 @ DW_AT_name
	.long	56                              @ DW_AT_type
	.byte	4                               @ DW_AT_decl_file
	.short	910                             @ DW_AT_decl_line
	.byte	100                             @ DW_AT_data_member_location
	.byte	12                              @ Abbrev [12] 0x4eb:0xd DW_TAG_member
	.long	.Linfo_string80                 @ DW_AT_name
	.long	804                             @ DW_AT_type
	.byte	4                               @ DW_AT_decl_file
	.short	911                             @ DW_AT_decl_line
	.byte	104                             @ DW_AT_data_member_location
	.byte	12                              @ Abbrev [12] 0x4f8:0xd DW_TAG_member
	.long	.Linfo_string81                 @ DW_AT_name
	.long	804                             @ DW_AT_type
	.byte	4                               @ DW_AT_decl_file
	.short	912                             @ DW_AT_decl_line
	.byte	108                             @ DW_AT_data_member_location
	.byte	12                              @ Abbrev [12] 0x505:0xd DW_TAG_member
	.long	.Linfo_string82                 @ DW_AT_name
	.long	804                             @ DW_AT_type
	.byte	4                               @ DW_AT_decl_file
	.short	913                             @ DW_AT_decl_line
	.byte	112                             @ DW_AT_data_member_location
	.byte	12                              @ Abbrev [12] 0x512:0xd DW_TAG_member
	.long	.Linfo_string43                 @ DW_AT_name
	.long	56                              @ DW_AT_type
	.byte	4                               @ DW_AT_decl_file
	.short	914                             @ DW_AT_decl_line
	.byte	116                             @ DW_AT_data_member_location
	.byte	12                              @ Abbrev [12] 0x51f:0xd DW_TAG_member
	.long	.Linfo_string83                 @ DW_AT_name
	.long	804                             @ DW_AT_type
	.byte	4                               @ DW_AT_decl_file
	.short	915                             @ DW_AT_decl_line
	.byte	120                             @ DW_AT_data_member_location
	.byte	12                              @ Abbrev [12] 0x52c:0xd DW_TAG_member
	.long	.Linfo_string84                 @ DW_AT_name
	.long	804                             @ DW_AT_type
	.byte	4                               @ DW_AT_decl_file
	.short	916                             @ DW_AT_decl_line
	.byte	124                             @ DW_AT_data_member_location
	.byte	12                              @ Abbrev [12] 0x539:0xd DW_TAG_member
	.long	.Linfo_string85                 @ DW_AT_name
	.long	804                             @ DW_AT_type
	.byte	4                               @ DW_AT_decl_file
	.short	917                             @ DW_AT_decl_line
	.byte	128                             @ DW_AT_data_member_location
	.byte	12                              @ Abbrev [12] 0x546:0xd DW_TAG_member
	.long	.Linfo_string45                 @ DW_AT_name
	.long	56                              @ DW_AT_type
	.byte	4                               @ DW_AT_decl_file
	.short	918                             @ DW_AT_decl_line
	.byte	132                             @ DW_AT_data_member_location
	.byte	12                              @ Abbrev [12] 0x553:0xd DW_TAG_member
	.long	.Linfo_string86                 @ DW_AT_name
	.long	804                             @ DW_AT_type
	.byte	4                               @ DW_AT_decl_file
	.short	919                             @ DW_AT_decl_line
	.byte	136                             @ DW_AT_data_member_location
	.byte	12                              @ Abbrev [12] 0x560:0xd DW_TAG_member
	.long	.Linfo_string87                 @ DW_AT_name
	.long	56                              @ DW_AT_type
	.byte	4                               @ DW_AT_decl_file
	.short	920                             @ DW_AT_decl_line
	.byte	140                             @ DW_AT_data_member_location
	.byte	12                              @ Abbrev [12] 0x56d:0xd DW_TAG_member
	.long	.Linfo_string88                 @ DW_AT_name
	.long	804                             @ DW_AT_type
	.byte	4                               @ DW_AT_decl_file
	.short	921                             @ DW_AT_decl_line
	.byte	144                             @ DW_AT_data_member_location
	.byte	12                              @ Abbrev [12] 0x57a:0xd DW_TAG_member
	.long	.Linfo_string89                 @ DW_AT_name
	.long	804                             @ DW_AT_type
	.byte	4                               @ DW_AT_decl_file
	.short	922                             @ DW_AT_decl_line
	.byte	148                             @ DW_AT_data_member_location
	.byte	12                              @ Abbrev [12] 0x587:0xd DW_TAG_member
	.long	.Linfo_string90                 @ DW_AT_name
	.long	804                             @ DW_AT_type
	.byte	4                               @ DW_AT_decl_file
	.short	923                             @ DW_AT_decl_line
	.byte	152                             @ DW_AT_data_member_location
	.byte	12                              @ Abbrev [12] 0x594:0xd DW_TAG_member
	.long	.Linfo_string91                 @ DW_AT_name
	.long	804                             @ DW_AT_type
	.byte	4                               @ DW_AT_decl_file
	.short	924                             @ DW_AT_decl_line
	.byte	156                             @ DW_AT_data_member_location
	.byte	12                              @ Abbrev [12] 0x5a1:0xd DW_TAG_member
	.long	.Linfo_string92                 @ DW_AT_name
	.long	1586                            @ DW_AT_type
	.byte	4                               @ DW_AT_decl_file
	.short	925                             @ DW_AT_decl_line
	.byte	160                             @ DW_AT_data_member_location
	.byte	12                              @ Abbrev [12] 0x5ae:0xd DW_TAG_member
	.long	.Linfo_string93                 @ DW_AT_name
	.long	804                             @ DW_AT_type
	.byte	4                               @ DW_AT_decl_file
	.short	926                             @ DW_AT_decl_line
	.byte	184                             @ DW_AT_data_member_location
	.byte	12                              @ Abbrev [12] 0x5bb:0xd DW_TAG_member
	.long	.Linfo_string94                 @ DW_AT_name
	.long	804                             @ DW_AT_type
	.byte	4                               @ DW_AT_decl_file
	.short	927                             @ DW_AT_decl_line
	.byte	188                             @ DW_AT_data_member_location
	.byte	12                              @ Abbrev [12] 0x5c8:0xd DW_TAG_member
	.long	.Linfo_string95                 @ DW_AT_name
	.long	1598                            @ DW_AT_type
	.byte	4                               @ DW_AT_decl_file
	.short	928                             @ DW_AT_decl_line
	.byte	192                             @ DW_AT_data_member_location
	.byte	12                              @ Abbrev [12] 0x5d5:0xd DW_TAG_member
	.long	.Linfo_string96                 @ DW_AT_name
	.long	804                             @ DW_AT_type
	.byte	4                               @ DW_AT_decl_file
	.short	929                             @ DW_AT_decl_line
	.byte	232                             @ DW_AT_data_member_location
	.byte	12                              @ Abbrev [12] 0x5e2:0xd DW_TAG_member
	.long	.Linfo_string97                 @ DW_AT_name
	.long	804                             @ DW_AT_type
	.byte	4                               @ DW_AT_decl_file
	.short	930                             @ DW_AT_decl_line
	.byte	236                             @ DW_AT_data_member_location
	.byte	12                              @ Abbrev [12] 0x5ef:0xd DW_TAG_member
	.long	.Linfo_string98                 @ DW_AT_name
	.long	804                             @ DW_AT_type
	.byte	4                               @ DW_AT_decl_file
	.short	931                             @ DW_AT_decl_line
	.byte	240                             @ DW_AT_data_member_location
	.byte	12                              @ Abbrev [12] 0x5fc:0xd DW_TAG_member
	.long	.Linfo_string99                 @ DW_AT_name
	.long	56                              @ DW_AT_type
	.byte	4                               @ DW_AT_decl_file
	.short	932                             @ DW_AT_decl_line
	.byte	244                             @ DW_AT_data_member_location
	.byte	12                              @ Abbrev [12] 0x609:0xd DW_TAG_member
	.long	.Linfo_string100                @ DW_AT_name
	.long	804                             @ DW_AT_type
	.byte	4                               @ DW_AT_decl_file
	.short	933                             @ DW_AT_decl_line
	.byte	248                             @ DW_AT_data_member_location
	.byte	12                              @ Abbrev [12] 0x616:0xd DW_TAG_member
	.long	.Linfo_string101                @ DW_AT_name
	.long	804                             @ DW_AT_type
	.byte	4                               @ DW_AT_decl_file
	.short	934                             @ DW_AT_decl_line
	.byte	252                             @ DW_AT_data_member_location
	.byte	13                              @ Abbrev [13] 0x623:0xe DW_TAG_member
	.long	.Linfo_string102                @ DW_AT_name
	.long	804                             @ DW_AT_type
	.byte	4                               @ DW_AT_decl_file
	.short	935                             @ DW_AT_decl_line
	.short	256                             @ DW_AT_data_member_location
	.byte	0                               @ End Of Children Mark
	.byte	5                               @ Abbrev [5] 0x632:0xc DW_TAG_array_type
	.long	56                              @ DW_AT_type
	.byte	6                               @ Abbrev [6] 0x637:0x6 DW_TAG_subrange_type
	.long	127                             @ DW_AT_type
	.byte	6                               @ DW_AT_count
	.byte	0                               @ End Of Children Mark
	.byte	5                               @ Abbrev [5] 0x63e:0xc DW_TAG_array_type
	.long	56                              @ DW_AT_type
	.byte	6                               @ Abbrev [6] 0x643:0x6 DW_TAG_subrange_type
	.long	127                             @ DW_AT_type
	.byte	10                              @ DW_AT_count
	.byte	0                               @ End Of Children Mark
	.byte	15                              @ Abbrev [15] 0x64a:0x13 DW_TAG_subprogram
	.long	.Lfunc_begin0                   @ DW_AT_low_pc
	.long	.Lfunc_end0                     @ DW_AT_high_pc
	.byte	1                               @ DW_AT_frame_base
	.byte	93
	.long	.Linfo_string104                @ DW_AT_name
	.byte	2                               @ DW_AT_decl_file
	.byte	209                             @ DW_AT_decl_line
	.byte	1                               @ DW_AT_prototyped
	.byte	1                               @ DW_AT_external
	.byte	16                              @ Abbrev [16] 0x65d:0x71 DW_TAG_subprogram
	.long	.Lfunc_begin1                   @ DW_AT_low_pc
	.long	.Lfunc_end1                     @ DW_AT_high_pc
	.byte	1                               @ DW_AT_frame_base
	.byte	93
	.long	.Linfo_string105                @ DW_AT_name
	.byte	2                               @ DW_AT_decl_file
	.short	263                             @ DW_AT_decl_line
	.byte	1                               @ DW_AT_prototyped
	.byte	1                               @ DW_AT_external
	.byte	17                              @ Abbrev [17] 0x671:0x10 DW_TAG_variable
	.long	.Ldebug_loc0                    @ DW_AT_location
	.long	.Linfo_string106                @ DW_AT_name
	.byte	2                               @ DW_AT_decl_file
	.short	265                             @ DW_AT_decl_line
	.long	56                              @ DW_AT_type
	.byte	18                              @ Abbrev [18] 0x681:0xc DW_TAG_variable
	.long	.Linfo_string107                @ DW_AT_name
	.byte	2                               @ DW_AT_decl_file
	.short	265                             @ DW_AT_decl_line
	.long	56                              @ DW_AT_type
	.byte	17                              @ Abbrev [17] 0x68d:0x10 DW_TAG_variable
	.long	.Ldebug_loc1                    @ DW_AT_location
	.long	.Linfo_string108                @ DW_AT_name
	.byte	2                               @ DW_AT_decl_file
	.short	265                             @ DW_AT_decl_line
	.long	56                              @ DW_AT_type
	.byte	17                              @ Abbrev [17] 0x69d:0x10 DW_TAG_variable
	.long	.Ldebug_loc2                    @ DW_AT_location
	.long	.Linfo_string109                @ DW_AT_name
	.byte	2                               @ DW_AT_decl_file
	.short	265                             @ DW_AT_decl_line
	.long	56                              @ DW_AT_type
	.byte	17                              @ Abbrev [17] 0x6ad:0x10 DW_TAG_variable
	.long	.Ldebug_loc3                    @ DW_AT_location
	.long	.Linfo_string110                @ DW_AT_name
	.byte	2                               @ DW_AT_decl_file
	.short	265                             @ DW_AT_decl_line
	.long	56                              @ DW_AT_type
	.byte	17                              @ Abbrev [17] 0x6bd:0x10 DW_TAG_variable
	.long	.Ldebug_loc4                    @ DW_AT_location
	.long	.Linfo_string111                @ DW_AT_name
	.byte	2                               @ DW_AT_decl_file
	.short	265                             @ DW_AT_decl_line
	.long	56                              @ DW_AT_type
	.byte	0                               @ End Of Children Mark
	.byte	0                               @ End Of Children Mark
.Ldebug_info_end0:
	.section	.debug_ranges,"",%progbits
.Ldebug_ranges0:
	.long	.Lfunc_begin0
	.long	.Lfunc_end0
	.long	.Lfunc_begin1
	.long	.Lfunc_end1
	.long	0
	.long	0
	.section	.debug_str,"MS",%progbits,1
.Linfo_string0:
	.asciz	"Component: ARM Compiler 6.16 Tool: armclang [5dfeb700]" @ string offset=0
.Linfo_string1:
	.asciz	"RTE/Device/STM32L552ZETxQ\\system_stm32l5xx.c" @ string offset=55
.Linfo_string2:
	.asciz	"C:\\Users\\oyiben01\\Documents\\SVN\\Content_WorkSpace\\Courses\\Efficient Embedded Education Kit\\Efficient Embedded Education Kit-NUCLEO-144_LATEST\\contents\\5. C Code as Implemented in Assembly Language\\Code\\Listing" @ string offset=100
.Linfo_string3:
	.asciz	"SystemCoreClock"               @ string offset=310
.Linfo_string4:
	.asciz	"unsigned int"                  @ string offset=326
.Linfo_string5:
	.asciz	"uint32_t"                      @ string offset=339
.Linfo_string6:
	.asciz	"AHBPrescTable"                 @ string offset=348
.Linfo_string7:
	.asciz	"unsigned char"                 @ string offset=362
.Linfo_string8:
	.asciz	"uint8_t"                       @ string offset=376
.Linfo_string9:
	.asciz	"__ARRAY_SIZE_TYPE__"           @ string offset=384
.Linfo_string10:
	.asciz	"APBPrescTable"                 @ string offset=404
.Linfo_string11:
	.asciz	"MSIRangeTable"                 @ string offset=418
.Linfo_string12:
	.asciz	"CPUID"                         @ string offset=432
.Linfo_string13:
	.asciz	"ICSR"                          @ string offset=438
.Linfo_string14:
	.asciz	"VTOR"                          @ string offset=443
.Linfo_string15:
	.asciz	"AIRCR"                         @ string offset=448
.Linfo_string16:
	.asciz	"SCR"                           @ string offset=454
.Linfo_string17:
	.asciz	"CCR"                           @ string offset=458
.Linfo_string18:
	.asciz	"SHPR"                          @ string offset=462
.Linfo_string19:
	.asciz	"SHCSR"                         @ string offset=467
.Linfo_string20:
	.asciz	"CFSR"                          @ string offset=473
.Linfo_string21:
	.asciz	"HFSR"                          @ string offset=478
.Linfo_string22:
	.asciz	"DFSR"                          @ string offset=483
.Linfo_string23:
	.asciz	"MMFAR"                         @ string offset=488
.Linfo_string24:
	.asciz	"BFAR"                          @ string offset=494
.Linfo_string25:
	.asciz	"AFSR"                          @ string offset=499
.Linfo_string26:
	.asciz	"ID_PFR"                        @ string offset=504
.Linfo_string27:
	.asciz	"ID_DFR"                        @ string offset=511
.Linfo_string28:
	.asciz	"ID_ADR"                        @ string offset=518
.Linfo_string29:
	.asciz	"ID_MMFR"                       @ string offset=525
.Linfo_string30:
	.asciz	"ID_ISAR"                       @ string offset=533
.Linfo_string31:
	.asciz	"CLIDR"                         @ string offset=541
.Linfo_string32:
	.asciz	"CTR"                           @ string offset=547
.Linfo_string33:
	.asciz	"CCSIDR"                        @ string offset=551
.Linfo_string34:
	.asciz	"CSSELR"                        @ string offset=558
.Linfo_string35:
	.asciz	"CPACR"                         @ string offset=565
.Linfo_string36:
	.asciz	"NSACR"                         @ string offset=571
.Linfo_string37:
	.asciz	"RESERVED3"                     @ string offset=577
.Linfo_string38:
	.asciz	"STIR"                          @ string offset=587
.Linfo_string39:
	.asciz	"RESERVED4"                     @ string offset=592
.Linfo_string40:
	.asciz	"MVFR0"                         @ string offset=602
.Linfo_string41:
	.asciz	"MVFR1"                         @ string offset=608
.Linfo_string42:
	.asciz	"MVFR2"                         @ string offset=614
.Linfo_string43:
	.asciz	"RESERVED5"                     @ string offset=620
.Linfo_string44:
	.asciz	"ICIALLU"                       @ string offset=630
.Linfo_string45:
	.asciz	"RESERVED6"                     @ string offset=638
.Linfo_string46:
	.asciz	"ICIMVAU"                       @ string offset=648
.Linfo_string47:
	.asciz	"DCIMVAC"                       @ string offset=656
.Linfo_string48:
	.asciz	"DCISW"                         @ string offset=664
.Linfo_string49:
	.asciz	"DCCMVAU"                       @ string offset=670
.Linfo_string50:
	.asciz	"DCCMVAC"                       @ string offset=678
.Linfo_string51:
	.asciz	"DCCSW"                         @ string offset=686
.Linfo_string52:
	.asciz	"DCCIMVAC"                      @ string offset=692
.Linfo_string53:
	.asciz	"DCCISW"                        @ string offset=701
.Linfo_string54:
	.asciz	"BPIALL"                        @ string offset=708
.Linfo_string55:
	.asciz	"SCB_Type"                      @ string offset=715
.Linfo_string56:
	.asciz	"CR"                            @ string offset=724
.Linfo_string57:
	.asciz	"ICSCR"                         @ string offset=727
.Linfo_string58:
	.asciz	"CFGR"                          @ string offset=733
.Linfo_string59:
	.asciz	"PLLCFGR"                       @ string offset=738
.Linfo_string60:
	.asciz	"PLLSAI1CFGR"                   @ string offset=746
.Linfo_string61:
	.asciz	"PLLSAI2CFGR"                   @ string offset=758
.Linfo_string62:
	.asciz	"CIER"                          @ string offset=770
.Linfo_string63:
	.asciz	"CIFR"                          @ string offset=775
.Linfo_string64:
	.asciz	"CICR"                          @ string offset=780
.Linfo_string65:
	.asciz	"RESERVED0"                     @ string offset=785
.Linfo_string66:
	.asciz	"AHB1RSTR"                      @ string offset=795
.Linfo_string67:
	.asciz	"AHB2RSTR"                      @ string offset=804
.Linfo_string68:
	.asciz	"AHB3RSTR"                      @ string offset=813
.Linfo_string69:
	.asciz	"RESERVED1"                     @ string offset=822
.Linfo_string70:
	.asciz	"APB1RSTR1"                     @ string offset=832
.Linfo_string71:
	.asciz	"APB1RSTR2"                     @ string offset=842
.Linfo_string72:
	.asciz	"APB2RSTR"                      @ string offset=852
.Linfo_string73:
	.asciz	"RESERVED2"                     @ string offset=861
.Linfo_string74:
	.asciz	"AHB1ENR"                       @ string offset=871
.Linfo_string75:
	.asciz	"AHB2ENR"                       @ string offset=879
.Linfo_string76:
	.asciz	"AHB3ENR"                       @ string offset=887
.Linfo_string77:
	.asciz	"APB1ENR1"                      @ string offset=895
.Linfo_string78:
	.asciz	"APB1ENR2"                      @ string offset=904
.Linfo_string79:
	.asciz	"APB2ENR"                       @ string offset=913
.Linfo_string80:
	.asciz	"AHB1SMENR"                     @ string offset=921
.Linfo_string81:
	.asciz	"AHB2SMENR"                     @ string offset=931
.Linfo_string82:
	.asciz	"AHB3SMENR"                     @ string offset=941
.Linfo_string83:
	.asciz	"APB1SMENR1"                    @ string offset=951
.Linfo_string84:
	.asciz	"APB1SMENR2"                    @ string offset=962
.Linfo_string85:
	.asciz	"APB2SMENR"                     @ string offset=973
.Linfo_string86:
	.asciz	"CCIPR1"                        @ string offset=983
.Linfo_string87:
	.asciz	"RESERVED7"                     @ string offset=990
.Linfo_string88:
	.asciz	"BDCR"                          @ string offset=1000
.Linfo_string89:
	.asciz	"CSR"                           @ string offset=1005
.Linfo_string90:
	.asciz	"CRRCR"                         @ string offset=1009
.Linfo_string91:
	.asciz	"CCIPR2"                        @ string offset=1015
.Linfo_string92:
	.asciz	"RESERVED8"                     @ string offset=1022
.Linfo_string93:
	.asciz	"SECCFGR"                       @ string offset=1032
.Linfo_string94:
	.asciz	"SECSR"                         @ string offset=1040
.Linfo_string95:
	.asciz	"RESERVED9"                     @ string offset=1046
.Linfo_string96:
	.asciz	"AHB1SECSR"                     @ string offset=1056
.Linfo_string97:
	.asciz	"AHB2SECSR"                     @ string offset=1066
.Linfo_string98:
	.asciz	"AHB3SECSR"                     @ string offset=1076
.Linfo_string99:
	.asciz	"RESERVED10"                    @ string offset=1086
.Linfo_string100:
	.asciz	"APB1SECSR1"                    @ string offset=1097
.Linfo_string101:
	.asciz	"APB1SECSR2"                    @ string offset=1108
.Linfo_string102:
	.asciz	"APB2SECSR"                     @ string offset=1119
.Linfo_string103:
	.asciz	"RCC_TypeDef"                   @ string offset=1129
.Linfo_string104:
	.asciz	"SystemInit"                    @ string offset=1141
.Linfo_string105:
	.asciz	"SystemCoreClockUpdate"         @ string offset=1152
.Linfo_string106:
	.asciz	"msirange"                      @ string offset=1174
.Linfo_string107:
	.asciz	"pllsource"                     @ string offset=1183
.Linfo_string108:
	.asciz	"pllm"                          @ string offset=1193
.Linfo_string109:
	.asciz	"pllvco"                        @ string offset=1198
.Linfo_string110:
	.asciz	"pllr"                          @ string offset=1205
.Linfo_string111:
	.asciz	"tmp"                           @ string offset=1210
	.ident	"Component: ARM Compiler 6.16 Tool: armclang [5dfeb700]"
	.section	".note.GNU-stack","",%progbits
	.eabi_attribute	30, 2	@ Tag_ABI_optimization_goals
	.ARM_attribute	16, 1	@ Tag_AV_eba
	.section	.debug_line,"",%progbits
.Lline_table_start0:
