<html>
<body>
<pre>
<h1>µVision Build Log</h1>
<h2>Tool Versions:</h2>
IDE-Version: µVision V5.34.0.0
Copyright (C) 2021 ARM Ltd and ARM Germany GmbH. All rights reserved.
License Information: ARM User ARM ARM Flex license: MDK Plus 5.34 (Flex): 25000 user(s) (mdk_plus) Operation stops: 31 May 2022
 
Tool Versions:
Toolchain:       MDK Plus 5.34 (Flex): 25000 user(s)  Version: 5.34.0.0
Toolchain Path:  c:\Keil_v5\ARM\ARMCLANG\Bin
C Compiler:      ArmClang.exe V6.16
Assembler:       Armasm.exe V6.16
Linker/Locator:  ArmLink.exe V6.16
Library Manager: ArmAr.exe V6.16
Hex Converter:   FromElf.exe V6.16
CPU DLL:         
Dialog DLL:      
Target DLL:      UL2V8M.DLL V1.6.10.0
Dialog DLL:      TCM.DLL V1.48.0.0
 
<h2>Project:</h2>
C:\Users\oyiben01\Documents\SVN\Content_WorkSpace\Courses\Efficient Embedded Education Kit\Efficient Embedded Education Kit-NUCLEO-144_LATEST\contents\5. C Code as Implemented in Assembly Language\Code\Listing\AsmLab.uvprojx
Project File Date:  11/11/2021

<h2>Output:</h2>
*** Using Compiler 'V6.16', folder: 'c:\Keil_v5\ARM\ARMCLANG\Bin'
Rebuild target 'Target 1'
compiling main.c...
creating list file for main.c...
assembling startup_stm32l552xx.s...
creating list file for system_stm32l5xx.c...
compiling stm32l5xx_hal.c...
compiling system_stm32l5xx.c...
creating list file for stm32l5xx_hal.c...
compiling stm32l5xx_hal_comp.c...
compiling stm32l5xx_hal_adc.c...
creating list file for stm32l5xx_hal_comp.c...
creating list file for stm32l5xx_hal_cortex.c...
creating list file for stm32l5xx_hal_adc_ex.c...
creating list file for stm32l5xx_hal_adc.c...
compiling stm32l5xx_hal_adc_ex.c...
compiling stm32l5xx_hal_cortex.c...
compiling stm32l5xx_hal_dma_ex.c...
compiling stm32l5xx_hal_flash.c...
creating list file for stm32l5xx_hal_dma_ex.c...
creating list file for stm32l5xx_hal_dma.c...
compiling stm32l5xx_hal_dma.c...
creating list file for stm32l5xx_hal_flash.c...
compiling stm32l5xx_hal_gpio.c...
compiling stm32l5xx_hal_flash_ramfunc.c...
creating list file for stm32l5xx_hal_flash_ex.c...
creating list file for stm32l5xx_hal_gpio.c...
compiling stm32l5xx_hal_flash_ex.c...
creating list file for stm32l5xx_hal_flash_ramfunc.c...
creating list file for stm32l5xx_hal_i2c_ex.c...
compiling stm32l5xx_hal_i2c_ex.c...
compiling stm32l5xx_hal_pwr.c...
creating list file for stm32l5xx_hal_pwr.c...
creating list file for stm32l5xx_hal_pwr_ex.c...
creating list file for stm32l5xx_hal_i2c.c...
compiling stm32l5xx_hal_pwr_ex.c...
compiling stm32l5xx_hal_rcc.c...
creating list file for stm32l5xx_hal_rcc.c...
creating list file for stm32l5xx_hal_rcc_ex.c...
compiling stm32l5xx_hal_i2c.c...
compiling stm32l5xx_hal_rcc_ex.c...
compiling stm32l5xx_hal_tim_ex.c...
creating list file for stm32l5xx_hal_tim_ex.c...
creating list file for stm32l5xx_hal_uart_ex.c...
creating list file for stm32l5xx_hal_tim.c...
compiling stm32l5xx_hal_tim.c...
creating list file for stm32l5xx_hal_uart.c...
compiling stm32l5xx_hal_uart.c...
compiling stm32l5xx_hal_uart_ex.c...
creating list file for stm32l5xx_hal_usart_ex.c...
compiling stm32l5xx_hal_usart_ex.c...
creating list file for stm32l5xx_hal_usart.c...
compiling stm32l5xx_hal_usart.c...
linking...
Program Size: Code=836 RO-data=532 RW-data=40 ZI-data=1672  
".\Objects\AsmLab.axf" - 0 Error(s), 0 Warning(s).

<h2>Software Packages used:</h2>

Package Vendor: ARM
                http://www.keil.com/pack/ARM.CMSIS.5.8.0.pack
                ARM.CMSIS.5.8.0
                CMSIS (Common Microcontroller Software Interface Standard)
   * Component: CORE Version: 5.5.0

Package Vendor: Keil
                http://www.keil.com/pack/Keil.STM32L5xx_DFP.1.3.0.pack
                Keil.STM32L5xx_DFP.1.3.0
                STMicroelectronics STM32L5 Series Device Support
   * Component: ADC Version: 1.0.3
   * Component: COMP Version: 1.0.3
   * Component: Common Version: 1.0.3
   * Component: Cortex Version: 1.0.3
   * Component: DMA Version: 1.0.3
   * Component: Flash Version: 1.0.3
   * Component: GPIO Version: 1.0.3
   * Component: I2C Version: 1.0.3
   * Component: PWR Version: 1.0.3
   * Component: RCC Version: 1.0.3
   * Component: TIM Version: 1.0.3
   * Component: UART Version: 1.0.3
   * Component: USART Version: 1.0.3
   * Component: Startup Version: 1.0.3

<h2>Collection of Component include folders:</h2>
  .\RTE\_Target_1
  c:\Keil_v5\ARM\PACK\ARM\CMSIS\5.8.0\CMSIS\Core\Include
  c:\Keil_v5\ARM\PACK\Keil\STM32L5xx_DFP\1.3.0\Drivers\CMSIS\Device\ST\STM32L5xx\Include
  c:\Keil_v5\ARM\PACK\Keil\STM32L5xx_DFP\1.3.0\Drivers\STM32L5xx_HAL_Driver\Inc
  c:\Keil_v5\ARM\PACK\Keil\STM32L5xx_DFP\1.3.0\Drivers\STM32L5xx_HAL_Driver\Inc\Legacy

<h2>Collection of Component Files used:</h2>

   * Component: ARM::CMSIS:CORE:5.5.0
      Include file:  CMSIS\Core\Include\tz_context.h

   * Component: Keil::Device:STM32Cube HAL:ADC:1.0.3
      Source file:   Drivers\STM32L5xx_HAL_Driver\Src\stm32l5xx_hal_adc.c
      Source file:   Drivers\STM32L5xx_HAL_Driver\Src\stm32l5xx_hal_adc_ex.c

   * Component: Keil::Device:STM32Cube HAL:COMP:1.0.3
      Source file:   Drivers\STM32L5xx_HAL_Driver\Src\stm32l5xx_hal_comp.c

   * Component: Keil::Device:STM32Cube HAL:Common:1.0.3
      Include file:  Drivers\STM32L5xx_HAL_Driver\Inc\stm32l5xx_hal.h
      Source file:   Drivers\STM32L5xx_HAL_Driver\Src\stm32l5xx_hal.c

   * Component: Keil::Device:STM32Cube HAL:Cortex:1.0.3
      Source file:   Drivers\STM32L5xx_HAL_Driver\Src\stm32l5xx_hal_cortex.c

   * Component: Keil::Device:STM32Cube HAL:DMA:1.0.3
      Source file:   Drivers\STM32L5xx_HAL_Driver\Src\stm32l5xx_hal_dma.c
      Source file:   Drivers\STM32L5xx_HAL_Driver\Src\stm32l5xx_hal_dma_ex.c

   * Component: Keil::Device:STM32Cube HAL:Flash:1.0.3
      Source file:   Drivers\STM32L5xx_HAL_Driver\Src\stm32l5xx_hal_flash_ex.c
      Source file:   Drivers\STM32L5xx_HAL_Driver\Src\stm32l5xx_hal_flash_ramfunc.c
      Source file:   Drivers\STM32L5xx_HAL_Driver\Src\stm32l5xx_hal_flash.c

   * Component: Keil::Device:STM32Cube HAL:GPIO:1.0.3
      Source file:   Drivers\STM32L5xx_HAL_Driver\Src\stm32l5xx_hal_gpio.c

   * Component: Keil::Device:STM32Cube HAL:I2C:1.0.3
      Source file:   Drivers\STM32L5xx_HAL_Driver\Src\stm32l5xx_hal_i2c.c
      Source file:   Drivers\STM32L5xx_HAL_Driver\Src\stm32l5xx_hal_i2c_ex.c

   * Component: Keil::Device:STM32Cube HAL:PWR:1.0.3
      Source file:   Drivers\STM32L5xx_HAL_Driver\Src\stm32l5xx_hal_pwr.c
      Source file:   Drivers\STM32L5xx_HAL_Driver\Src\stm32l5xx_hal_pwr_ex.c

   * Component: Keil::Device:STM32Cube HAL:RCC:1.0.3
      Source file:   Drivers\STM32L5xx_HAL_Driver\Src\stm32l5xx_hal_rcc_ex.c
      Source file:   Drivers\STM32L5xx_HAL_Driver\Src\stm32l5xx_hal_rcc.c

   * Component: Keil::Device:STM32Cube HAL:TIM:1.0.3
      Source file:   Drivers\STM32L5xx_HAL_Driver\Src\stm32l5xx_hal_tim_ex.c
      Source file:   Drivers\STM32L5xx_HAL_Driver\Src\stm32l5xx_hal_tim.c

   * Component: Keil::Device:STM32Cube HAL:UART:1.0.3
      Source file:   Drivers\STM32L5xx_HAL_Driver\Src\stm32l5xx_hal_uart.c
      Source file:   Drivers\STM32L5xx_HAL_Driver\Src\stm32l5xx_hal_uart_ex.c

   * Component: Keil::Device:STM32Cube HAL:USART:1.0.3
      Source file:   Drivers\STM32L5xx_HAL_Driver\Src\stm32l5xx_hal_usart_ex.c
      Source file:   Drivers\STM32L5xx_HAL_Driver\Src\stm32l5xx_hal_usart.c

   * Component: Keil::Device:Startup:1.0.3
      Source file:   MDK\Device\Source\ARM\STM32L5xx_S_OPT.s
      Source file:   MDK\Device\Source\ARM\STM32L5xx_NS_OPT.s
      Source file:   Drivers\CMSIS\Device\ST\STM32L5xx\Source\Templates\arm\startup_stm32l552xx.s
      Include file:  Drivers\CMSIS\Device\ST\STM32L5xx\Include\stm32l5xx.h
      Include file:  Drivers\CMSIS\Device\ST\STM32L5xx\Include\partition_stm32l5xx.h
      Source file:   Drivers\CMSIS\Device\ST\STM32L5xx\Source\Templates\system_stm32l5xx.c
Build Time Elapsed:  00:00:17
</pre>
</body>
</html>
