<!doctype html public "-//w3c//dtd html 4.0 transitional//en">
<html><head>
<title>Static Call Graph - [.\Objects\AsmDemo.axf]</title></head>
<body><HR>
<H1>Static Call Graph for image .\Objects\AsmDemo.axf</H1><HR>
<BR><P>#&#060CALLGRAPH&#062# ARM Linker, 5060960: Last Updated: Wed Jul 28 00:49:23 2021
<BR><P>
<H3>Maximum Stack Usage =         36 bytes + Unknown(Functions without stacksize, Cycles, Untraceable Function Pointers)</H3><H3>
Call chain for Maximum Stack Depth:</H3>
__rt_entry_main &rArr; main &rArr; test_call &rArr; test_for &rArr; test_mult
<P>
<H3>
Functions with no stack information
</H3><UL>
 <LI><a href="#[5e]">__user_initial_stackheap</a>
</UL>
</UL>
<P>
<H3>
Mutually Recursive functions
</H3> <LI><a href="#[8]">NMI_Handler</a>&nbsp;&nbsp;&nbsp;&rArr;&nbsp;&nbsp;&nbsp;<a href="#[8]">NMI_Handler</a><BR>
 <LI><a href="#[9]">HardFault_Handler</a>&nbsp;&nbsp;&nbsp;&rArr;&nbsp;&nbsp;&nbsp;<a href="#[9]">HardFault_Handler</a><BR>
 <LI><a href="#[a]">MemManage_Handler</a>&nbsp;&nbsp;&nbsp;&rArr;&nbsp;&nbsp;&nbsp;<a href="#[a]">MemManage_Handler</a><BR>
 <LI><a href="#[b]">BusFault_Handler</a>&nbsp;&nbsp;&nbsp;&rArr;&nbsp;&nbsp;&nbsp;<a href="#[b]">BusFault_Handler</a><BR>
 <LI><a href="#[c]">UsageFault_Handler</a>&nbsp;&nbsp;&nbsp;&rArr;&nbsp;&nbsp;&nbsp;<a href="#[c]">UsageFault_Handler</a><BR>
 <LI><a href="#[d]">SVC_Handler</a>&nbsp;&nbsp;&nbsp;&rArr;&nbsp;&nbsp;&nbsp;<a href="#[d]">SVC_Handler</a><BR>
 <LI><a href="#[e]">DebugMon_Handler</a>&nbsp;&nbsp;&nbsp;&rArr;&nbsp;&nbsp;&nbsp;<a href="#[e]">DebugMon_Handler</a><BR>
 <LI><a href="#[f]">PendSV_Handler</a>&nbsp;&nbsp;&nbsp;&rArr;&nbsp;&nbsp;&nbsp;<a href="#[f]">PendSV_Handler</a><BR>
 <LI><a href="#[23]">ADC_IRQHandler</a>&nbsp;&nbsp;&nbsp;&rArr;&nbsp;&nbsp;&nbsp;<a href="#[23]">ADC_IRQHandler</a><BR>
</UL>
<P>
<H3>
Function Pointers
</H3><UL>
 <LI><a href="#[23]">ADC_IRQHandler</a> from startup_stm32f401xe.o(.text) referenced from startup_stm32f401xe.o(RESET)
 <LI><a href="#[b]">BusFault_Handler</a> from startup_stm32f401xe.o(.text) referenced from startup_stm32f401xe.o(RESET)
 <LI><a href="#[1c]">DMA1_Stream0_IRQHandler</a> from startup_stm32f401xe.o(.text) referenced from startup_stm32f401xe.o(RESET)
 <LI><a href="#[1d]">DMA1_Stream1_IRQHandler</a> from startup_stm32f401xe.o(.text) referenced from startup_stm32f401xe.o(RESET)
 <LI><a href="#[1e]">DMA1_Stream2_IRQHandler</a> from startup_stm32f401xe.o(.text) referenced from startup_stm32f401xe.o(RESET)
 <LI><a href="#[1f]">DMA1_Stream3_IRQHandler</a> from startup_stm32f401xe.o(.text) referenced from startup_stm32f401xe.o(RESET)
 <LI><a href="#[20]">DMA1_Stream4_IRQHandler</a> from startup_stm32f401xe.o(.text) referenced from startup_stm32f401xe.o(RESET)
 <LI><a href="#[21]">DMA1_Stream5_IRQHandler</a> from startup_stm32f401xe.o(.text) referenced from startup_stm32f401xe.o(RESET)
 <LI><a href="#[22]">DMA1_Stream6_IRQHandler</a> from startup_stm32f401xe.o(.text) referenced from startup_stm32f401xe.o(RESET)
 <LI><a href="#[37]">DMA1_Stream7_IRQHandler</a> from startup_stm32f401xe.o(.text) referenced from startup_stm32f401xe.o(RESET)
 <LI><a href="#[3b]">DMA2_Stream0_IRQHandler</a> from startup_stm32f401xe.o(.text) referenced from startup_stm32f401xe.o(RESET)
 <LI><a href="#[3c]">DMA2_Stream1_IRQHandler</a> from startup_stm32f401xe.o(.text) referenced from startup_stm32f401xe.o(RESET)
 <LI><a href="#[3d]">DMA2_Stream2_IRQHandler</a> from startup_stm32f401xe.o(.text) referenced from startup_stm32f401xe.o(RESET)
 <LI><a href="#[3e]">DMA2_Stream3_IRQHandler</a> from startup_stm32f401xe.o(.text) referenced from startup_stm32f401xe.o(RESET)
 <LI><a href="#[3f]">DMA2_Stream4_IRQHandler</a> from startup_stm32f401xe.o(.text) referenced from startup_stm32f401xe.o(RESET)
 <LI><a href="#[41]">DMA2_Stream5_IRQHandler</a> from startup_stm32f401xe.o(.text) referenced from startup_stm32f401xe.o(RESET)
 <LI><a href="#[42]">DMA2_Stream6_IRQHandler</a> from startup_stm32f401xe.o(.text) referenced from startup_stm32f401xe.o(RESET)
 <LI><a href="#[43]">DMA2_Stream7_IRQHandler</a> from startup_stm32f401xe.o(.text) referenced from startup_stm32f401xe.o(RESET)
 <LI><a href="#[e]">DebugMon_Handler</a> from startup_stm32f401xe.o(.text) referenced from startup_stm32f401xe.o(RESET)
 <LI><a href="#[17]">EXTI0_IRQHandler</a> from gpio.o(i.EXTI0_IRQHandler) referenced from startup_stm32f401xe.o(RESET)
 <LI><a href="#[34]">EXTI15_10_IRQHandler</a> from gpio.o(i.EXTI15_10_IRQHandler) referenced from startup_stm32f401xe.o(RESET)
 <LI><a href="#[18]">EXTI1_IRQHandler</a> from gpio.o(i.EXTI1_IRQHandler) referenced from startup_stm32f401xe.o(RESET)
 <LI><a href="#[19]">EXTI2_IRQHandler</a> from gpio.o(i.EXTI2_IRQHandler) referenced from startup_stm32f401xe.o(RESET)
 <LI><a href="#[1a]">EXTI3_IRQHandler</a> from gpio.o(i.EXTI3_IRQHandler) referenced from startup_stm32f401xe.o(RESET)
 <LI><a href="#[1b]">EXTI4_IRQHandler</a> from gpio.o(i.EXTI4_IRQHandler) referenced from startup_stm32f401xe.o(RESET)
 <LI><a href="#[24]">EXTI9_5_IRQHandler</a> from gpio.o(i.EXTI9_5_IRQHandler) referenced from startup_stm32f401xe.o(RESET)
 <LI><a href="#[15]">FLASH_IRQHandler</a> from startup_stm32f401xe.o(.text) referenced from startup_stm32f401xe.o(RESET)
 <LI><a href="#[47]">FPU_IRQHandler</a> from startup_stm32f401xe.o(.text) referenced from startup_stm32f401xe.o(RESET)
 <LI><a href="#[9]">HardFault_Handler</a> from startup_stm32f401xe.o(.text) referenced from startup_stm32f401xe.o(RESET)
 <LI><a href="#[2d]">I2C1_ER_IRQHandler</a> from startup_stm32f401xe.o(.text) referenced from startup_stm32f401xe.o(RESET)
 <LI><a href="#[2c]">I2C1_EV_IRQHandler</a> from startup_stm32f401xe.o(.text) referenced from startup_stm32f401xe.o(RESET)
 <LI><a href="#[2f]">I2C2_ER_IRQHandler</a> from startup_stm32f401xe.o(.text) referenced from startup_stm32f401xe.o(RESET)
 <LI><a href="#[2e]">I2C2_EV_IRQHandler</a> from startup_stm32f401xe.o(.text) referenced from startup_stm32f401xe.o(RESET)
 <LI><a href="#[46]">I2C3_ER_IRQHandler</a> from startup_stm32f401xe.o(.text) referenced from startup_stm32f401xe.o(RESET)
 <LI><a href="#[45]">I2C3_EV_IRQHandler</a> from startup_stm32f401xe.o(.text) referenced from startup_stm32f401xe.o(RESET)
 <LI><a href="#[a]">MemManage_Handler</a> from startup_stm32f401xe.o(.text) referenced from startup_stm32f401xe.o(RESET)
 <LI><a href="#[8]">NMI_Handler</a> from startup_stm32f401xe.o(.text) referenced from startup_stm32f401xe.o(RESET)
 <LI><a href="#[40]">OTG_FS_IRQHandler</a> from startup_stm32f401xe.o(.text) referenced from startup_stm32f401xe.o(RESET)
 <LI><a href="#[36]">OTG_FS_WKUP_IRQHandler</a> from startup_stm32f401xe.o(.text) referenced from startup_stm32f401xe.o(RESET)
 <LI><a href="#[12]">PVD_IRQHandler</a> from startup_stm32f401xe.o(.text) referenced from startup_stm32f401xe.o(RESET)
 <LI><a href="#[f]">PendSV_Handler</a> from startup_stm32f401xe.o(.text) referenced from startup_stm32f401xe.o(RESET)
 <LI><a href="#[16]">RCC_IRQHandler</a> from startup_stm32f401xe.o(.text) referenced from startup_stm32f401xe.o(RESET)
 <LI><a href="#[35]">RTC_Alarm_IRQHandler</a> from startup_stm32f401xe.o(.text) referenced from startup_stm32f401xe.o(RESET)
 <LI><a href="#[14]">RTC_WKUP_IRQHandler</a> from startup_stm32f401xe.o(.text) referenced from startup_stm32f401xe.o(RESET)
 <LI><a href="#[7]">Reset_Handler</a> from startup_stm32f401xe.o(.text) referenced from startup_stm32f401xe.o(RESET)
 <LI><a href="#[38]">SDIO_IRQHandler</a> from startup_stm32f401xe.o(.text) referenced from startup_stm32f401xe.o(RESET)
 <LI><a href="#[30]">SPI1_IRQHandler</a> from startup_stm32f401xe.o(.text) referenced from startup_stm32f401xe.o(RESET)
 <LI><a href="#[31]">SPI2_IRQHandler</a> from startup_stm32f401xe.o(.text) referenced from startup_stm32f401xe.o(RESET)
 <LI><a href="#[3a]">SPI3_IRQHandler</a> from startup_stm32f401xe.o(.text) referenced from startup_stm32f401xe.o(RESET)
 <LI><a href="#[48]">SPI4_IRQHandler</a> from startup_stm32f401xe.o(.text) referenced from startup_stm32f401xe.o(RESET)
 <LI><a href="#[d]">SVC_Handler</a> from startup_stm32f401xe.o(.text) referenced from startup_stm32f401xe.o(RESET)
 <LI><a href="#[10]">SysTick_Handler</a> from timer.o(i.SysTick_Handler) referenced from startup_stm32f401xe.o(RESET)
 <LI><a href="#[49]">SystemInit</a> from system_stm32f4xx.o(i.SystemInit) referenced from startup_stm32f401xe.o(.text)
 <LI><a href="#[13]">TAMP_STAMP_IRQHandler</a> from startup_stm32f401xe.o(.text) referenced from startup_stm32f401xe.o(RESET)
 <LI><a href="#[25]">TIM1_BRK_TIM9_IRQHandler</a> from startup_stm32f401xe.o(.text) referenced from startup_stm32f401xe.o(RESET)
 <LI><a href="#[28]">TIM1_CC_IRQHandler</a> from startup_stm32f401xe.o(.text) referenced from startup_stm32f401xe.o(RESET)
 <LI><a href="#[27]">TIM1_TRG_COM_TIM11_IRQHandler</a> from startup_stm32f401xe.o(.text) referenced from startup_stm32f401xe.o(RESET)
 <LI><a href="#[26]">TIM1_UP_TIM10_IRQHandler</a> from startup_stm32f401xe.o(.text) referenced from startup_stm32f401xe.o(RESET)
 <LI><a href="#[29]">TIM2_IRQHandler</a> from startup_stm32f401xe.o(.text) referenced from startup_stm32f401xe.o(RESET)
 <LI><a href="#[2a]">TIM3_IRQHandler</a> from startup_stm32f401xe.o(.text) referenced from startup_stm32f401xe.o(RESET)
 <LI><a href="#[2b]">TIM4_IRQHandler</a> from startup_stm32f401xe.o(.text) referenced from startup_stm32f401xe.o(RESET)
 <LI><a href="#[39]">TIM5_IRQHandler</a> from startup_stm32f401xe.o(.text) referenced from startup_stm32f401xe.o(RESET)
 <LI><a href="#[32]">USART1_IRQHandler</a> from startup_stm32f401xe.o(.text) referenced from startup_stm32f401xe.o(RESET)
 <LI><a href="#[33]">USART2_IRQHandler</a> from uart.o(i.USART2_IRQHandler) referenced from startup_stm32f401xe.o(RESET)
 <LI><a href="#[44]">USART6_IRQHandler</a> from startup_stm32f401xe.o(.text) referenced from startup_stm32f401xe.o(RESET)
 <LI><a href="#[c]">UsageFault_Handler</a> from startup_stm32f401xe.o(.text) referenced from startup_stm32f401xe.o(RESET)
 <LI><a href="#[11]">WWDG_IRQHandler</a> from startup_stm32f401xe.o(.text) referenced from startup_stm32f401xe.o(RESET)
 <LI><a href="#[4b]">__main</a> from __main.o(!!!main) referenced from startup_stm32f401xe.o(.text)
</UL>
<P>
<H3>
Global Symbols
</H3>
<P><STRONG><a name="[4b]"></a>__main</STRONG> (Thumb, 8 bytes, Stack size 0 bytes, __main.o(!!!main))
<BR><BR>[Calls]<UL><LI><a href="#[4c]">&gt;&gt;</a>&nbsp;&nbsp;&nbsp;__scatterload
<LI><a href="#[4d]">&gt;&gt;</a>&nbsp;&nbsp;&nbsp;__rt_entry
</UL>

<P><STRONG><a name="[4c]"></a>__scatterload</STRONG> (Thumb, 0 bytes, Stack size unknown bytes, __scatter.o(!!!scatter))
<BR><BR>[Called By]<UL><LI><a href="#[4b]">&gt;&gt;</a>&nbsp;&nbsp;&nbsp;__main
</UL>

<P><STRONG><a name="[4e]"></a>__scatterload_rt2</STRONG> (Thumb, 44 bytes, Stack size unknown bytes, __scatter.o(!!!scatter), UNUSED)
<BR><BR>[Calls]<UL><LI><a href="#[4d]">&gt;&gt;</a>&nbsp;&nbsp;&nbsp;__rt_entry
</UL>

<P><STRONG><a name="[6c]"></a>__scatterload_rt2_thumb_only</STRONG> (Thumb, 0 bytes, Stack size unknown bytes, __scatter.o(!!!scatter), UNUSED)

<P><STRONG><a name="[6d]"></a>__scatterload_null</STRONG> (Thumb, 0 bytes, Stack size unknown bytes, __scatter.o(!!!scatter), UNUSED)

<P><STRONG><a name="[4f]"></a>__scatterload_copy</STRONG> (Thumb, 26 bytes, Stack size unknown bytes, __scatter_copy.o(!!handler_copy), UNUSED)
<BR><BR>[Calls]<UL><LI><a href="#[4f]">&gt;&gt;</a>&nbsp;&nbsp;&nbsp;__scatterload_copy
</UL>
<BR>[Called By]<UL><LI><a href="#[4f]">&gt;&gt;</a>&nbsp;&nbsp;&nbsp;__scatterload_copy
</UL>

<P><STRONG><a name="[6e]"></a>__scatterload_zeroinit</STRONG> (Thumb, 28 bytes, Stack size unknown bytes, __scatter_zi.o(!!handler_zi), UNUSED)

<P><STRONG><a name="[55]"></a>__rt_lib_init</STRONG> (Thumb, 0 bytes, Stack size unknown bytes, libinit.o(.ARM.Collect$$libinit$$00000000))
<BR><BR>[Called By]<UL><LI><a href="#[54]">&gt;&gt;</a>&nbsp;&nbsp;&nbsp;__rt_entry_li
</UL>

<P><STRONG><a name="[50]"></a>__rt_lib_init_fp_1</STRONG> (Thumb, 0 bytes, Stack size unknown bytes, libinit2.o(.ARM.Collect$$libinit$$00000001))
<BR><BR>[Calls]<UL><LI><a href="#[51]">&gt;&gt;</a>&nbsp;&nbsp;&nbsp;_fp_init
</UL>

<P><STRONG><a name="[6f]"></a>__rt_lib_init_alloca_1</STRONG> (Thumb, 0 bytes, Stack size unknown bytes, libinit2.o(.ARM.Collect$$libinit$$0000002E))

<P><STRONG><a name="[70]"></a>__rt_lib_init_argv_1</STRONG> (Thumb, 0 bytes, Stack size unknown bytes, libinit2.o(.ARM.Collect$$libinit$$0000002C))

<P><STRONG><a name="[71]"></a>__rt_lib_init_atexit_1</STRONG> (Thumb, 0 bytes, Stack size unknown bytes, libinit2.o(.ARM.Collect$$libinit$$0000001B))

<P><STRONG><a name="[72]"></a>__rt_lib_init_clock_1</STRONG> (Thumb, 0 bytes, Stack size unknown bytes, libinit2.o(.ARM.Collect$$libinit$$00000021))

<P><STRONG><a name="[73]"></a>__rt_lib_init_cpp_1</STRONG> (Thumb, 0 bytes, Stack size unknown bytes, libinit2.o(.ARM.Collect$$libinit$$00000032))

<P><STRONG><a name="[74]"></a>__rt_lib_init_exceptions_1</STRONG> (Thumb, 0 bytes, Stack size unknown bytes, libinit2.o(.ARM.Collect$$libinit$$00000030))

<P><STRONG><a name="[75]"></a>__rt_lib_init_fp_trap_1</STRONG> (Thumb, 0 bytes, Stack size unknown bytes, libinit2.o(.ARM.Collect$$libinit$$0000001F))

<P><STRONG><a name="[76]"></a>__rt_lib_init_getenv_1</STRONG> (Thumb, 0 bytes, Stack size unknown bytes, libinit2.o(.ARM.Collect$$libinit$$00000023))

<P><STRONG><a name="[77]"></a>__rt_lib_init_heap_1</STRONG> (Thumb, 0 bytes, Stack size unknown bytes, libinit2.o(.ARM.Collect$$libinit$$0000000A))

<P><STRONG><a name="[78]"></a>__rt_lib_init_lc_collate_1</STRONG> (Thumb, 0 bytes, Stack size unknown bytes, libinit2.o(.ARM.Collect$$libinit$$00000011))

<P><STRONG><a name="[79]"></a>__rt_lib_init_lc_ctype_1</STRONG> (Thumb, 0 bytes, Stack size unknown bytes, libinit2.o(.ARM.Collect$$libinit$$00000013))

<P><STRONG><a name="[7a]"></a>__rt_lib_init_lc_monetary_1</STRONG> (Thumb, 0 bytes, Stack size unknown bytes, libinit2.o(.ARM.Collect$$libinit$$00000015))

<P><STRONG><a name="[7b]"></a>__rt_lib_init_lc_numeric_1</STRONG> (Thumb, 0 bytes, Stack size unknown bytes, libinit2.o(.ARM.Collect$$libinit$$00000017))

<P><STRONG><a name="[7c]"></a>__rt_lib_init_lc_time_1</STRONG> (Thumb, 0 bytes, Stack size unknown bytes, libinit2.o(.ARM.Collect$$libinit$$00000019))

<P><STRONG><a name="[7d]"></a>__rt_lib_init_preinit_1</STRONG> (Thumb, 0 bytes, Stack size unknown bytes, libinit2.o(.ARM.Collect$$libinit$$00000004))

<P><STRONG><a name="[7e]"></a>__rt_lib_init_rand_1</STRONG> (Thumb, 0 bytes, Stack size unknown bytes, libinit2.o(.ARM.Collect$$libinit$$0000000E))

<P><STRONG><a name="[7f]"></a>__rt_lib_init_return</STRONG> (Thumb, 0 bytes, Stack size unknown bytes, libinit2.o(.ARM.Collect$$libinit$$00000033))

<P><STRONG><a name="[80]"></a>__rt_lib_init_signal_1</STRONG> (Thumb, 0 bytes, Stack size unknown bytes, libinit2.o(.ARM.Collect$$libinit$$0000001D))

<P><STRONG><a name="[81]"></a>__rt_lib_init_stdio_1</STRONG> (Thumb, 0 bytes, Stack size unknown bytes, libinit2.o(.ARM.Collect$$libinit$$00000025))

<P><STRONG><a name="[82]"></a>__rt_lib_init_user_alloc_1</STRONG> (Thumb, 0 bytes, Stack size unknown bytes, libinit2.o(.ARM.Collect$$libinit$$0000000C))

<P><STRONG><a name="[5a]"></a>__rt_lib_shutdown</STRONG> (Thumb, 0 bytes, Stack size unknown bytes, libshutdown.o(.ARM.Collect$$libshutdown$$00000000))
<BR><BR>[Called By]<UL><LI><a href="#[59]">&gt;&gt;</a>&nbsp;&nbsp;&nbsp;__rt_exit_ls
</UL>

<P><STRONG><a name="[83]"></a>__rt_lib_shutdown_cpp_1</STRONG> (Thumb, 0 bytes, Stack size unknown bytes, libshutdown2.o(.ARM.Collect$$libshutdown$$00000004))

<P><STRONG><a name="[84]"></a>__rt_lib_shutdown_fini_1</STRONG> (Thumb, 0 bytes, Stack size unknown bytes, libshutdown2.o(.ARM.Collect$$libshutdown$$00000002))

<P><STRONG><a name="[85]"></a>__rt_lib_shutdown_fp_trap_1</STRONG> (Thumb, 0 bytes, Stack size unknown bytes, libshutdown2.o(.ARM.Collect$$libshutdown$$00000009))

<P><STRONG><a name="[86]"></a>__rt_lib_shutdown_heap_1</STRONG> (Thumb, 0 bytes, Stack size unknown bytes, libshutdown2.o(.ARM.Collect$$libshutdown$$00000011))

<P><STRONG><a name="[87]"></a>__rt_lib_shutdown_return</STRONG> (Thumb, 0 bytes, Stack size unknown bytes, libshutdown2.o(.ARM.Collect$$libshutdown$$00000012))

<P><STRONG><a name="[88]"></a>__rt_lib_shutdown_signal_1</STRONG> (Thumb, 0 bytes, Stack size unknown bytes, libshutdown2.o(.ARM.Collect$$libshutdown$$0000000C))

<P><STRONG><a name="[89]"></a>__rt_lib_shutdown_stdio_1</STRONG> (Thumb, 0 bytes, Stack size unknown bytes, libshutdown2.o(.ARM.Collect$$libshutdown$$00000006))

<P><STRONG><a name="[8a]"></a>__rt_lib_shutdown_user_alloc_1</STRONG> (Thumb, 0 bytes, Stack size unknown bytes, libshutdown2.o(.ARM.Collect$$libshutdown$$0000000E))

<P><STRONG><a name="[4d]"></a>__rt_entry</STRONG> (Thumb, 0 bytes, Stack size unknown bytes, __rtentry.o(.ARM.Collect$$rtentry$$00000000))
<BR><BR>[Called By]<UL><LI><a href="#[4e]">&gt;&gt;</a>&nbsp;&nbsp;&nbsp;__scatterload_rt2
<LI><a href="#[4b]">&gt;&gt;</a>&nbsp;&nbsp;&nbsp;__main
</UL>

<P><STRONG><a name="[8b]"></a>__rt_entry_presh_1</STRONG> (Thumb, 0 bytes, Stack size unknown bytes, __rtentry2.o(.ARM.Collect$$rtentry$$00000002))

<P><STRONG><a name="[52]"></a>__rt_entry_sh</STRONG> (Thumb, 0 bytes, Stack size unknown bytes, __rtentry4.o(.ARM.Collect$$rtentry$$00000004))
<BR><BR>[Stack]<UL><LI>Max Depth = 8 + Unknown Stack Size
<LI>Call Chain = __rt_entry_sh &rArr; __user_setup_stackheap
</UL>
<BR>[Calls]<UL><LI><a href="#[53]">&gt;&gt;</a>&nbsp;&nbsp;&nbsp;__user_setup_stackheap
</UL>

<P><STRONG><a name="[54]"></a>__rt_entry_li</STRONG> (Thumb, 0 bytes, Stack size unknown bytes, __rtentry2.o(.ARM.Collect$$rtentry$$0000000A))
<BR><BR>[Calls]<UL><LI><a href="#[55]">&gt;&gt;</a>&nbsp;&nbsp;&nbsp;__rt_lib_init
</UL>

<P><STRONG><a name="[8c]"></a>__rt_entry_postsh_1</STRONG> (Thumb, 0 bytes, Stack size unknown bytes, __rtentry2.o(.ARM.Collect$$rtentry$$00000009))

<P><STRONG><a name="[56]"></a>__rt_entry_main</STRONG> (Thumb, 0 bytes, Stack size unknown bytes, __rtentry2.o(.ARM.Collect$$rtentry$$0000000D))
<BR><BR>[Stack]<UL><LI>Max Depth = 36 + Unknown Stack Size
<LI>Call Chain = __rt_entry_main &rArr; main &rArr; test_call &rArr; test_for &rArr; test_mult
</UL>
<BR>[Calls]<UL><LI><a href="#[57]">&gt;&gt;</a>&nbsp;&nbsp;&nbsp;main
<LI><a href="#[58]">&gt;&gt;</a>&nbsp;&nbsp;&nbsp;exit
</UL>

<P><STRONG><a name="[8d]"></a>__rt_entry_postli_1</STRONG> (Thumb, 0 bytes, Stack size unknown bytes, __rtentry2.o(.ARM.Collect$$rtentry$$0000000C))

<P><STRONG><a name="[5f]"></a>__rt_exit</STRONG> (Thumb, 0 bytes, Stack size unknown bytes, rtexit.o(.ARM.Collect$$rtexit$$00000000))
<BR><BR>[Called By]<UL><LI><a href="#[58]">&gt;&gt;</a>&nbsp;&nbsp;&nbsp;exit
</UL>

<P><STRONG><a name="[59]"></a>__rt_exit_ls</STRONG> (Thumb, 0 bytes, Stack size unknown bytes, rtexit2.o(.ARM.Collect$$rtexit$$00000003))
<BR><BR>[Calls]<UL><LI><a href="#[5a]">&gt;&gt;</a>&nbsp;&nbsp;&nbsp;__rt_lib_shutdown
</UL>

<P><STRONG><a name="[8e]"></a>__rt_exit_prels_1</STRONG> (Thumb, 0 bytes, Stack size unknown bytes, rtexit2.o(.ARM.Collect$$rtexit$$00000002))

<P><STRONG><a name="[5b]"></a>__rt_exit_exit</STRONG> (Thumb, 0 bytes, Stack size unknown bytes, rtexit2.o(.ARM.Collect$$rtexit$$00000004))
<BR><BR>[Calls]<UL><LI><a href="#[5c]">&gt;&gt;</a>&nbsp;&nbsp;&nbsp;_sys_exit
</UL>

<P><STRONG><a name="[7]"></a>Reset_Handler</STRONG> (Thumb, 8 bytes, Stack size 0 bytes, startup_stm32f401xe.o(.text))
<BR>[Address Reference Count : 1]<UL><LI> startup_stm32f401xe.o(RESET)
</UL>
<P><STRONG><a name="[8]"></a>NMI_Handler</STRONG> (Thumb, 2 bytes, Stack size 0 bytes, startup_stm32f401xe.o(.text))
<BR><BR>[Calls]<UL><LI><a href="#[8]">&gt;&gt;</a>&nbsp;&nbsp;&nbsp;NMI_Handler
</UL>
<BR>[Called By]<UL><LI><a href="#[8]">&gt;&gt;</a>&nbsp;&nbsp;&nbsp;NMI_Handler
</UL>
<BR>[Address Reference Count : 1]<UL><LI> startup_stm32f401xe.o(RESET)
</UL>
<P><STRONG><a name="[9]"></a>HardFault_Handler</STRONG> (Thumb, 2 bytes, Stack size 0 bytes, startup_stm32f401xe.o(.text))
<BR><BR>[Calls]<UL><LI><a href="#[9]">&gt;&gt;</a>&nbsp;&nbsp;&nbsp;HardFault_Handler
</UL>
<BR>[Called By]<UL><LI><a href="#[9]">&gt;&gt;</a>&nbsp;&nbsp;&nbsp;HardFault_Handler
</UL>
<BR>[Address Reference Count : 1]<UL><LI> startup_stm32f401xe.o(RESET)
</UL>
<P><STRONG><a name="[a]"></a>MemManage_Handler</STRONG> (Thumb, 2 bytes, Stack size 0 bytes, startup_stm32f401xe.o(.text))
<BR><BR>[Calls]<UL><LI><a href="#[a]">&gt;&gt;</a>&nbsp;&nbsp;&nbsp;MemManage_Handler
</UL>
<BR>[Called By]<UL><LI><a href="#[a]">&gt;&gt;</a>&nbsp;&nbsp;&nbsp;MemManage_Handler
</UL>
<BR>[Address Reference Count : 1]<UL><LI> startup_stm32f401xe.o(RESET)
</UL>
<P><STRONG><a name="[b]"></a>BusFault_Handler</STRONG> (Thumb, 2 bytes, Stack size 0 bytes, startup_stm32f401xe.o(.text))
<BR><BR>[Calls]<UL><LI><a href="#[b]">&gt;&gt;</a>&nbsp;&nbsp;&nbsp;BusFault_Handler
</UL>
<BR>[Called By]<UL><LI><a href="#[b]">&gt;&gt;</a>&nbsp;&nbsp;&nbsp;BusFault_Handler
</UL>
<BR>[Address Reference Count : 1]<UL><LI> startup_stm32f401xe.o(RESET)
</UL>
<P><STRONG><a name="[c]"></a>UsageFault_Handler</STRONG> (Thumb, 2 bytes, Stack size 0 bytes, startup_stm32f401xe.o(.text))
<BR><BR>[Calls]<UL><LI><a href="#[c]">&gt;&gt;</a>&nbsp;&nbsp;&nbsp;UsageFault_Handler
</UL>
<BR>[Called By]<UL><LI><a href="#[c]">&gt;&gt;</a>&nbsp;&nbsp;&nbsp;UsageFault_Handler
</UL>
<BR>[Address Reference Count : 1]<UL><LI> startup_stm32f401xe.o(RESET)
</UL>
<P><STRONG><a name="[d]"></a>SVC_Handler</STRONG> (Thumb, 2 bytes, Stack size 0 bytes, startup_stm32f401xe.o(.text))
<BR><BR>[Calls]<UL><LI><a href="#[d]">&gt;&gt;</a>&nbsp;&nbsp;&nbsp;SVC_Handler
</UL>
<BR>[Called By]<UL><LI><a href="#[d]">&gt;&gt;</a>&nbsp;&nbsp;&nbsp;SVC_Handler
</UL>
<BR>[Address Reference Count : 1]<UL><LI> startup_stm32f401xe.o(RESET)
</UL>
<P><STRONG><a name="[e]"></a>DebugMon_Handler</STRONG> (Thumb, 2 bytes, Stack size 0 bytes, startup_stm32f401xe.o(.text))
<BR><BR>[Calls]<UL><LI><a href="#[e]">&gt;&gt;</a>&nbsp;&nbsp;&nbsp;DebugMon_Handler
</UL>
<BR>[Called By]<UL><LI><a href="#[e]">&gt;&gt;</a>&nbsp;&nbsp;&nbsp;DebugMon_Handler
</UL>
<BR>[Address Reference Count : 1]<UL><LI> startup_stm32f401xe.o(RESET)
</UL>
<P><STRONG><a name="[f]"></a>PendSV_Handler</STRONG> (Thumb, 2 bytes, Stack size 0 bytes, startup_stm32f401xe.o(.text))
<BR><BR>[Calls]<UL><LI><a href="#[f]">&gt;&gt;</a>&nbsp;&nbsp;&nbsp;PendSV_Handler
</UL>
<BR>[Called By]<UL><LI><a href="#[f]">&gt;&gt;</a>&nbsp;&nbsp;&nbsp;PendSV_Handler
</UL>
<BR>[Address Reference Count : 1]<UL><LI> startup_stm32f401xe.o(RESET)
</UL>
<P><STRONG><a name="[23]"></a>ADC_IRQHandler</STRONG> (Thumb, 0 bytes, Stack size 0 bytes, startup_stm32f401xe.o(.text))
<BR><BR>[Calls]<UL><LI><a href="#[23]">&gt;&gt;</a>&nbsp;&nbsp;&nbsp;ADC_IRQHandler
</UL>
<BR>[Called By]<UL><LI><a href="#[23]">&gt;&gt;</a>&nbsp;&nbsp;&nbsp;ADC_IRQHandler
</UL>
<BR>[Address Reference Count : 1]<UL><LI> startup_stm32f401xe.o(RESET)
</UL>
<P><STRONG><a name="[1c]"></a>DMA1_Stream0_IRQHandler</STRONG> (Thumb, 0 bytes, Stack size 0 bytes, startup_stm32f401xe.o(.text))
<BR>[Address Reference Count : 1]<UL><LI> startup_stm32f401xe.o(RESET)
</UL>
<P><STRONG><a name="[1d]"></a>DMA1_Stream1_IRQHandler</STRONG> (Thumb, 0 bytes, Stack size 0 bytes, startup_stm32f401xe.o(.text))
<BR>[Address Reference Count : 1]<UL><LI> startup_stm32f401xe.o(RESET)
</UL>
<P><STRONG><a name="[1e]"></a>DMA1_Stream2_IRQHandler</STRONG> (Thumb, 0 bytes, Stack size 0 bytes, startup_stm32f401xe.o(.text))
<BR>[Address Reference Count : 1]<UL><LI> startup_stm32f401xe.o(RESET)
</UL>
<P><STRONG><a name="[1f]"></a>DMA1_Stream3_IRQHandler</STRONG> (Thumb, 0 bytes, Stack size 0 bytes, startup_stm32f401xe.o(.text))
<BR>[Address Reference Count : 1]<UL><LI> startup_stm32f401xe.o(RESET)
</UL>
<P><STRONG><a name="[20]"></a>DMA1_Stream4_IRQHandler</STRONG> (Thumb, 0 bytes, Stack size 0 bytes, startup_stm32f401xe.o(.text))
<BR>[Address Reference Count : 1]<UL><LI> startup_stm32f401xe.o(RESET)
</UL>
<P><STRONG><a name="[21]"></a>DMA1_Stream5_IRQHandler</STRONG> (Thumb, 0 bytes, Stack size 0 bytes, startup_stm32f401xe.o(.text))
<BR>[Address Reference Count : 1]<UL><LI> startup_stm32f401xe.o(RESET)
</UL>
<P><STRONG><a name="[22]"></a>DMA1_Stream6_IRQHandler</STRONG> (Thumb, 0 bytes, Stack size 0 bytes, startup_stm32f401xe.o(.text))
<BR>[Address Reference Count : 1]<UL><LI> startup_stm32f401xe.o(RESET)
</UL>
<P><STRONG><a name="[37]"></a>DMA1_Stream7_IRQHandler</STRONG> (Thumb, 0 bytes, Stack size 0 bytes, startup_stm32f401xe.o(.text))
<BR>[Address Reference Count : 1]<UL><LI> startup_stm32f401xe.o(RESET)
</UL>
<P><STRONG><a name="[3b]"></a>DMA2_Stream0_IRQHandler</STRONG> (Thumb, 0 bytes, Stack size 0 bytes, startup_stm32f401xe.o(.text))
<BR>[Address Reference Count : 1]<UL><LI> startup_stm32f401xe.o(RESET)
</UL>
<P><STRONG><a name="[3c]"></a>DMA2_Stream1_IRQHandler</STRONG> (Thumb, 0 bytes, Stack size 0 bytes, startup_stm32f401xe.o(.text))
<BR>[Address Reference Count : 1]<UL><LI> startup_stm32f401xe.o(RESET)
</UL>
<P><STRONG><a name="[3d]"></a>DMA2_Stream2_IRQHandler</STRONG> (Thumb, 0 bytes, Stack size 0 bytes, startup_stm32f401xe.o(.text))
<BR>[Address Reference Count : 1]<UL><LI> startup_stm32f401xe.o(RESET)
</UL>
<P><STRONG><a name="[3e]"></a>DMA2_Stream3_IRQHandler</STRONG> (Thumb, 0 bytes, Stack size 0 bytes, startup_stm32f401xe.o(.text))
<BR>[Address Reference Count : 1]<UL><LI> startup_stm32f401xe.o(RESET)
</UL>
<P><STRONG><a name="[3f]"></a>DMA2_Stream4_IRQHandler</STRONG> (Thumb, 0 bytes, Stack size 0 bytes, startup_stm32f401xe.o(.text))
<BR>[Address Reference Count : 1]<UL><LI> startup_stm32f401xe.o(RESET)
</UL>
<P><STRONG><a name="[41]"></a>DMA2_Stream5_IRQHandler</STRONG> (Thumb, 0 bytes, Stack size 0 bytes, startup_stm32f401xe.o(.text))
<BR>[Address Reference Count : 1]<UL><LI> startup_stm32f401xe.o(RESET)
</UL>
<P><STRONG><a name="[42]"></a>DMA2_Stream6_IRQHandler</STRONG> (Thumb, 0 bytes, Stack size 0 bytes, startup_stm32f401xe.o(.text))
<BR>[Address Reference Count : 1]<UL><LI> startup_stm32f401xe.o(RESET)
</UL>
<P><STRONG><a name="[43]"></a>DMA2_Stream7_IRQHandler</STRONG> (Thumb, 0 bytes, Stack size 0 bytes, startup_stm32f401xe.o(.text))
<BR>[Address Reference Count : 1]<UL><LI> startup_stm32f401xe.o(RESET)
</UL>
<P><STRONG><a name="[15]"></a>FLASH_IRQHandler</STRONG> (Thumb, 0 bytes, Stack size 0 bytes, startup_stm32f401xe.o(.text))
<BR>[Address Reference Count : 1]<UL><LI> startup_stm32f401xe.o(RESET)
</UL>
<P><STRONG><a name="[47]"></a>FPU_IRQHandler</STRONG> (Thumb, 0 bytes, Stack size 0 bytes, startup_stm32f401xe.o(.text))
<BR>[Address Reference Count : 1]<UL><LI> startup_stm32f401xe.o(RESET)
</UL>
<P><STRONG><a name="[2d]"></a>I2C1_ER_IRQHandler</STRONG> (Thumb, 0 bytes, Stack size 0 bytes, startup_stm32f401xe.o(.text))
<BR>[Address Reference Count : 1]<UL><LI> startup_stm32f401xe.o(RESET)
</UL>
<P><STRONG><a name="[2c]"></a>I2C1_EV_IRQHandler</STRONG> (Thumb, 0 bytes, Stack size 0 bytes, startup_stm32f401xe.o(.text))
<BR>[Address Reference Count : 1]<UL><LI> startup_stm32f401xe.o(RESET)
</UL>
<P><STRONG><a name="[2f]"></a>I2C2_ER_IRQHandler</STRONG> (Thumb, 0 bytes, Stack size 0 bytes, startup_stm32f401xe.o(.text))
<BR>[Address Reference Count : 1]<UL><LI> startup_stm32f401xe.o(RESET)
</UL>
<P><STRONG><a name="[2e]"></a>I2C2_EV_IRQHandler</STRONG> (Thumb, 0 bytes, Stack size 0 bytes, startup_stm32f401xe.o(.text))
<BR>[Address Reference Count : 1]<UL><LI> startup_stm32f401xe.o(RESET)
</UL>
<P><STRONG><a name="[46]"></a>I2C3_ER_IRQHandler</STRONG> (Thumb, 0 bytes, Stack size 0 bytes, startup_stm32f401xe.o(.text))
<BR>[Address Reference Count : 1]<UL><LI> startup_stm32f401xe.o(RESET)
</UL>
<P><STRONG><a name="[45]"></a>I2C3_EV_IRQHandler</STRONG> (Thumb, 0 bytes, Stack size 0 bytes, startup_stm32f401xe.o(.text))
<BR>[Address Reference Count : 1]<UL><LI> startup_stm32f401xe.o(RESET)
</UL>
<P><STRONG><a name="[40]"></a>OTG_FS_IRQHandler</STRONG> (Thumb, 0 bytes, Stack size 0 bytes, startup_stm32f401xe.o(.text))
<BR>[Address Reference Count : 1]<UL><LI> startup_stm32f401xe.o(RESET)
</UL>
<P><STRONG><a name="[36]"></a>OTG_FS_WKUP_IRQHandler</STRONG> (Thumb, 0 bytes, Stack size 0 bytes, startup_stm32f401xe.o(.text))
<BR>[Address Reference Count : 1]<UL><LI> startup_stm32f401xe.o(RESET)
</UL>
<P><STRONG><a name="[12]"></a>PVD_IRQHandler</STRONG> (Thumb, 0 bytes, Stack size 0 bytes, startup_stm32f401xe.o(.text))
<BR>[Address Reference Count : 1]<UL><LI> startup_stm32f401xe.o(RESET)
</UL>
<P><STRONG><a name="[16]"></a>RCC_IRQHandler</STRONG> (Thumb, 0 bytes, Stack size 0 bytes, startup_stm32f401xe.o(.text))
<BR>[Address Reference Count : 1]<UL><LI> startup_stm32f401xe.o(RESET)
</UL>
<P><STRONG><a name="[35]"></a>RTC_Alarm_IRQHandler</STRONG> (Thumb, 0 bytes, Stack size 0 bytes, startup_stm32f401xe.o(.text))
<BR>[Address Reference Count : 1]<UL><LI> startup_stm32f401xe.o(RESET)
</UL>
<P><STRONG><a name="[14]"></a>RTC_WKUP_IRQHandler</STRONG> (Thumb, 0 bytes, Stack size 0 bytes, startup_stm32f401xe.o(.text))
<BR>[Address Reference Count : 1]<UL><LI> startup_stm32f401xe.o(RESET)
</UL>
<P><STRONG><a name="[38]"></a>SDIO_IRQHandler</STRONG> (Thumb, 0 bytes, Stack size 0 bytes, startup_stm32f401xe.o(.text))
<BR>[Address Reference Count : 1]<UL><LI> startup_stm32f401xe.o(RESET)
</UL>
<P><STRONG><a name="[30]"></a>SPI1_IRQHandler</STRONG> (Thumb, 0 bytes, Stack size 0 bytes, startup_stm32f401xe.o(.text))
<BR>[Address Reference Count : 1]<UL><LI> startup_stm32f401xe.o(RESET)
</UL>
<P><STRONG><a name="[31]"></a>SPI2_IRQHandler</STRONG> (Thumb, 0 bytes, Stack size 0 bytes, startup_stm32f401xe.o(.text))
<BR>[Address Reference Count : 1]<UL><LI> startup_stm32f401xe.o(RESET)
</UL>
<P><STRONG><a name="[3a]"></a>SPI3_IRQHandler</STRONG> (Thumb, 0 bytes, Stack size 0 bytes, startup_stm32f401xe.o(.text))
<BR>[Address Reference Count : 1]<UL><LI> startup_stm32f401xe.o(RESET)
</UL>
<P><STRONG><a name="[48]"></a>SPI4_IRQHandler</STRONG> (Thumb, 0 bytes, Stack size 0 bytes, startup_stm32f401xe.o(.text))
<BR>[Address Reference Count : 1]<UL><LI> startup_stm32f401xe.o(RESET)
</UL>
<P><STRONG><a name="[13]"></a>TAMP_STAMP_IRQHandler</STRONG> (Thumb, 0 bytes, Stack size 0 bytes, startup_stm32f401xe.o(.text))
<BR>[Address Reference Count : 1]<UL><LI> startup_stm32f401xe.o(RESET)
</UL>
<P><STRONG><a name="[25]"></a>TIM1_BRK_TIM9_IRQHandler</STRONG> (Thumb, 0 bytes, Stack size 0 bytes, startup_stm32f401xe.o(.text))
<BR>[Address Reference Count : 1]<UL><LI> startup_stm32f401xe.o(RESET)
</UL>
<P><STRONG><a name="[28]"></a>TIM1_CC_IRQHandler</STRONG> (Thumb, 0 bytes, Stack size 0 bytes, startup_stm32f401xe.o(.text))
<BR>[Address Reference Count : 1]<UL><LI> startup_stm32f401xe.o(RESET)
</UL>
<P><STRONG><a name="[27]"></a>TIM1_TRG_COM_TIM11_IRQHandler</STRONG> (Thumb, 0 bytes, Stack size 0 bytes, startup_stm32f401xe.o(.text))
<BR>[Address Reference Count : 1]<UL><LI> startup_stm32f401xe.o(RESET)
</UL>
<P><STRONG><a name="[26]"></a>TIM1_UP_TIM10_IRQHandler</STRONG> (Thumb, 0 bytes, Stack size 0 bytes, startup_stm32f401xe.o(.text))
<BR>[Address Reference Count : 1]<UL><LI> startup_stm32f401xe.o(RESET)
</UL>
<P><STRONG><a name="[29]"></a>TIM2_IRQHandler</STRONG> (Thumb, 0 bytes, Stack size 0 bytes, startup_stm32f401xe.o(.text))
<BR>[Address Reference Count : 1]<UL><LI> startup_stm32f401xe.o(RESET)
</UL>
<P><STRONG><a name="[2a]"></a>TIM3_IRQHandler</STRONG> (Thumb, 0 bytes, Stack size 0 bytes, startup_stm32f401xe.o(.text))
<BR>[Address Reference Count : 1]<UL><LI> startup_stm32f401xe.o(RESET)
</UL>
<P><STRONG><a name="[2b]"></a>TIM4_IRQHandler</STRONG> (Thumb, 0 bytes, Stack size 0 bytes, startup_stm32f401xe.o(.text))
<BR>[Address Reference Count : 1]<UL><LI> startup_stm32f401xe.o(RESET)
</UL>
<P><STRONG><a name="[39]"></a>TIM5_IRQHandler</STRONG> (Thumb, 0 bytes, Stack size 0 bytes, startup_stm32f401xe.o(.text))
<BR>[Address Reference Count : 1]<UL><LI> startup_stm32f401xe.o(RESET)
</UL>
<P><STRONG><a name="[32]"></a>USART1_IRQHandler</STRONG> (Thumb, 0 bytes, Stack size 0 bytes, startup_stm32f401xe.o(.text))
<BR>[Address Reference Count : 1]<UL><LI> startup_stm32f401xe.o(RESET)
</UL>
<P><STRONG><a name="[44]"></a>USART6_IRQHandler</STRONG> (Thumb, 0 bytes, Stack size 0 bytes, startup_stm32f401xe.o(.text))
<BR>[Address Reference Count : 1]<UL><LI> startup_stm32f401xe.o(RESET)
</UL>
<P><STRONG><a name="[11]"></a>WWDG_IRQHandler</STRONG> (Thumb, 0 bytes, Stack size 0 bytes, startup_stm32f401xe.o(.text))
<BR>[Address Reference Count : 1]<UL><LI> startup_stm32f401xe.o(RESET)
</UL>
<P><STRONG><a name="[5e]"></a>__user_initial_stackheap</STRONG> (Thumb, 0 bytes, Stack size unknown bytes, startup_stm32f401xe.o(.text))
<BR><BR>[Called By]<UL><LI><a href="#[53]">&gt;&gt;</a>&nbsp;&nbsp;&nbsp;__user_setup_stackheap
</UL>

<P><STRONG><a name="[8f]"></a>__use_two_region_memory</STRONG> (Thumb, 2 bytes, Stack size 0 bytes, heapauxi.o(.text), UNUSED)

<P><STRONG><a name="[1]"></a>__rt_heap_escrow</STRONG> (Thumb, 2 bytes, Stack size 0 bytes, heapauxi.o(.text), UNUSED)

<P><STRONG><a name="[0]"></a>__rt_heap_expand</STRONG> (Thumb, 2 bytes, Stack size 0 bytes, heapauxi.o(.text), UNUSED)

<P><STRONG><a name="[90]"></a>__user_libspace</STRONG> (Thumb, 8 bytes, Stack size 0 bytes, libspace.o(.text), UNUSED)

<P><STRONG><a name="[5d]"></a>__user_perproc_libspace</STRONG> (Thumb, 0 bytes, Stack size 0 bytes, libspace.o(.text))
<BR><BR>[Called By]<UL><LI><a href="#[53]">&gt;&gt;</a>&nbsp;&nbsp;&nbsp;__user_setup_stackheap
</UL>

<P><STRONG><a name="[91]"></a>__user_perthread_libspace</STRONG> (Thumb, 0 bytes, Stack size 0 bytes, libspace.o(.text), UNUSED)

<P><STRONG><a name="[92]"></a>__I$use$semihosting</STRONG> (Thumb, 0 bytes, Stack size 0 bytes, use_no_semi.o(.text), UNUSED)

<P><STRONG><a name="[93]"></a>__use_no_semihosting_swi</STRONG> (Thumb, 2 bytes, Stack size 0 bytes, use_no_semi.o(.text), UNUSED)

<P><STRONG><a name="[94]"></a>__semihosting_library_function</STRONG> (Thumb, 0 bytes, Stack size 8 bytes, indicate_semi.o(.text), UNUSED)

<P><STRONG><a name="[53]"></a>__user_setup_stackheap</STRONG> (Thumb, 74 bytes, Stack size 8 bytes, sys_stackheap_outer.o(.text))
<BR><BR>[Stack]<UL><LI>Max Depth = 8 + Unknown Stack Size
<LI>Call Chain = __user_setup_stackheap
</UL>
<BR>[Calls]<UL><LI><a href="#[5d]">&gt;&gt;</a>&nbsp;&nbsp;&nbsp;__user_perproc_libspace
<LI><a href="#[5e]">&gt;&gt;</a>&nbsp;&nbsp;&nbsp;__user_initial_stackheap
</UL>
<BR>[Called By]<UL><LI><a href="#[52]">&gt;&gt;</a>&nbsp;&nbsp;&nbsp;__rt_entry_sh
</UL>

<P><STRONG><a name="[58]"></a>exit</STRONG> (Thumb, 18 bytes, Stack size 8 bytes, exit.o(.text))
<BR><BR>[Stack]<UL><LI>Max Depth = 8 + Unknown Stack Size
<LI>Call Chain = exit
</UL>
<BR>[Calls]<UL><LI><a href="#[5f]">&gt;&gt;</a>&nbsp;&nbsp;&nbsp;__rt_exit
</UL>
<BR>[Called By]<UL><LI><a href="#[56]">&gt;&gt;</a>&nbsp;&nbsp;&nbsp;__rt_entry_main
</UL>

<P><STRONG><a name="[5c]"></a>_sys_exit</STRONG> (Thumb, 8 bytes, Stack size 0 bytes, sys_exit.o(.text))
<BR><BR>[Called By]<UL><LI><a href="#[5b]">&gt;&gt;</a>&nbsp;&nbsp;&nbsp;__rt_exit_exit
</UL>

<P><STRONG><a name="[17]"></a>EXTI0_IRQHandler</STRONG> (Thumb, 82 bytes, Stack size 8 bytes, gpio.o(i.EXTI0_IRQHandler))
<BR><BR>[Stack]<UL><LI>Max Depth = 8<LI>Call Chain = EXTI0_IRQHandler
</UL>
<BR>[Calls]<UL><LI><a href="#[60]">&gt;&gt;</a>&nbsp;&nbsp;&nbsp;__NVIC_ClearPendingIRQ
</UL>
<BR>[Address Reference Count : 1]<UL><LI> startup_stm32f401xe.o(RESET)
</UL>
<P><STRONG><a name="[34]"></a>EXTI15_10_IRQHandler</STRONG> (Thumb, 82 bytes, Stack size 8 bytes, gpio.o(i.EXTI15_10_IRQHandler))
<BR><BR>[Stack]<UL><LI>Max Depth = 8<LI>Call Chain = EXTI15_10_IRQHandler
</UL>
<BR>[Calls]<UL><LI><a href="#[60]">&gt;&gt;</a>&nbsp;&nbsp;&nbsp;__NVIC_ClearPendingIRQ
</UL>
<BR>[Address Reference Count : 1]<UL><LI> startup_stm32f401xe.o(RESET)
</UL>
<P><STRONG><a name="[18]"></a>EXTI1_IRQHandler</STRONG> (Thumb, 82 bytes, Stack size 8 bytes, gpio.o(i.EXTI1_IRQHandler))
<BR><BR>[Stack]<UL><LI>Max Depth = 8<LI>Call Chain = EXTI1_IRQHandler
</UL>
<BR>[Calls]<UL><LI><a href="#[60]">&gt;&gt;</a>&nbsp;&nbsp;&nbsp;__NVIC_ClearPendingIRQ
</UL>
<BR>[Address Reference Count : 1]<UL><LI> startup_stm32f401xe.o(RESET)
</UL>
<P><STRONG><a name="[19]"></a>EXTI2_IRQHandler</STRONG> (Thumb, 82 bytes, Stack size 8 bytes, gpio.o(i.EXTI2_IRQHandler))
<BR><BR>[Stack]<UL><LI>Max Depth = 8<LI>Call Chain = EXTI2_IRQHandler
</UL>
<BR>[Calls]<UL><LI><a href="#[60]">&gt;&gt;</a>&nbsp;&nbsp;&nbsp;__NVIC_ClearPendingIRQ
</UL>
<BR>[Address Reference Count : 1]<UL><LI> startup_stm32f401xe.o(RESET)
</UL>
<P><STRONG><a name="[1a]"></a>EXTI3_IRQHandler</STRONG> (Thumb, 82 bytes, Stack size 8 bytes, gpio.o(i.EXTI3_IRQHandler))
<BR><BR>[Stack]<UL><LI>Max Depth = 8<LI>Call Chain = EXTI3_IRQHandler
</UL>
<BR>[Calls]<UL><LI><a href="#[60]">&gt;&gt;</a>&nbsp;&nbsp;&nbsp;__NVIC_ClearPendingIRQ
</UL>
<BR>[Address Reference Count : 1]<UL><LI> startup_stm32f401xe.o(RESET)
</UL>
<P><STRONG><a name="[1b]"></a>EXTI4_IRQHandler</STRONG> (Thumb, 82 bytes, Stack size 8 bytes, gpio.o(i.EXTI4_IRQHandler))
<BR><BR>[Stack]<UL><LI>Max Depth = 8<LI>Call Chain = EXTI4_IRQHandler
</UL>
<BR>[Calls]<UL><LI><a href="#[60]">&gt;&gt;</a>&nbsp;&nbsp;&nbsp;__NVIC_ClearPendingIRQ
</UL>
<BR>[Address Reference Count : 1]<UL><LI> startup_stm32f401xe.o(RESET)
</UL>
<P><STRONG><a name="[24]"></a>EXTI9_5_IRQHandler</STRONG> (Thumb, 82 bytes, Stack size 8 bytes, gpio.o(i.EXTI9_5_IRQHandler))
<BR><BR>[Stack]<UL><LI>Max Depth = 8<LI>Call Chain = EXTI9_5_IRQHandler
</UL>
<BR>[Calls]<UL><LI><a href="#[60]">&gt;&gt;</a>&nbsp;&nbsp;&nbsp;__NVIC_ClearPendingIRQ
</UL>
<BR>[Address Reference Count : 1]<UL><LI> startup_stm32f401xe.o(RESET)
</UL>
<P><STRONG><a name="[10]"></a>SysTick_Handler</STRONG> (Thumb, 10 bytes, Stack size 8 bytes, timer.o(i.SysTick_Handler))
<BR><BR>[Stack]<UL><LI>Max Depth = 8<LI>Call Chain = SysTick_Handler
</UL>
<BR>[Address Reference Count : 1]<UL><LI> startup_stm32f401xe.o(RESET)
</UL>
<P><STRONG><a name="[49]"></a>SystemInit</STRONG> (Thumb, 24 bytes, Stack size 0 bytes, system_stm32f4xx.o(i.SystemInit))
<BR>[Address Reference Count : 1]<UL><LI> startup_stm32f401xe.o(.text)
</UL>
<P><STRONG><a name="[33]"></a>USART2_IRQHandler</STRONG> (Thumb, 32 bytes, Stack size 8 bytes, uart.o(i.USART2_IRQHandler))
<BR><BR>[Stack]<UL><LI>Max Depth = 16<LI>Call Chain = USART2_IRQHandler &rArr; uart_rx
</UL>
<BR>[Calls]<UL><LI><a href="#[61]">&gt;&gt;</a>&nbsp;&nbsp;&nbsp;__NVIC_ClearPendingIRQ
<LI><a href="#[62]">&gt;&gt;</a>&nbsp;&nbsp;&nbsp;uart_rx
</UL>
<BR>[Address Reference Count : 1]<UL><LI> startup_stm32f401xe.o(RESET)
</UL>
<P><STRONG><a name="[6a]"></a>USART_GetFlagStatus</STRONG> (Thumb, 18 bytes, Stack size 0 bytes, stm32f4xx_usart.o(i.USART_GetFlagStatus))
<BR><BR>[Called By]<UL><LI><a href="#[62]">&gt;&gt;</a>&nbsp;&nbsp;&nbsp;uart_rx
</UL>

<P><STRONG><a name="[6b]"></a>USART_ReceiveData</STRONG> (Thumb, 10 bytes, Stack size 0 bytes, stm32f4xx_usart.o(i.USART_ReceiveData))
<BR><BR>[Called By]<UL><LI><a href="#[62]">&gt;&gt;</a>&nbsp;&nbsp;&nbsp;uart_rx
</UL>

<P><STRONG><a name="[57]"></a>main</STRONG> (Thumb, 38 bytes, Stack size 0 bytes, main.o(i.main))
<BR><BR>[Stack]<UL><LI>Max Depth = 36<LI>Call Chain = main &rArr; test_call &rArr; test_for &rArr; test_mult
</UL>
<BR>[Calls]<UL><LI><a href="#[63]">&gt;&gt;</a>&nbsp;&nbsp;&nbsp;test_static_auto_local_variables
<LI><a href="#[66]">&gt;&gt;</a>&nbsp;&nbsp;&nbsp;test_set_arrays
<LI><a href="#[65]">&gt;&gt;</a>&nbsp;&nbsp;&nbsp;test_get_arrays
<LI><a href="#[64]">&gt;&gt;</a>&nbsp;&nbsp;&nbsp;test_control_structures
<LI><a href="#[67]">&gt;&gt;</a>&nbsp;&nbsp;&nbsp;test_call
</UL>
<BR>[Called By]<UL><LI><a href="#[56]">&gt;&gt;</a>&nbsp;&nbsp;&nbsp;__rt_entry_main
</UL>

<P><STRONG><a name="[67]"></a>test_call</STRONG> (Thumb, 20 bytes, Stack size 12 bytes, test.o(i.test_call))
<BR><BR>[Stack]<UL><LI>Max Depth = 36<LI>Call Chain = test_call &rArr; test_for &rArr; test_mult
</UL>
<BR>[Calls]<UL><LI><a href="#[68]">&gt;&gt;</a>&nbsp;&nbsp;&nbsp;test_for
</UL>
<BR>[Called By]<UL><LI><a href="#[57]">&gt;&gt;</a>&nbsp;&nbsp;&nbsp;main
</UL>

<P><STRONG><a name="[64]"></a>test_control_structures</STRONG> (Thumb, 78 bytes, Stack size 8 bytes, test.o(i.test_control_structures))
<BR><BR>[Stack]<UL><LI>Max Depth = 8<LI>Call Chain = test_control_structures
</UL>
<BR>[Called By]<UL><LI><a href="#[57]">&gt;&gt;</a>&nbsp;&nbsp;&nbsp;main
</UL>

<P><STRONG><a name="[68]"></a>test_for</STRONG> (Thumb, 46 bytes, Stack size 16 bytes, test.o(i.test_for))
<BR><BR>[Stack]<UL><LI>Max Depth = 24<LI>Call Chain = test_for &rArr; test_mult
</UL>
<BR>[Calls]<UL><LI><a href="#[69]">&gt;&gt;</a>&nbsp;&nbsp;&nbsp;test_mult
</UL>
<BR>[Called By]<UL><LI><a href="#[67]">&gt;&gt;</a>&nbsp;&nbsp;&nbsp;test_call
</UL>

<P><STRONG><a name="[65]"></a>test_get_arrays</STRONG> (Thumb, 40 bytes, Stack size 8 bytes, test.o(i.test_get_arrays))
<BR><BR>[Stack]<UL><LI>Max Depth = 8<LI>Call Chain = test_get_arrays
</UL>
<BR>[Called By]<UL><LI><a href="#[57]">&gt;&gt;</a>&nbsp;&nbsp;&nbsp;main
</UL>

<P><STRONG><a name="[69]"></a>test_mult</STRONG> (Thumb, 14 bytes, Stack size 8 bytes, test.o(i.test_mult))
<BR><BR>[Stack]<UL><LI>Max Depth = 8<LI>Call Chain = test_mult
</UL>
<BR>[Called By]<UL><LI><a href="#[68]">&gt;&gt;</a>&nbsp;&nbsp;&nbsp;test_for
</UL>

<P><STRONG><a name="[66]"></a>test_set_arrays</STRONG> (Thumb, 22 bytes, Stack size 32 bytes, test.o(i.test_set_arrays))
<BR><BR>[Stack]<UL><LI>Max Depth = 32<LI>Call Chain = test_set_arrays
</UL>
<BR>[Called By]<UL><LI><a href="#[57]">&gt;&gt;</a>&nbsp;&nbsp;&nbsp;main
</UL>

<P><STRONG><a name="[63]"></a>test_static_auto_local_variables</STRONG> (Thumb, 76 bytes, Stack size 20 bytes, test.o(i.test_static_auto_local_variables))
<BR><BR>[Stack]<UL><LI>Max Depth = 20<LI>Call Chain = test_static_auto_local_variables
</UL>
<BR>[Called By]<UL><LI><a href="#[57]">&gt;&gt;</a>&nbsp;&nbsp;&nbsp;main
</UL>

<P><STRONG><a name="[62]"></a>uart_rx</STRONG> (Thumb, 28 bytes, Stack size 8 bytes, uart.o(i.uart_rx))
<BR><BR>[Stack]<UL><LI>Max Depth = 8<LI>Call Chain = uart_rx
</UL>
<BR>[Calls]<UL><LI><a href="#[6b]">&gt;&gt;</a>&nbsp;&nbsp;&nbsp;USART_ReceiveData
<LI><a href="#[6a]">&gt;&gt;</a>&nbsp;&nbsp;&nbsp;USART_GetFlagStatus
</UL>
<BR>[Called By]<UL><LI><a href="#[33]">&gt;&gt;</a>&nbsp;&nbsp;&nbsp;USART2_IRQHandler
</UL>

<P><STRONG><a name="[51]"></a>_fp_init</STRONG> (Thumb, 10 bytes, Stack size 0 bytes, fpinit.o(x$fpl$fpinit))
<BR><BR>[Called By]<UL><LI><a href="#[50]">&gt;&gt;</a>&nbsp;&nbsp;&nbsp;__rt_lib_init_fp_1
</UL>

<P><STRONG><a name="[95]"></a>__fplib_config_fpu_vfp</STRONG> (Thumb, 0 bytes, Stack size unknown bytes, fpinit.o(x$fpl$fpinit), UNUSED)

<P><STRONG><a name="[96]"></a>__fplib_config_pureend_doubles</STRONG> (Thumb, 0 bytes, Stack size unknown bytes, fpinit.o(x$fpl$fpinit), UNUSED)
<P>
<H3>
Local Symbols
</H3>
<P><STRONG><a name="[60]"></a>__NVIC_ClearPendingIRQ</STRONG> (Thumb, 22 bytes, Stack size 0 bytes, gpio.o(i.__NVIC_ClearPendingIRQ))
<BR><BR>[Called By]<UL><LI><a href="#[24]">&gt;&gt;</a>&nbsp;&nbsp;&nbsp;EXTI9_5_IRQHandler
<LI><a href="#[1b]">&gt;&gt;</a>&nbsp;&nbsp;&nbsp;EXTI4_IRQHandler
<LI><a href="#[1a]">&gt;&gt;</a>&nbsp;&nbsp;&nbsp;EXTI3_IRQHandler
<LI><a href="#[19]">&gt;&gt;</a>&nbsp;&nbsp;&nbsp;EXTI2_IRQHandler
<LI><a href="#[18]">&gt;&gt;</a>&nbsp;&nbsp;&nbsp;EXTI1_IRQHandler
<LI><a href="#[34]">&gt;&gt;</a>&nbsp;&nbsp;&nbsp;EXTI15_10_IRQHandler
<LI><a href="#[17]">&gt;&gt;</a>&nbsp;&nbsp;&nbsp;EXTI0_IRQHandler
</UL>

<P><STRONG><a name="[61]"></a>__NVIC_ClearPendingIRQ</STRONG> (Thumb, 22 bytes, Stack size 0 bytes, uart.o(i.__NVIC_ClearPendingIRQ))
<BR><BR>[Called By]<UL><LI><a href="#[33]">&gt;&gt;</a>&nbsp;&nbsp;&nbsp;USART2_IRQHandler
</UL>
<P>
<H3>
Undefined Global Symbols
</H3><HR></body></html>
